xcodegen generate
⚙️  Generating plists...
⚙️  Generating project...
⚙️  Writing project...
Created project at /Users/zimengx/Code/MacOS_Utilities/Modelr/v3/ModelrV3.xcodeproj
xcodebuild -project ModelrV3.xcodeproj -scheme ModelrV3 -configuration Debug -derivedDataPath build build
Command line invocation:
    /Applications/Xcode-26.2.0.app/Contents/Developer/usr/bin/xcodebuild -project ModelrV3.xcodeproj -scheme ModelrV3 -configuration Debug -derivedDataPath build build

2026-01-04 19:28:24.523 xcodebuild[95862:10464844] [MT] IDERunDestination: Supported platforms for the buildables in the current scheme is empty.
--- xcodebuild: WARNING: Using the first of multiple matching destinations:
{ platform:macOS, arch:arm64, id:00006041-000448303EF9801C, name:My Mac }
{ platform:macOS, arch:x86_64, id:00006041-000448303EF9801C, name:My Mac }
{ platform:macOS, name:Any Mac }
ComputePackagePrebuildTargetDependencyGraph

Prepare packages

CreateBuildRequest

SendProjectDescription

CreateBuildOperation

ComputeTargetDependencyGraph
note: Building targets in dependency order
note: Target dependency graph (1 target)
    Target 'ModelrV3' in project 'ModelrV3' (no dependencies)

GatherProvisioningInputs

CreateBuildDescription

ClangStatCache /Applications/Xcode-26.2.0.app/Contents/Developer/Toolchains/XcodeDefault.xctoolchain/usr/bin/clang-stat-cache /Applications/Xcode-26.2.0.app/Contents/Developer/Platforms/MacOSX.platform/Developer/SDKs/MacOSX26.2.sdk /Users/zimengx/Code/MacOS_Utilities/Modelr/v3/build/SDKStatCaches.noindex/macosx26.2-25C57-8e261bc56bcf93cdf4ad792911627a89.sdkstatcache
    cd /Users/zimengx/Code/MacOS_Utilities/Modelr/v3/ModelrV3.xcodeproj
    /Applications/Xcode-26.2.0.app/Contents/Developer/Toolchains/XcodeDefault.xctoolchain/usr/bin/clang-stat-cache /Applications/Xcode-26.2.0.app/Contents/Developer/Platforms/MacOSX.platform/Developer/SDKs/MacOSX26.2.sdk -o /Users/zimengx/Code/MacOS_Utilities/Modelr/v3/build/SDKStatCaches.noindex/macosx26.2-25C57-8e261bc56bcf93cdf4ad792911627a89.sdkstatcache

ProcessProductPackaging "" /Users/zimengx/Code/MacOS_Utilities/Modelr/v3/build/Build/Intermediates.noindex/ModelrV3.build/Debug/ModelrV3.build/ModelrV3.app.xcent (in target 'ModelrV3' from project 'ModelrV3')
    cd /Users/zimengx/Code/MacOS_Utilities/Modelr/v3
    
    Entitlements:
    
    {
    "com.apple.security.get-task-allow" = 1;
}
    
    builtin-productPackagingUtility -entitlements -format xml -o /Users/zimengx/Code/MacOS_Utilities/Modelr/v3/build/Build/Intermediates.noindex/ModelrV3.build/Debug/ModelrV3.build/ModelrV3.app.xcent

ProcessProductPackagingDER /Users/zimengx/Code/MacOS_Utilities/Modelr/v3/build/Build/Intermediates.noindex/ModelrV3.build/Debug/ModelrV3.build/ModelrV3.app.xcent /Users/zimengx/Code/MacOS_Utilities/Modelr/v3/build/Build/Intermediates.noindex/ModelrV3.build/Debug/ModelrV3.build/ModelrV3.app.xcent.der (in target 'ModelrV3' from project 'ModelrV3')
    cd /Users/zimengx/Code/MacOS_Utilities/Modelr/v3
    /usr/bin/derq query -f xml -i /Users/zimengx/Code/MacOS_Utilities/Modelr/v3/build/Build/Intermediates.noindex/ModelrV3.build/Debug/ModelrV3.build/ModelrV3.app.xcent -o /Users/zimengx/Code/MacOS_Utilities/Modelr/v3/build/Build/Intermediates.noindex/ModelrV3.build/Debug/ModelrV3.build/ModelrV3.app.xcent.der --raw

SwiftDriver ModelrV3 normal arm64 com.apple.xcode.tools.swift.compiler (in target 'ModelrV3' from project 'ModelrV3')
    cd /Users/zimengx/Code/MacOS_Utilities/Modelr/v3
    builtin-SwiftDriver -- /Applications/Xcode-26.2.0.app/Contents/Developer/Toolchains/XcodeDefault.xctoolchain/usr/bin/swiftc -module-name ModelrV3 -Onone -enforce-exclusivity\=checked @/Users/zimengx/Code/MacOS_Utilities/Modelr/v3/build/Build/Intermediates.noindex/ModelrV3.build/Debug/ModelrV3.build/Objects-normal/arm64/ModelrV3.SwiftFileList -DDEBUG -enable-bare-slash-regex -enable-experimental-feature DebugDescriptionMacro -sdk /Applications/Xcode-26.2.0.app/Contents/Developer/Platforms/MacOSX.platform/Developer/SDKs/MacOSX26.2.sdk -target arm64-apple-macos14.0 -g -module-cache-path /Users/zimengx/Code/MacOS_Utilities/Modelr/v3/build/ModuleCache.noindex -Xfrontend -serialize-debugging-options -profile-coverage-mapping -profile-generate -enable-testing -index-store-path /Users/zimengx/Code/MacOS_Utilities/Modelr/v3/build/Index.noindex/DataStore -Xcc -D_LIBCPP_HARDENING_MODE\=_LIBCPP_HARDENING_MODE_DEBUG -swift-version 5 -I /Users/zimengx/Code/MacOS_Utilities/Modelr/v3/build/Build/Products/Debug -F /Users/zimengx/Code/MacOS_Utilities/Modelr/v3/build/Build/Products/Debug -c -j16 -enable-batch-mode -incremental -Xcc -ivfsstatcache -Xcc /Users/zimengx/Code/MacOS_Utilities/Modelr/v3/build/SDKStatCaches.noindex/macosx26.2-25C57-8e261bc56bcf93cdf4ad792911627a89.sdkstatcache -output-file-map /Users/zimengx/Code/MacOS_Utilities/Modelr/v3/build/Build/Intermediates.noindex/ModelrV3.build/Debug/ModelrV3.build/Objects-normal/arm64/ModelrV3-OutputFileMap.json -use-frontend-parseable-output -save-temps -no-color-diagnostics -explicit-module-build -module-cache-path /Users/zimengx/Code/MacOS_Utilities/Modelr/v3/build/Build/Intermediates.noindex/SwiftExplicitPrecompiledModules -clang-scanner-module-cache-path /Users/zimengx/Code/MacOS_Utilities/Modelr/v3/build/ModuleCache.noindex -sdk-module-cache-path /Users/zimengx/Code/MacOS_Utilities/Modelr/v3/build/ModuleCache.noindex -serialize-diagnostics -emit-dependencies -emit-module -emit-module-path /Users/zimengx/Code/MacOS_Utilities/Modelr/v3/build/Build/Intermediates.noindex/ModelrV3.build/Debug/ModelrV3.build/Objects-normal/arm64/ModelrV3.swiftmodule -validate-clang-modules-once -clang-build-session-file /Users/zimengx/Code/MacOS_Utilities/Modelr/v3/build/ModuleCache.noindex/Session.modulevalidation -Xcc -I/Users/zimengx/Code/MacOS_Utilities/Modelr/v3/build/Build/Intermediates.noindex/ModelrV3.build/Debug/ModelrV3.build/swift-overrides.hmap -emit-const-values -Xfrontend -const-gather-protocols-file -Xfrontend /Users/zimengx/Code/MacOS_Utilities/Modelr/v3/build/Build/Intermediates.noindex/ModelrV3.build/Debug/ModelrV3.build/Objects-normal/arm64/ModelrV3_const_extract_protocols.json -Xcc -iquote -Xcc /Users/zimengx/Code/MacOS_Utilities/Modelr/v3/build/Build/Intermediates.noindex/ModelrV3.build/Debug/ModelrV3.build/ModelrV3-generated-files.hmap -Xcc -I/Users/zimengx/Code/MacOS_Utilities/Modelr/v3/build/Build/Intermediates.noindex/ModelrV3.build/Debug/ModelrV3.build/ModelrV3-own-target-headers.hmap -Xcc -I/Users/zimengx/Code/MacOS_Utilities/Modelr/v3/build/Build/Intermediates.noindex/ModelrV3.build/Debug/ModelrV3.build/ModelrV3-all-target-headers.hmap -Xcc -iquote -Xcc /Users/zimengx/Code/MacOS_Utilities/Modelr/v3/build/Build/Intermediates.noindex/ModelrV3.build/Debug/ModelrV3.build/ModelrV3-project-headers.hmap -Xcc -I/Users/zimengx/Code/MacOS_Utilities/Modelr/v3/build/Build/Products/Debug/include -Xcc -I/Users/zimengx/Code/MacOS_Utilities/Modelr/v3/build/Build/Intermediates.noindex/ModelrV3.build/Debug/ModelrV3.build/DerivedSources-normal/arm64 -Xcc -I/Users/zimengx/Code/MacOS_Utilities/Modelr/v3/build/Build/Intermediates.noindex/ModelrV3.build/Debug/ModelrV3.build/DerivedSources/arm64 -Xcc -I/Users/zimengx/Code/MacOS_Utilities/Modelr/v3/build/Build/Intermediates.noindex/ModelrV3.build/Debug/ModelrV3.build/DerivedSources -Xcc -DDEBUG\=1 -emit-objc-header -emit-objc-header-path /Users/zimengx/Code/MacOS_Utilities/Modelr/v3/build/Build/Intermediates.noindex/ModelrV3.build/Debug/ModelrV3.build/Objects-normal/arm64/ModelrV3-Swift.h -working-directory /Users/zimengx/Code/MacOS_Utilities/Modelr/v3 -experimental-emit-module-separately -disable-cmo
/Users/zimengx/Code/MacOS_Utilities/Modelr/v3/ModelrV3/Core/Services/Python/PythonDependencyService.swift:161:14: error: consecutive statements on a line must be separated by ';'
            ]        for file in criticalFiles {
             ^
             ;
/Users/zimengx/Code/MacOS_Utilities/Modelr/v3/ModelrV3/Core/Services/Python/PythonDependencyService.swift:204:13: error: expected expression
            ]
            ^
/Users/zimengx/Code/MacOS_Utilities/Modelr/v3/ModelrV3/Core/Services/Python/PythonDependencyService.swift:161:14: error: Consecutive statements on a line must be separated by ';'
            ]        for file in criticalFiles {
             ^
             ; (in target 'ModelrV3' from project 'ModelrV3')
/Users/zimengx/Code/MacOS_Utilities/Modelr/v3/ModelrV3/Core/Services/Python/PythonDependencyService.swift:204:13: error: Expected expression
            ]
            ^ (in target 'ModelrV3' from project 'ModelrV3')

note: Disabling hardened runtime with ad-hoc codesigning. (in target 'ModelrV3' from project 'ModelrV3')
** BUILD FAILED **


The following build commands failed:
	SwiftDriver ModelrV3 normal arm64 com.apple.xcode.tools.swift.compiler (in target 'ModelrV3' from project 'ModelrV3')
	Building project ModelrV3 with scheme ModelrV3 and configuration Debug
(2 failures)
make: *** [build] Error 65
