xcodegen generate
⚙️  Generating plists...
⚙️  Generating project...
⚙️  Writing project...
Created project at /Users/zimengx/Code/MacOS_Utilities/Modelr/v3/ModelrV3.xcodeproj
xcodebuild -project ModelrV3.xcodeproj -scheme ModelrV3 -configuration Debug -derivedDataPath build build
Command line invocation:
    /Applications/Xcode-26.2.0.app/Contents/Developer/usr/bin/xcodebuild -project ModelrV3.xcodeproj -scheme ModelrV3 -configuration Debug -derivedDataPath build build

2026-01-04 18:19:44.782 xcodebuild[68493:10279734] [MT] IDERunDestination: Supported platforms for the buildables in the current scheme is empty.
--- xcodebuild: WARNING: Using the first of multiple matching destinations:
{ platform:macOS, arch:arm64, id:00006041-000448303EF9801C, name:My Mac }
{ platform:macOS, arch:x86_64, id:00006041-000448303EF9801C, name:My Mac }
{ platform:macOS, name:Any Mac }
ComputePackagePrebuildTargetDependencyGraph

Prepare packages

CreateBuildRequest

SendProjectDescription

CreateBuildOperation

ComputeTargetDependencyGraph
note: Building targets in dependency order
note: Target dependency graph (1 target)
    Target 'ModelrV3' in project 'ModelrV3' (no dependencies)

GatherProvisioningInputs

CreateBuildDescription

ExecuteExternalTool /Applications/Xcode-26.2.0.app/Contents/Developer/Toolchains/XcodeDefault.xctoolchain/usr/bin/clang -v -E -dM -isysroot /Applications/Xcode-26.2.0.app/Contents/Developer/Platforms/MacOSX.platform/Developer/SDKs/MacOSX26.2.sdk -x c -c /dev/null

ExecuteExternalTool /Applications/Xcode-26.2.0.app/Contents/Developer/Toolchains/XcodeDefault.xctoolchain/usr/bin/swiftc --version

ExecuteExternalTool /Applications/Xcode-26.2.0.app/Contents/Developer/Toolchains/XcodeDefault.xctoolchain/usr/bin/ld -version_details

Build description signature: f4ec9d942a3c500f48fe3c11fe9dccc5
Build description path: /Users/zimengx/Code/MacOS_Utilities/Modelr/v3/build/Build/Intermediates.noindex/XCBuildData/f4ec9d942a3c500f48fe3c11fe9dccc5.xcbuilddata
ClangStatCache /Applications/Xcode-26.2.0.app/Contents/Developer/Toolchains/XcodeDefault.xctoolchain/usr/bin/clang-stat-cache /Applications/Xcode-26.2.0.app/Contents/Developer/Platforms/MacOSX.platform/Developer/SDKs/MacOSX26.2.sdk /Users/zimengx/Code/MacOS_Utilities/Modelr/v3/build/SDKStatCaches.noindex/macosx26.2-25C57-8e261bc56bcf93cdf4ad792911627a89.sdkstatcache
    cd /Users/zimengx/Code/MacOS_Utilities/Modelr/v3/ModelrV3.xcodeproj
    /Applications/Xcode-26.2.0.app/Contents/Developer/Toolchains/XcodeDefault.xctoolchain/usr/bin/clang-stat-cache /Applications/Xcode-26.2.0.app/Contents/Developer/Platforms/MacOSX.platform/Developer/SDKs/MacOSX26.2.sdk -o /Users/zimengx/Code/MacOS_Utilities/Modelr/v3/build/SDKStatCaches.noindex/macosx26.2-25C57-8e261bc56bcf93cdf4ad792911627a89.sdkstatcache

CreateBuildDirectory /Users/zimengx/Code/MacOS_Utilities/Modelr/v3/build/Build/Products
    cd /Users/zimengx/Code/MacOS_Utilities/Modelr/v3/ModelrV3.xcodeproj
    builtin-create-build-directory /Users/zimengx/Code/MacOS_Utilities/Modelr/v3/build/Build/Products

CreateBuildDirectory /Users/zimengx/Code/MacOS_Utilities/Modelr/v3/build/Build/Intermediates.noindex
    cd /Users/zimengx/Code/MacOS_Utilities/Modelr/v3/ModelrV3.xcodeproj
    builtin-create-build-directory /Users/zimengx/Code/MacOS_Utilities/Modelr/v3/build/Build/Intermediates.noindex

CreateBuildDirectory /Users/zimengx/Code/MacOS_Utilities/Modelr/v3/build/Build/Intermediates.noindex/ExplicitPrecompiledModules
    cd /Users/zimengx/Code/MacOS_Utilities/Modelr/v3/ModelrV3.xcodeproj
    builtin-create-build-directory /Users/zimengx/Code/MacOS_Utilities/Modelr/v3/build/Build/Intermediates.noindex/ExplicitPrecompiledModules

CreateBuildDirectory /Users/zimengx/Code/MacOS_Utilities/Modelr/v3/build/Build/Intermediates.noindex/SwiftExplicitPrecompiledModules
    cd /Users/zimengx/Code/MacOS_Utilities/Modelr/v3/ModelrV3.xcodeproj
    builtin-create-build-directory /Users/zimengx/Code/MacOS_Utilities/Modelr/v3/build/Build/Intermediates.noindex/SwiftExplicitPrecompiledModules

CreateBuildDirectory /Users/zimengx/Code/MacOS_Utilities/Modelr/v3/build/Build/Products/Debug
    cd /Users/zimengx/Code/MacOS_Utilities/Modelr/v3/ModelrV3.xcodeproj
    builtin-create-build-directory /Users/zimengx/Code/MacOS_Utilities/Modelr/v3/build/Build/Products/Debug

CreateBuildDirectory /Users/zimengx/Code/MacOS_Utilities/Modelr/v3/build/Build/Intermediates.noindex/EagerLinkingTBDs/Debug
    cd /Users/zimengx/Code/MacOS_Utilities/Modelr/v3/ModelrV3.xcodeproj
    builtin-create-build-directory /Users/zimengx/Code/MacOS_Utilities/Modelr/v3/build/Build/Intermediates.noindex/EagerLinkingTBDs/Debug

WriteAuxiliaryFile /Users/zimengx/Code/MacOS_Utilities/Modelr/v3/build/Build/Intermediates.noindex/ModelrV3.build/Debug/ModelrV3-3869249abaab245a029453f4f870bdca-VFS/all-product-headers.yaml
    cd /Users/zimengx/Code/MacOS_Utilities/Modelr/v3/ModelrV3.xcodeproj
    write-file /Users/zimengx/Code/MacOS_Utilities/Modelr/v3/build/Build/Intermediates.noindex/ModelrV3.build/Debug/ModelrV3-3869249abaab245a029453f4f870bdca-VFS/all-product-headers.yaml

WriteAuxiliaryFile /Users/zimengx/Code/MacOS_Utilities/Modelr/v3/build/Build/Intermediates.noindex/ModelrV3.build/Debug/ModelrV3.build/ModelrV3.hmap (in target 'ModelrV3' from project 'ModelrV3')
    cd /Users/zimengx/Code/MacOS_Utilities/Modelr/v3
    write-file /Users/zimengx/Code/MacOS_Utilities/Modelr/v3/build/Build/Intermediates.noindex/ModelrV3.build/Debug/ModelrV3.build/ModelrV3.hmap

WriteAuxiliaryFile /Users/zimengx/Code/MacOS_Utilities/Modelr/v3/build/Build/Intermediates.noindex/ModelrV3.build/Debug/ModelrV3.build/empty-ModelrV3.plist (in target 'ModelrV3' from project 'ModelrV3')
    cd /Users/zimengx/Code/MacOS_Utilities/Modelr/v3
    write-file /Users/zimengx/Code/MacOS_Utilities/Modelr/v3/build/Build/Intermediates.noindex/ModelrV3.build/Debug/ModelrV3.build/empty-ModelrV3.plist

WriteAuxiliaryFile /Users/zimengx/Code/MacOS_Utilities/Modelr/v3/build/Build/Intermediates.noindex/ModelrV3.build/Debug/ModelrV3.build/ModelrV3-project-headers.hmap (in target 'ModelrV3' from project 'ModelrV3')
    cd /Users/zimengx/Code/MacOS_Utilities/Modelr/v3
    write-file /Users/zimengx/Code/MacOS_Utilities/Modelr/v3/build/Build/Intermediates.noindex/ModelrV3.build/Debug/ModelrV3.build/ModelrV3-project-headers.hmap

WriteAuxiliaryFile /Users/zimengx/Code/MacOS_Utilities/Modelr/v3/build/Build/Intermediates.noindex/ModelrV3.build/Debug/ModelrV3.build/ModelrV3-generated-files.hmap (in target 'ModelrV3' from project 'ModelrV3')
    cd /Users/zimengx/Code/MacOS_Utilities/Modelr/v3
    write-file /Users/zimengx/Code/MacOS_Utilities/Modelr/v3/build/Build/Intermediates.noindex/ModelrV3.build/Debug/ModelrV3.build/ModelrV3-generated-files.hmap

WriteAuxiliaryFile /Users/zimengx/Code/MacOS_Utilities/Modelr/v3/build/Build/Intermediates.noindex/ModelrV3.build/Debug/ModelrV3.build/ModelrV3-own-target-headers.hmap (in target 'ModelrV3' from project 'ModelrV3')
    cd /Users/zimengx/Code/MacOS_Utilities/Modelr/v3
    write-file /Users/zimengx/Code/MacOS_Utilities/Modelr/v3/build/Build/Intermediates.noindex/ModelrV3.build/Debug/ModelrV3.build/ModelrV3-own-target-headers.hmap

WriteAuxiliaryFile /Users/zimengx/Code/MacOS_Utilities/Modelr/v3/build/Build/Intermediates.noindex/ModelrV3.build/Debug/ModelrV3.build/ModelrV3-all-target-headers.hmap (in target 'ModelrV3' from project 'ModelrV3')
    cd /Users/zimengx/Code/MacOS_Utilities/Modelr/v3
    write-file /Users/zimengx/Code/MacOS_Utilities/Modelr/v3/build/Build/Intermediates.noindex/ModelrV3.build/Debug/ModelrV3.build/ModelrV3-all-target-headers.hmap

WriteAuxiliaryFile /Users/zimengx/Code/MacOS_Utilities/Modelr/v3/build/Build/Intermediates.noindex/ModelrV3.build/Debug/ModelrV3.build/ModelrV3.DependencyStaticMetadataFileList (in target 'ModelrV3' from project 'ModelrV3')
    cd /Users/zimengx/Code/MacOS_Utilities/Modelr/v3
    write-file /Users/zimengx/Code/MacOS_Utilities/Modelr/v3/build/Build/Intermediates.noindex/ModelrV3.build/Debug/ModelrV3.build/ModelrV3.DependencyStaticMetadataFileList

WriteAuxiliaryFile /Users/zimengx/Code/MacOS_Utilities/Modelr/v3/build/Build/Intermediates.noindex/ModelrV3.build/Debug/ModelrV3.build/ModelrV3-all-non-framework-target-headers.hmap (in target 'ModelrV3' from project 'ModelrV3')
    cd /Users/zimengx/Code/MacOS_Utilities/Modelr/v3
    write-file /Users/zimengx/Code/MacOS_Utilities/Modelr/v3/build/Build/Intermediates.noindex/ModelrV3.build/Debug/ModelrV3.build/ModelrV3-all-non-framework-target-headers.hmap

WriteAuxiliaryFile /Users/zimengx/Code/MacOS_Utilities/Modelr/v3/build/Build/Intermediates.noindex/ModelrV3.build/Debug/ModelrV3.build/Objects-normal/arm64/ModelrV3-OutputFileMap.json (in target 'ModelrV3' from project 'ModelrV3')
    cd /Users/zimengx/Code/MacOS_Utilities/Modelr/v3
    write-file /Users/zimengx/Code/MacOS_Utilities/Modelr/v3/build/Build/Intermediates.noindex/ModelrV3.build/Debug/ModelrV3.build/Objects-normal/arm64/ModelrV3-OutputFileMap.json

WriteAuxiliaryFile /Users/zimengx/Code/MacOS_Utilities/Modelr/v3/build/Build/Intermediates.noindex/ModelrV3.build/Debug/ModelrV3.build/ModelrV3-DebugDylibPath-normal-arm64.txt (in target 'ModelrV3' from project 'ModelrV3')
    cd /Users/zimengx/Code/MacOS_Utilities/Modelr/v3
    write-file /Users/zimengx/Code/MacOS_Utilities/Modelr/v3/build/Build/Intermediates.noindex/ModelrV3.build/Debug/ModelrV3.build/ModelrV3-DebugDylibPath-normal-arm64.txt

WriteAuxiliaryFile /Users/zimengx/Code/MacOS_Utilities/Modelr/v3/build/Build/Intermediates.noindex/ModelrV3.build/Debug/ModelrV3.build/Objects-normal/arm64/ModelrV3.SwiftConstValuesFileList (in target 'ModelrV3' from project 'ModelrV3')
    cd /Users/zimengx/Code/MacOS_Utilities/Modelr/v3
    write-file /Users/zimengx/Code/MacOS_Utilities/Modelr/v3/build/Build/Intermediates.noindex/ModelrV3.build/Debug/ModelrV3.build/Objects-normal/arm64/ModelrV3.SwiftConstValuesFileList

WriteAuxiliaryFile /Users/zimengx/Code/MacOS_Utilities/Modelr/v3/build/Build/Intermediates.noindex/ModelrV3.build/Debug/ModelrV3.build/Objects-normal/arm64/ModelrV3.LinkFileList (in target 'ModelrV3' from project 'ModelrV3')
    cd /Users/zimengx/Code/MacOS_Utilities/Modelr/v3
    write-file /Users/zimengx/Code/MacOS_Utilities/Modelr/v3/build/Build/Intermediates.noindex/ModelrV3.build/Debug/ModelrV3.build/Objects-normal/arm64/ModelrV3.LinkFileList

WriteAuxiliaryFile /Users/zimengx/Code/MacOS_Utilities/Modelr/v3/build/Build/Intermediates.noindex/ModelrV3.build/Debug/ModelrV3.build/Objects-normal/arm64/ModelrV3_const_extract_protocols.json (in target 'ModelrV3' from project 'ModelrV3')
    cd /Users/zimengx/Code/MacOS_Utilities/Modelr/v3
    write-file /Users/zimengx/Code/MacOS_Utilities/Modelr/v3/build/Build/Intermediates.noindex/ModelrV3.build/Debug/ModelrV3.build/Objects-normal/arm64/ModelrV3_const_extract_protocols.json

WriteAuxiliaryFile /Users/zimengx/Code/MacOS_Utilities/Modelr/v3/build/Build/Intermediates.noindex/ModelrV3.build/Debug/ModelrV3.build/Objects-normal/arm64/ModelrV3.SwiftFileList (in target 'ModelrV3' from project 'ModelrV3')
    cd /Users/zimengx/Code/MacOS_Utilities/Modelr/v3
    write-file /Users/zimengx/Code/MacOS_Utilities/Modelr/v3/build/Build/Intermediates.noindex/ModelrV3.build/Debug/ModelrV3.build/Objects-normal/arm64/ModelrV3.SwiftFileList

WriteAuxiliaryFile /Users/zimengx/Code/MacOS_Utilities/Modelr/v3/build/Build/Intermediates.noindex/ModelrV3.build/Debug/ModelrV3.build/ModelrV3.DependencyMetadataFileList (in target 'ModelrV3' from project 'ModelrV3')
    cd /Users/zimengx/Code/MacOS_Utilities/Modelr/v3
    write-file /Users/zimengx/Code/MacOS_Utilities/Modelr/v3/build/Build/Intermediates.noindex/ModelrV3.build/Debug/ModelrV3.build/ModelrV3.DependencyMetadataFileList

WriteAuxiliaryFile /Users/zimengx/Code/MacOS_Utilities/Modelr/v3/build/Build/Intermediates.noindex/ModelrV3.build/Debug/ModelrV3.build/ModelrV3-DebugDylibInstallName-normal-arm64.txt (in target 'ModelrV3' from project 'ModelrV3')
    cd /Users/zimengx/Code/MacOS_Utilities/Modelr/v3
    write-file /Users/zimengx/Code/MacOS_Utilities/Modelr/v3/build/Build/Intermediates.noindex/ModelrV3.build/Debug/ModelrV3.build/ModelrV3-DebugDylibInstallName-normal-arm64.txt

MkDir /Users/zimengx/Code/MacOS_Utilities/Modelr/v3/build/Build/Products/Debug/ModelrV3.app (in target 'ModelrV3' from project 'ModelrV3')
    cd /Users/zimengx/Code/MacOS_Utilities/Modelr/v3
    /bin/mkdir -p /Users/zimengx/Code/MacOS_Utilities/Modelr/v3/build/Build/Products/Debug/ModelrV3.app

WriteAuxiliaryFile /Users/zimengx/Code/MacOS_Utilities/Modelr/v3/build/Build/Intermediates.noindex/ModelrV3.build/Debug/ModelrV3.build/DerivedSources/Entitlements.plist (in target 'ModelrV3' from project 'ModelrV3')
    cd /Users/zimengx/Code/MacOS_Utilities/Modelr/v3
    write-file /Users/zimengx/Code/MacOS_Utilities/Modelr/v3/build/Build/Intermediates.noindex/ModelrV3.build/Debug/ModelrV3.build/DerivedSources/Entitlements.plist

MkDir /Users/zimengx/Code/MacOS_Utilities/Modelr/v3/build/Build/Products/Debug/ModelrV3.app/Contents (in target 'ModelrV3' from project 'ModelrV3')
    cd /Users/zimengx/Code/MacOS_Utilities/Modelr/v3
    /bin/mkdir -p /Users/zimengx/Code/MacOS_Utilities/Modelr/v3/build/Build/Products/Debug/ModelrV3.app/Contents

MkDir /Users/zimengx/Code/MacOS_Utilities/Modelr/v3/build/Build/Products/Debug/ModelrV3.app/Contents/MacOS (in target 'ModelrV3' from project 'ModelrV3')
    cd /Users/zimengx/Code/MacOS_Utilities/Modelr/v3
    /bin/mkdir -p /Users/zimengx/Code/MacOS_Utilities/Modelr/v3/build/Build/Products/Debug/ModelrV3.app/Contents/MacOS

MkDir /Users/zimengx/Code/MacOS_Utilities/Modelr/v3/build/Build/Products/Debug/ModelrV3.app/Contents/Resources (in target 'ModelrV3' from project 'ModelrV3')
    cd /Users/zimengx/Code/MacOS_Utilities/Modelr/v3
    /bin/mkdir -p /Users/zimengx/Code/MacOS_Utilities/Modelr/v3/build/Build/Products/Debug/ModelrV3.app/Contents/Resources

ProcessProductPackaging "" /Users/zimengx/Code/MacOS_Utilities/Modelr/v3/build/Build/Intermediates.noindex/ModelrV3.build/Debug/ModelrV3.build/ModelrV3.app.xcent (in target 'ModelrV3' from project 'ModelrV3')
    cd /Users/zimengx/Code/MacOS_Utilities/Modelr/v3
    
    Entitlements:
    
    {
    "com.apple.security.get-task-allow" = 1;
}
    
    builtin-productPackagingUtility -entitlements -format xml -o /Users/zimengx/Code/MacOS_Utilities/Modelr/v3/build/Build/Intermediates.noindex/ModelrV3.build/Debug/ModelrV3.build/ModelrV3.app.xcent

ProcessProductPackagingDER /Users/zimengx/Code/MacOS_Utilities/Modelr/v3/build/Build/Intermediates.noindex/ModelrV3.build/Debug/ModelrV3.build/ModelrV3.app.xcent /Users/zimengx/Code/MacOS_Utilities/Modelr/v3/build/Build/Intermediates.noindex/ModelrV3.build/Debug/ModelrV3.build/ModelrV3.app.xcent.der (in target 'ModelrV3' from project 'ModelrV3')
    cd /Users/zimengx/Code/MacOS_Utilities/Modelr/v3
    /usr/bin/derq query -f xml -i /Users/zimengx/Code/MacOS_Utilities/Modelr/v3/build/Build/Intermediates.noindex/ModelrV3.build/Debug/ModelrV3.build/ModelrV3.app.xcent -o /Users/zimengx/Code/MacOS_Utilities/Modelr/v3/build/Build/Intermediates.noindex/ModelrV3.build/Debug/ModelrV3.build/ModelrV3.app.xcent.der --raw

CpResource /Users/zimengx/Code/MacOS_Utilities/Modelr/v3/build/Build/Products/Debug/ModelrV3.app/Contents/Resources/ContentView.swift.old /Users/zimengx/Code/MacOS_Utilities/Modelr/v3/ModelrV3/Features/Editor/Views/ContentView.swift.old (in target 'ModelrV3' from project 'ModelrV3')
    cd /Users/zimengx/Code/MacOS_Utilities/Modelr/v3
    builtin-copy -exclude .DS_Store -exclude CVS -exclude .svn -exclude .git -exclude .hg -resolve-src-symlinks /Users/zimengx/Code/MacOS_Utilities/Modelr/v3/ModelrV3/Features/Editor/Views/ContentView.swift.old /Users/zimengx/Code/MacOS_Utilities/Modelr/v3/build/Build/Products/Debug/ModelrV3.app/Contents/Resources

ProcessInfoPlistFile /Users/zimengx/Code/MacOS_Utilities/Modelr/v3/build/Build/Products/Debug/ModelrV3.app/Contents/Info.plist /Users/zimengx/Code/MacOS_Utilities/Modelr/v3/build/Build/Intermediates.noindex/ModelrV3.build/Debug/ModelrV3.build/empty-ModelrV3.plist (in target 'ModelrV3' from project 'ModelrV3')
    cd /Users/zimengx/Code/MacOS_Utilities/Modelr/v3
    builtin-infoPlistUtility /Users/zimengx/Code/MacOS_Utilities/Modelr/v3/build/Build/Intermediates.noindex/ModelrV3.build/Debug/ModelrV3.build/empty-ModelrV3.plist -producttype com.apple.product-type.application -genpkginfo /Users/zimengx/Code/MacOS_Utilities/Modelr/v3/build/Build/Products/Debug/ModelrV3.app/Contents/PkgInfo -expandbuildsettings -platform macosx -o /Users/zimengx/Code/MacOS_Utilities/Modelr/v3/build/Build/Products/Debug/ModelrV3.app/Contents/Info.plist

Ld /Users/zimengx/Code/MacOS_Utilities/Modelr/v3/build/Build/Products/Debug/ModelrV3.app/Contents/MacOS/__preview.dylib normal (in target 'ModelrV3' from project 'ModelrV3')
    cd /Users/zimengx/Code/MacOS_Utilities/Modelr/v3
    /Applications/Xcode-26.2.0.app/Contents/Developer/Toolchains/XcodeDefault.xctoolchain/usr/bin/clang -Xlinker -reproducible -target arm64-apple-macos14.0 -dynamiclib -isysroot /Applications/Xcode-26.2.0.app/Contents/Developer/Platforms/MacOSX.platform/Developer/SDKs/MacOSX26.2.sdk -O0 -L/Users/zimengx/Code/MacOS_Utilities/Modelr/v3/build/Build/Products/Debug -F/Users/zimengx/Code/MacOS_Utilities/Modelr/v3/build/Build/Products/Debug -install_name @rpath/ModelrV3.debug.dylib -rdynamic -Xlinker -no_deduplicate -Xlinker -debug_variant -Xlinker -dependency_info -Xlinker /Users/zimengx/Code/MacOS_Utilities/Modelr/v3/build/Build/Intermediates.noindex/ModelrV3.build/Debug/ModelrV3.build/Objects-normal/arm64/ModelrV3_dependency_info.dat -Xlinker -no_adhoc_codesign -o /Users/zimengx/Code/MacOS_Utilities/Modelr/v3/build/Build/Products/Debug/ModelrV3.app/Contents/MacOS/__preview.dylib

CpResource /Users/zimengx/Code/MacOS_Utilities/Modelr/v3/build/Build/Products/Debug/ModelrV3.app/Contents/Resources/Resources /Users/zimengx/Code/MacOS_Utilities/Modelr/v3/Resources (in target 'ModelrV3' from project 'ModelrV3')
    cd /Users/zimengx/Code/MacOS_Utilities/Modelr/v3
    builtin-copy -exclude .DS_Store -exclude CVS -exclude .svn -exclude .git -exclude .hg -resolve-src-symlinks /Users/zimengx/Code/MacOS_Utilities/Modelr/v3/Resources /Users/zimengx/Code/MacOS_Utilities/Modelr/v3/build/Build/Products/Debug/ModelrV3.app/Contents/Resources

SwiftDriver ModelrV3 normal arm64 com.apple.xcode.tools.swift.compiler (in target 'ModelrV3' from project 'ModelrV3')
    cd /Users/zimengx/Code/MacOS_Utilities/Modelr/v3
    builtin-SwiftDriver -- /Applications/Xcode-26.2.0.app/Contents/Developer/Toolchains/XcodeDefault.xctoolchain/usr/bin/swiftc -module-name ModelrV3 -Onone -enforce-exclusivity\=checked @/Users/zimengx/Code/MacOS_Utilities/Modelr/v3/build/Build/Intermediates.noindex/ModelrV3.build/Debug/ModelrV3.build/Objects-normal/arm64/ModelrV3.SwiftFileList -DDEBUG -enable-bare-slash-regex -enable-experimental-feature DebugDescriptionMacro -sdk /Applications/Xcode-26.2.0.app/Contents/Developer/Platforms/MacOSX.platform/Developer/SDKs/MacOSX26.2.sdk -target arm64-apple-macos14.0 -g -module-cache-path /Users/zimengx/Code/MacOS_Utilities/Modelr/v3/build/ModuleCache.noindex -Xfrontend -serialize-debugging-options -profile-coverage-mapping -profile-generate -enable-testing -index-store-path /Users/zimengx/Code/MacOS_Utilities/Modelr/v3/build/Index.noindex/DataStore -Xcc -D_LIBCPP_HARDENING_MODE\=_LIBCPP_HARDENING_MODE_DEBUG -swift-version 5 -I /Users/zimengx/Code/MacOS_Utilities/Modelr/v3/build/Build/Products/Debug -F /Users/zimengx/Code/MacOS_Utilities/Modelr/v3/build/Build/Products/Debug -c -j16 -enable-batch-mode -incremental -Xcc -ivfsstatcache -Xcc /Users/zimengx/Code/MacOS_Utilities/Modelr/v3/build/SDKStatCaches.noindex/macosx26.2-25C57-8e261bc56bcf93cdf4ad792911627a89.sdkstatcache -output-file-map /Users/zimengx/Code/MacOS_Utilities/Modelr/v3/build/Build/Intermediates.noindex/ModelrV3.build/Debug/ModelrV3.build/Objects-normal/arm64/ModelrV3-OutputFileMap.json -use-frontend-parseable-output -save-temps -no-color-diagnostics -explicit-module-build -module-cache-path /Users/zimengx/Code/MacOS_Utilities/Modelr/v3/build/Build/Intermediates.noindex/SwiftExplicitPrecompiledModules -clang-scanner-module-cache-path /Users/zimengx/Code/MacOS_Utilities/Modelr/v3/build/ModuleCache.noindex -sdk-module-cache-path /Users/zimengx/Code/MacOS_Utilities/Modelr/v3/build/ModuleCache.noindex -serialize-diagnostics -emit-dependencies -emit-module -emit-module-path /Users/zimengx/Code/MacOS_Utilities/Modelr/v3/build/Build/Intermediates.noindex/ModelrV3.build/Debug/ModelrV3.build/Objects-normal/arm64/ModelrV3.swiftmodule -validate-clang-modules-once -clang-build-session-file /Users/zimengx/Code/MacOS_Utilities/Modelr/v3/build/ModuleCache.noindex/Session.modulevalidation -Xcc -I/Users/zimengx/Code/MacOS_Utilities/Modelr/v3/build/Build/Intermediates.noindex/ModelrV3.build/Debug/ModelrV3.build/swift-overrides.hmap -emit-const-values -Xfrontend -const-gather-protocols-file -Xfrontend /Users/zimengx/Code/MacOS_Utilities/Modelr/v3/build/Build/Intermediates.noindex/ModelrV3.build/Debug/ModelrV3.build/Objects-normal/arm64/ModelrV3_const_extract_protocols.json -Xcc -iquote -Xcc /Users/zimengx/Code/MacOS_Utilities/Modelr/v3/build/Build/Intermediates.noindex/ModelrV3.build/Debug/ModelrV3.build/ModelrV3-generated-files.hmap -Xcc -I/Users/zimengx/Code/MacOS_Utilities/Modelr/v3/build/Build/Intermediates.noindex/ModelrV3.build/Debug/ModelrV3.build/ModelrV3-own-target-headers.hmap -Xcc -I/Users/zimengx/Code/MacOS_Utilities/Modelr/v3/build/Build/Intermediates.noindex/ModelrV3.build/Debug/ModelrV3.build/ModelrV3-all-target-headers.hmap -Xcc -iquote -Xcc /Users/zimengx/Code/MacOS_Utilities/Modelr/v3/build/Build/Intermediates.noindex/ModelrV3.build/Debug/ModelrV3.build/ModelrV3-project-headers.hmap -Xcc -I/Users/zimengx/Code/MacOS_Utilities/Modelr/v3/build/Build/Products/Debug/include -Xcc -I/Users/zimengx/Code/MacOS_Utilities/Modelr/v3/build/Build/Intermediates.noindex/ModelrV3.build/Debug/ModelrV3.build/DerivedSources-normal/arm64 -Xcc -I/Users/zimengx/Code/MacOS_Utilities/Modelr/v3/build/Build/Intermediates.noindex/ModelrV3.build/Debug/ModelrV3.build/DerivedSources/arm64 -Xcc -I/Users/zimengx/Code/MacOS_Utilities/Modelr/v3/build/Build/Intermediates.noindex/ModelrV3.build/Debug/ModelrV3.build/DerivedSources -Xcc -DDEBUG\=1 -emit-objc-header -emit-objc-header-path /Users/zimengx/Code/MacOS_Utilities/Modelr/v3/build/Build/Intermediates.noindex/ModelrV3.build/Debug/ModelrV3.build/Objects-normal/arm64/ModelrV3-Swift.h -working-directory /Users/zimengx/Code/MacOS_Utilities/Modelr/v3 -experimental-emit-module-separately -disable-cmo

SwiftExplicitDependencyGeneratePcm arm64 /Users/zimengx/Code/MacOS_Utilities/Modelr/v3/build/ModuleCache.noindex/SwiftShims-DC8ZTBO2IBHBV3VOVQLLU6VF6.pcm

SwiftExplicitDependencyGeneratePcm arm64 /Users/zimengx/Code/MacOS_Utilities/Modelr/v3/build/ModuleCache.noindex/DeveloperToolsSupport-3XYGZDWPMT2FNWM5DY9OPZP0G.pcm

SwiftExplicitDependencyGeneratePcm arm64 /Users/zimengx/Code/MacOS_Utilities/Modelr/v3/build/ModuleCache.noindex/_AvailabilityInternal-CDD81RY1GI6NT6IQNIUEWM8JD.pcm

SwiftExplicitDependencyGeneratePcm arm64 /Users/zimengx/Code/MacOS_Utilities/Modelr/v3/build/ModuleCache.noindex/ptrcheck-14FDJY74IHTGNGYUFKQQWU8VK.pcm

SwiftExplicitDependencyGeneratePcm arm64 /Users/zimengx/Code/MacOS_Utilities/Modelr/v3/build/ModuleCache.noindex/_Builtin_stddef-CIBOBMZSE069V8F462WKR8UZH.pcm

SwiftExplicitDependencyGeneratePcm arm64 /Users/zimengx/Code/MacOS_Utilities/Modelr/v3/build/ModuleCache.noindex/ptrauth-4X8EDXT2JKZVCVRYL6A2OWOG8.pcm

SwiftExplicitDependencyGeneratePcm arm64 /Users/zimengx/Code/MacOS_Utilities/Modelr/v3/build/ModuleCache.noindex/_Builtin_stdbool-74OGIWW19ZZZ0KOBTXF5379V0.pcm

SwiftExplicitDependencyGeneratePcm arm64 /Users/zimengx/Code/MacOS_Utilities/Modelr/v3/build/ModuleCache.noindex/_Builtin_stdarg-7L9VKG4JK0LBASQFIBOCTX28L.pcm

SwiftExplicitDependencyGeneratePcm arm64 /Users/zimengx/Code/MacOS_Utilities/Modelr/v3/build/ModuleCache.noindex/_SwiftConcurrencyShims-BG18P30PNC02JWPBWN3KDKAB.pcm

SwiftExplicitDependencyGeneratePcm arm64 /Users/zimengx/Code/MacOS_Utilities/Modelr/v3/build/ModuleCache.noindex/_Builtin_float-8SKGJOEXUSDXOXUVZ59LHLNTT.pcm

SwiftExplicitDependencyGeneratePcm arm64 /Users/zimengx/Code/MacOS_Utilities/Modelr/v3/build/ModuleCache.noindex/_DarwinFoundation1-CXHISXE8N75S408F4SI9UWPTD.pcm

SwiftExplicitDependencyGeneratePcm arm64 /Users/zimengx/Code/MacOS_Utilities/Modelr/v3/build/ModuleCache.noindex/_DarwinFoundation2-DH7139FRQEOK45O239MKP64PZ.pcm

SwiftExplicitDependencyGeneratePcm arm64 /Users/zimengx/Code/MacOS_Utilities/Modelr/v3/build/ModuleCache.noindex/_Builtin_limits-I4OXX0MGNPU0W65ZYRS1MSVN.pcm

SwiftExplicitDependencyGeneratePcm arm64 /Users/zimengx/Code/MacOS_Utilities/Modelr/v3/build/ModuleCache.noindex/sys_types-7IZVN3JBE2AJN4NX8IPU36T1B.pcm

SwiftExplicitDependencyGeneratePcm arm64 /Users/zimengx/Code/MacOS_Utilities/Modelr/v3/build/ModuleCache.noindex/_Builtin_stdint-DQBPSGAOU33HY0MM2UXFPNXVY.pcm

SwiftExplicitDependencyGeneratePcm arm64 /Users/zimengx/Code/MacOS_Utilities/Modelr/v3/build/ModuleCache.noindex/_Builtin_tgmath-3I33XE5MFJONGUTI4CM9U40HG.pcm

SwiftExplicitDependencyGeneratePcm arm64 /Users/zimengx/Code/MacOS_Utilities/Modelr/v3/build/ModuleCache.noindex/OpenGL-B5E0VES2SUO8DZCC079SS56XS.pcm

SwiftExplicitDependencyGeneratePcm arm64 /Users/zimengx/Code/MacOS_Utilities/Modelr/v3/build/ModuleCache.noindex/_Builtin_intrinsics-D2HFJX9R93VEYBF27PIG5PW5.pcm

SwiftExplicitDependencyGeneratePcm arm64 /Users/zimengx/Code/MacOS_Utilities/Modelr/v3/build/ModuleCache.noindex/_Builtin_stdatomic-1IV8PQM5RE09QVPBYIR4HL0MV.pcm

SwiftExplicitDependencyGeneratePcm arm64 /Users/zimengx/Code/MacOS_Utilities/Modelr/v3/build/ModuleCache.noindex/libDER-EIW77EQM8PQUQ4SFRALWXZY2A.pcm

SwiftExplicitDependencyGeneratePcm arm64 /Users/zimengx/Code/MacOS_Utilities/Modelr/v3/build/ModuleCache.noindex/_DarwinFoundation3-BLJCALBNC5NZFPPNN72LEVNA6.pcm

SwiftExplicitDependencyGeneratePcm arm64 /Users/zimengx/Code/MacOS_Utilities/Modelr/v3/build/ModuleCache.noindex/_Builtin_inttypes-99DOUTSMQHDNJD3MDRCL87EPQ.pcm

SwiftExplicitDependencyGeneratePcm arm64 /Users/zimengx/Code/MacOS_Utilities/Modelr/v3/build/ModuleCache.noindex/Darwin-7VK5HBBM7V8567ZNBXACDP6IT.pcm

SwiftExplicitDependencyGeneratePcm arm64 /Users/zimengx/Code/MacOS_Utilities/Modelr/v3/build/ModuleCache.noindex/simd-BJJG3K4IJ3560WUB12O9CRBLI.pcm

SwiftExplicitDependencyGeneratePcm arm64 /Users/zimengx/Code/MacOS_Utilities/Modelr/v3/build/ModuleCache.noindex/libkern-D29ON6981LCHL3HDOFK04HKAD.pcm

SwiftExplicitDependencyGeneratePcm arm64 /Users/zimengx/Code/MacOS_Utilities/Modelr/v3/build/ModuleCache.noindex/CUPS-59ITU750TIEAC7OUH7T6FM7OZ.pcm

SwiftExplicitDependencyGeneratePcm arm64 /Users/zimengx/Code/MacOS_Utilities/Modelr/v3/build/ModuleCache.noindex/launch-NDYBAKPIQHE5QKDENJ2XVV6K.pcm

SwiftExplicitDependencyGeneratePcm arm64 /Users/zimengx/Code/MacOS_Utilities/Modelr/v3/build/ModuleCache.noindex/MachO-1VOYFFYF1IHP1115QC47SKCPY.pcm

SwiftExplicitDependencyGeneratePcm arm64 /Users/zimengx/Code/MacOS_Utilities/Modelr/v3/build/ModuleCache.noindex/ObjectiveC-55I9H77D20UY23PY7NEO80AHL.pcm

SwiftExplicitDependencyGeneratePcm arm64 /Users/zimengx/Code/MacOS_Utilities/Modelr/v3/build/ModuleCache.noindex/Spatial-625LNI2H30S53T8Y610SQ6UBD.pcm

SwiftExplicitDependencyGeneratePcm arm64 /Users/zimengx/Code/MacOS_Utilities/Modelr/v3/build/ModuleCache.noindex/os_object-VYE3Y8SB224XSYE2804U1UA8.pcm

SwiftExplicitDependencyGeneratePcm arm64 /Users/zimengx/Code/MacOS_Utilities/Modelr/v3/build/ModuleCache.noindex/os_workgroup-7Q6APPXS3RT88KTSAFDE2JMPC.pcm

SwiftExplicitDependencyGeneratePcm arm64 /Users/zimengx/Code/MacOS_Utilities/Modelr/v3/build/ModuleCache.noindex/Dispatch-7E2Q7Y6VF62RYNXL8CUEVGGJL.pcm

SwiftExplicitDependencyGeneratePcm arm64 /Users/zimengx/Code/MacOS_Utilities/Modelr/v3/build/ModuleCache.noindex/CoreFoundation-6E5DBDTEGVVIS5DZ1SQL0O69T.pcm

SwiftExplicitDependencyGeneratePcm arm64 /Users/zimengx/Code/MacOS_Utilities/Modelr/v3/build/ModuleCache.noindex/XPC-9BLEVCTPPA8SPT5KRQK7OJYWT.pcm

SwiftExplicitDependencyGeneratePcm arm64 /Users/zimengx/Code/MacOS_Utilities/Modelr/v3/build/ModuleCache.noindex/os-1KVU319P1Z0H3193HTG3NML2O.pcm

SwiftExplicitDependencyGeneratePcm arm64 /Users/zimengx/Code/MacOS_Utilities/Modelr/v3/build/ModuleCache.noindex/Security-15EU16UYPJZYKPN74CHUU4HD0.pcm

SwiftExplicitDependencyGeneratePcm arm64 /Users/zimengx/Code/MacOS_Utilities/Modelr/v3/build/ModuleCache.noindex/IOKit-AEUCBDMWKGMKMKKWJ9GKSRW9X.pcm

SwiftExplicitDependencyGeneratePcm arm64 /Users/zimengx/Code/MacOS_Utilities/Modelr/v3/build/ModuleCache.noindex/CFNetwork-CLUXBDXHS3I3XXCFNI7G0SFHC.pcm

SwiftExplicitDependencyGeneratePcm arm64 /Users/zimengx/Code/MacOS_Utilities/Modelr/v3/build/ModuleCache.noindex/ColorSync-94L0I4JRDAEGPKNIMUBMOMP7M.pcm

SwiftExplicitDependencyGeneratePcm arm64 /Users/zimengx/Code/MacOS_Utilities/Modelr/v3/build/ModuleCache.noindex/CoreGraphics-2YRFINY3VEUHGCLJR4QSCMRTR.pcm

SwiftExplicitDependencyGeneratePcm arm64 /Users/zimengx/Code/MacOS_Utilities/Modelr/v3/build/ModuleCache.noindex/DiskArbitration-DTWQSZZ0AMR4DGKW118ZLEMJ5.pcm

SwiftExplicitDependencyGeneratePcm arm64 /Users/zimengx/Code/MacOS_Utilities/Modelr/v3/build/ModuleCache.noindex/CoreServices-3WN7V1EXSKRNTTNOJ7TQPIWKC.pcm

SwiftExplicitDependencyGeneratePcm arm64 /Users/zimengx/Code/MacOS_Utilities/Modelr/v3/build/ModuleCache.noindex/CoreText-9O5F9V1S3HNCLMKWCMZSL21ND.pcm

SwiftExplicitDependencyGeneratePcm arm64 /Users/zimengx/Code/MacOS_Utilities/Modelr/v3/build/ModuleCache.noindex/ImageIO-CRFSQ7FRASF79MHTBNRV9O8II.pcm

SwiftExplicitDependencyGeneratePcm arm64 /Users/zimengx/Code/MacOS_Utilities/Modelr/v3/build/ModuleCache.noindex/Foundation-6T12PTZLQ6CPGEXTXWBFOT2SR.pcm

SwiftExplicitDependencyGeneratePcm arm64 /Users/zimengx/Code/MacOS_Utilities/Modelr/v3/build/ModuleCache.noindex/Symbols-6AMZ7M9IB0KQE82CFEKPEY2FP.pcm

SwiftExplicitDependencyGeneratePcm arm64 /Users/zimengx/Code/MacOS_Utilities/Modelr/v3/build/ModuleCache.noindex/CoreTransferable-5BB3KPC1S3YE0ODVMQ00KI7EV.pcm

SwiftExplicitDependencyGeneratePcm arm64 /Users/zimengx/Code/MacOS_Utilities/Modelr/v3/build/ModuleCache.noindex/ApplicationServices-40YIZCG944PIMQMVA0OVJREIQ.pcm

SwiftExplicitDependencyGeneratePcm arm64 /Users/zimengx/Code/MacOS_Utilities/Modelr/v3/build/ModuleCache.noindex/OSLog-8HM3GLORA683FAB0H8NTTHGO6.pcm

SwiftExplicitDependencyGeneratePcm arm64 /Users/zimengx/Code/MacOS_Utilities/Modelr/v3/build/ModuleCache.noindex/IOSurface-4I456I3R0AKPYO40DTZQ4KRWJ.pcm

SwiftExplicitDependencyGeneratePcm arm64 /Users/zimengx/Code/MacOS_Utilities/Modelr/v3/build/ModuleCache.noindex/CoreData-9R8HFAEN1LK8HZEXU8S58HFTN.pcm

SwiftExplicitDependencyGeneratePcm arm64 /Users/zimengx/Code/MacOS_Utilities/Modelr/v3/build/ModuleCache.noindex/DataDetection-4QS1E3AZZ4WRU2EE7YT6LJ5EV.pcm

SwiftExplicitDependencyGeneratePcm arm64 /Users/zimengx/Code/MacOS_Utilities/Modelr/v3/build/ModuleCache.noindex/UniformTypeIdentifiers-35AZM99DIWZ4PCEHMGEZXS35Q.pcm

SwiftExplicitDependencyGeneratePcm arm64 /Users/zimengx/Code/MacOS_Utilities/Modelr/v3/build/ModuleCache.noindex/ModelIO-4591COB09IFHFZNPF0ZWHIZ3N.pcm

SwiftExplicitDependencyGeneratePcm arm64 /Users/zimengx/Code/MacOS_Utilities/Modelr/v3/build/ModuleCache.noindex/Accessibility-4SI1QQLDYBI8KA0QKCFVPGMTV.pcm

SwiftExplicitDependencyGeneratePcm arm64 /Users/zimengx/Code/MacOS_Utilities/Modelr/v3/build/ModuleCache.noindex/Metal-55YD6VMB5OOR76KTOVQFS7RW2.pcm

SwiftExplicitDependencyGeneratePcm arm64 /Users/zimengx/Code/MacOS_Utilities/Modelr/v3/build/ModuleCache.noindex/CoreVideo-1I02SINYWB81GPGDDM7F0N80N.pcm

SwiftExplicitDependencyGeneratePcm arm64 /Users/zimengx/Code/MacOS_Utilities/Modelr/v3/build/ModuleCache.noindex/CoreImage-C052EIVVNXTR6X08KLL2TL3CG.pcm

SwiftExplicitDependencyGeneratePcm arm64 /Users/zimengx/Code/MacOS_Utilities/Modelr/v3/build/ModuleCache.noindex/QuartzCore-1CGL2D2KJ88OCMKEP6ZAU022J.pcm

SwiftExplicitDependencyGeneratePcm arm64 /Users/zimengx/Code/MacOS_Utilities/Modelr/v3/build/ModuleCache.noindex/SwiftUICore-DYCFE55B2UATFSBNN5MHAO2PX.pcm

SwiftExplicitDependencyGeneratePcm arm64 /Users/zimengx/Code/MacOS_Utilities/Modelr/v3/build/ModuleCache.noindex/AppKit-7GGRU9YZWOTDGO2IN5SHDSMWD.pcm

SwiftExplicitDependencyGeneratePcm arm64 /Users/zimengx/Code/MacOS_Utilities/Modelr/v3/build/ModuleCache.noindex/GLKit-1GROP8UX66PLP4KLV65GF4VAO.pcm

SwiftExplicitDependencyGeneratePcm arm64 /Users/zimengx/Code/MacOS_Utilities/Modelr/v3/build/ModuleCache.noindex/SwiftUI-C79XT8UWC1K6DQCQ62OC1MRO8.pcm

SwiftExplicitDependencyGeneratePcm arm64 /Users/zimengx/Code/MacOS_Utilities/Modelr/v3/build/ModuleCache.noindex/SceneKit-212ZTQR9SQ675V7S7UFVVAJKC.pcm

SwiftEmitModule normal arm64 Emitting\ module\ for\ ModelrV3 (in target 'ModelrV3' from project 'ModelrV3')

EmitSwiftModule normal arm64 (in target 'ModelrV3' from project 'ModelrV3')
    cd /Users/zimengx/Code/MacOS_Utilities/Modelr/v3
    

SwiftCompile normal arm64 Compiling\ SetupModelChoice.swift,\ SetupView.swift,\ SimpleEditorSidebar.swift,\ SimpleEditorView.swift /Users/zimengx/Code/MacOS_Utilities/Modelr/v3/ModelrV3/Features/Setup/SetupModelChoice.swift /Users/zimengx/Code/MacOS_Utilities/Modelr/v3/ModelrV3/Features/Setup/Views/SetupView.swift /Users/zimengx/Code/MacOS_Utilities/Modelr/v3/ModelrV3/Features/Editor/Views/SimpleEditor/SimpleEditorSidebar.swift /Users/zimengx/Code/MacOS_Utilities/Modelr/v3/ModelrV3/Features/Editor/Views/SimpleEditor/SimpleEditorView.swift (in target 'ModelrV3' from project 'ModelrV3')

SwiftCompile normal arm64 /Users/zimengx/Code/MacOS_Utilities/Modelr/v3/ModelrV3/Features/Setup/SetupModelChoice.swift (in target 'ModelrV3' from project 'ModelrV3')
    cd /Users/zimengx/Code/MacOS_Utilities/Modelr/v3
    

SwiftCompile normal arm64 /Users/zimengx/Code/MacOS_Utilities/Modelr/v3/ModelrV3/Features/Setup/Views/SetupView.swift (in target 'ModelrV3' from project 'ModelrV3')
    cd /Users/zimengx/Code/MacOS_Utilities/Modelr/v3
    

SwiftCompile normal arm64 /Users/zimengx/Code/MacOS_Utilities/Modelr/v3/ModelrV3/Features/Editor/Views/SimpleEditor/SimpleEditorSidebar.swift (in target 'ModelrV3' from project 'ModelrV3')
    cd /Users/zimengx/Code/MacOS_Utilities/Modelr/v3
    

SwiftCompile normal arm64 /Users/zimengx/Code/MacOS_Utilities/Modelr/v3/ModelrV3/Features/Editor/Views/SimpleEditor/SimpleEditorView.swift (in target 'ModelrV3' from project 'ModelrV3')
    cd /Users/zimengx/Code/MacOS_Utilities/Modelr/v3
    

SwiftCompile normal arm64 Compiling\ PolygonOverlay.swift,\ PostProcessPanel.swift,\ PreprocessPanel.swift,\ ProgressParser.swift /Users/zimengx/Code/MacOS_Utilities/Modelr/v3/ModelrV3/Features/Editor/Views/PolygonOverlay.swift /Users/zimengx/Code/MacOS_Utilities/Modelr/v3/ModelrV3/Features/Editor/Views/SimpleEditor/PostProcessPanel.swift /Users/zimengx/Code/MacOS_Utilities/Modelr/v3/ModelrV3/Features/Editor/Views/Advanced/Panels/PreprocessPanel.swift /Users/zimengx/Code/MacOS_Utilities/Modelr/v3/ModelrV3/Utilities/Parsing/ProgressParser.swift (in target 'ModelrV3' from project 'ModelrV3')

SwiftCompile normal arm64 /Users/zimengx/Code/MacOS_Utilities/Modelr/v3/ModelrV3/Features/Editor/Views/PolygonOverlay.swift (in target 'ModelrV3' from project 'ModelrV3')
    cd /Users/zimengx/Code/MacOS_Utilities/Modelr/v3
    

SwiftCompile normal arm64 /Users/zimengx/Code/MacOS_Utilities/Modelr/v3/ModelrV3/Features/Editor/Views/SimpleEditor/PostProcessPanel.swift (in target 'ModelrV3' from project 'ModelrV3')
    cd /Users/zimengx/Code/MacOS_Utilities/Modelr/v3
    

SwiftCompile normal arm64 /Users/zimengx/Code/MacOS_Utilities/Modelr/v3/ModelrV3/Features/Editor/Views/Advanced/Panels/PreprocessPanel.swift (in target 'ModelrV3' from project 'ModelrV3')
    cd /Users/zimengx/Code/MacOS_Utilities/Modelr/v3
    

SwiftCompile normal arm64 /Users/zimengx/Code/MacOS_Utilities/Modelr/v3/ModelrV3/Utilities/Parsing/ProgressParser.swift (in target 'ModelrV3' from project 'ModelrV3')
    cd /Users/zimengx/Code/MacOS_Utilities/Modelr/v3
    
/Users/zimengx/Code/MacOS_Utilities/Modelr/v3/ModelrV3/Utilities/Parsing/ProgressParser.swift:56:16: warning: value 'match' was defined but never used; consider replacing with boolean test
        if let match = progressString.range(of: #"(\d+)%.*?(\d+)/(\d+)"#, options: .regularExpression) {
           ~~~~^~~~~~~~
                                                                                                       != nil

SwiftCompile normal arm64 Compiling\ PaintStrokeOverlay.swift,\ PathManager.swift,\ PathValidator.swift,\ PointsOverlay.swift /Users/zimengx/Code/MacOS_Utilities/Modelr/v3/ModelrV3/Features/Editor/Views/PaintStrokeOverlay.swift /Users/zimengx/Code/MacOS_Utilities/Modelr/v3/ModelrV3/Utilities/Path/PathManager.swift /Users/zimengx/Code/MacOS_Utilities/Modelr/v3/ModelrV3/Utilities/Path/PathValidator.swift /Users/zimengx/Code/MacOS_Utilities/Modelr/v3/ModelrV3/Features/Editor/Views/PointsOverlay.swift (in target 'ModelrV3' from project 'ModelrV3')

SwiftCompile normal arm64 /Users/zimengx/Code/MacOS_Utilities/Modelr/v3/ModelrV3/Features/Editor/Views/PaintStrokeOverlay.swift (in target 'ModelrV3' from project 'ModelrV3')
    cd /Users/zimengx/Code/MacOS_Utilities/Modelr/v3
    

SwiftCompile normal arm64 /Users/zimengx/Code/MacOS_Utilities/Modelr/v3/ModelrV3/Utilities/Path/PathManager.swift (in target 'ModelrV3' from project 'ModelrV3')
    cd /Users/zimengx/Code/MacOS_Utilities/Modelr/v3
    

SwiftCompile normal arm64 /Users/zimengx/Code/MacOS_Utilities/Modelr/v3/ModelrV3/Utilities/Path/PathValidator.swift (in target 'ModelrV3' from project 'ModelrV3')
    cd /Users/zimengx/Code/MacOS_Utilities/Modelr/v3
    

SwiftCompile normal arm64 /Users/zimengx/Code/MacOS_Utilities/Modelr/v3/ModelrV3/Features/Editor/Views/PointsOverlay.swift (in target 'ModelrV3' from project 'ModelrV3')
    cd /Users/zimengx/Code/MacOS_Utilities/Modelr/v3
    

SwiftCompile normal arm64 Compiling\ SimpleEditorViewModel+Touchup.swift,\ SimpleEditorViewModel.swift,\ TimeFormatter.swift /Users/zimengx/Code/MacOS_Utilities/Modelr/v3/ModelrV3/Features/Editor/ViewModels/SimpleEditorViewModel+Touchup.swift /Users/zimengx/Code/MacOS_Utilities/Modelr/v3/ModelrV3/Features/Editor/ViewModels/SimpleEditorViewModel.swift /Users/zimengx/Code/MacOS_Utilities/Modelr/v3/ModelrV3/Utilities/Parsing/TimeFormatter.swift (in target 'ModelrV3' from project 'ModelrV3')

SwiftCompile normal arm64 /Users/zimengx/Code/MacOS_Utilities/Modelr/v3/ModelrV3/Features/Editor/ViewModels/SimpleEditorViewModel+Touchup.swift (in target 'ModelrV3' from project 'ModelrV3')
    cd /Users/zimengx/Code/MacOS_Utilities/Modelr/v3
    

SwiftCompile normal arm64 /Users/zimengx/Code/MacOS_Utilities/Modelr/v3/ModelrV3/Features/Editor/ViewModels/SimpleEditorViewModel.swift (in target 'ModelrV3' from project 'ModelrV3')
    cd /Users/zimengx/Code/MacOS_Utilities/Modelr/v3
    

SwiftCompile normal arm64 /Users/zimengx/Code/MacOS_Utilities/Modelr/v3/ModelrV3/Utilities/Parsing/TimeFormatter.swift (in target 'ModelrV3' from project 'ModelrV3')
    cd /Users/zimengx/Code/MacOS_Utilities/Modelr/v3
    

SwiftCompile normal arm64 Compiling\ SimpleEditorViewModel+Generation.swift,\ SimpleEditorViewModel+PostProcess.swift,\ SimpleEditorViewModel+Segmentation.swift,\ SimpleEditorViewModel+Setup.swift /Users/zimengx/Code/MacOS_Utilities/Modelr/v3/ModelrV3/Features/Editor/ViewModels/SimpleEditorViewModel+Generation.swift /Users/zimengx/Code/MacOS_Utilities/Modelr/v3/ModelrV3/Features/Editor/ViewModels/SimpleEditorViewModel+PostProcess.swift /Users/zimengx/Code/MacOS_Utilities/Modelr/v3/ModelrV3/Features/Editor/ViewModels/SimpleEditorViewModel+Segmentation.swift /Users/zimengx/Code/MacOS_Utilities/Modelr/v3/ModelrV3/Features/Editor/ViewModels/SimpleEditorViewModel+Setup.swift (in target 'ModelrV3' from project 'ModelrV3')
Failed frontend command:
/Applications/Xcode-26.2.0.app/Contents/Developer/Toolchains/XcodeDefault.xctoolchain/usr/bin/swift-frontend -frontend -c /Users/zimengx/Code/MacOS_Utilities/Modelr/v3/ModelrV3/Core/Models/AnnotationModels.swift /Users/zimengx/Code/MacOS_Utilities/Modelr/v3/ModelrV3/Core/Constants/AppConstants.swift /Users/zimengx/Code/MacOS_Utilities/Modelr/v3/ModelrV3/Design/AppDesign.swift /Users/zimengx/Code/MacOS_Utilities/Modelr/v3/ModelrV3/Core/Constants/AppError.swift /Users/zimengx/Code/MacOS_Utilities/Modelr/v3/ModelrV3/Features/Editor/ViewModels/BaseEditorViewModel.swift /Users/zimengx/Code/MacOS_Utilities/Modelr/v3/ModelrV3/Features/Editor/Views/BoundingBoxOverlay.swift /Users/zimengx/Code/MacOS_Utilities/Modelr/v3/ModelrV3/Features/Model3D/Views/ComponentModelViewer.swift /Users/zimengx/Code/MacOS_Utilities/Modelr/v3/ModelrV3/Core/Models/CoreExtensions.swift /Users/zimengx/Code/MacOS_Utilities/Modelr/v3/ModelrV3/Features/Editor/Views/Advanced/EditorCanvas.swift /Users/zimengx/Code/MacOS_Utilities/Modelr/v3/ModelrV3/Features/Editor/Views/Advanced/EditorHeader.swift /Users/zimengx/Code/MacOS_Utilities/Modelr/v3/ModelrV3/Features/Editor/Views/Advanced/EditorSidebar.swift /Users/zimengx/Code/MacOS_Utilities/Modelr/v3/ModelrV3/Features/Editor/Views/SimpleEditor/EditorTopBar.swift /Users/zimengx/Code/MacOS_Utilities/Modelr/v3/ModelrV3/Features/Editor/Views/Advanced/EditorView.swift /Users/zimengx/Code/MacOS_Utilities/Modelr/v3/ModelrV3/Features/Editor/ViewModels/EditorViewModel+Gestures.swift /Users/zimengx/Code/MacOS_Utilities/Modelr/v3/ModelrV3/Features/Editor/ViewModels/EditorViewModel+Preprocessing.swift /Users/zimengx/Code/MacOS_Utilities/Modelr/v3/ModelrV3/Features/Editor/ViewModels/EditorViewModel.swift /Users/zimengx/Code/MacOS_Utilities/Modelr/v3/ModelrV3/Features/Editor/Views/Advanced/Panels/GeneratePanel.swift /Users/zimengx/Code/MacOS_Utilities/Modelr/v3/ModelrV3/Core/Models/GenerationModels.swift /Users/zimengx/Code/MacOS_Utilities/Modelr/v3/ModelrV3/Features/Editor/Views/SimpleEditor/GenerationPanel.swift /Users/zimengx/Code/MacOS_Utilities/Modelr/v3/ModelrV3/Features/Editor/Views/SimpleEditor/ImageCanvas.swift /Users/zimengx/Code/MacOS_Utilities/Modelr/v3/ModelrV3/Features/Editor/Views/SimpleEditor/ImageCanvasHelpers.swift /Users/zimengx/Code/MacOS_Utilities/Modelr/v3/ModelrV3/Utilities/Security/ImageFileService.swift /Users/zimengx/Code/MacOS_Utilities/Modelr/v3/ModelrV3/Core/Services/ImageService.swift /Users/zimengx/Code/MacOS_Utilities/Modelr/v3/ModelrV3/Features/Editor/Views/LassoOverlay.swift /Users/zimengx/Code/MacOS_Utilities/Modelr/v3/ModelrV3/Core/Models/MeshModels.swift /Users/zimengx/Code/MacOS_Utilities/Modelr/v3/ModelrV3/Features/Model3D/Views/ModelViewer.swift /Users/zimengx/Code/MacOS_Utilities/Modelr/v3/ModelrV3/Features/Model3D/Views/ModelViewerDebug.swift /Users/zimengx/Code/MacOS_Utilities/Modelr/v3/ModelrV3/App/ModelrV3App.swift /Users/zimengx/Code/MacOS_Utilities/Modelr/v3/ModelrV3/Features/Editor/Views/PaintStrokeOverlay.swift /Users/zimengx/Code/MacOS_Utilities/Modelr/v3/ModelrV3/Utilities/Path/PathManager.swift /Users/zimengx/Code/MacOS_Utilities/Modelr/v3/ModelrV3/Utilities/Path/PathValidator.swift /Users/zimengx/Code/MacOS_Utilities/Modelr/v3/ModelrV3/Features/Editor/Views/PointsOverlay.swift /Users/zimengx/Code/MacOS_Utilities/Modelr/v3/ModelrV3/Features/Editor/Views/PolygonOverlay.swift /Users/zimengx/Code/MacOS_Utilities/Modelr/v3/ModelrV3/Features/Editor/Views/SimpleEditor/PostProcessPanel.swift /Users/zimengx/Code/MacOS_Utilities/Modelr/v3/ModelrV3/Features/Editor/Views/Advanced/Panels/PreprocessPanel.swift /Users/zimengx/Code/MacOS_Utilities/Modelr/v3/ModelrV3/Utilities/Parsing/ProgressParser.swift /Users/zimengx/Code/MacOS_Utilities/Modelr/v3/ModelrV3/Core/Services/Python/PythonBridge.swift /Users/zimengx/Code/MacOS_Utilities/Modelr/v3/ModelrV3/Core/Services/Python/PythonDependencyService.swift /Users/zimengx/Code/MacOS_Utilities/Modelr/v3/ModelrV3/Core/Services/Python/PythonEnvironmentCoordinator.swift /Users/zimengx/Code/MacOS_Utilities/Modelr/v3/ModelrV3/Core/Services/Python/PythonProcessManager.swift /Users/zimengx/Code/MacOS_Utilities/Modelr/v3/ModelrV3/Core/Models/PythonProtocolModels.swift /Users/zimengx/Code/MacOS_Utilities/Modelr/v3/ModelrV3/Core/Services/PythonServiceProtocol.swift /Users/zimengx/Code/MacOS_Utilities/Modelr/v3/ModelrV3/Utilities/Security/SecureFileManager.swift /Users/zimengx/Code/MacOS_Utilities/Modelr/v3/ModelrV3/Utilities/Security/SecureLogger.swift /Users/zimengx/Code/MacOS_Utilities/Modelr/v3/ModelrV3/Features/Editor/Views/Advanced/Panels/SegmentPanel.swift /Users/zimengx/Code/MacOS_Utilities/Modelr/v3/ModelrV3/Core/Models/SegmentationEntry.swift /Users/zimengx/Code/MacOS_Utilities/Modelr/v3/ModelrV3/Features/Editor/Views/SimpleEditor/SegmentationPanel.swift /Users/zimengx/Code/MacOS_Utilities/Modelr/v3/ModelrV3/Features/Setup/SetupManager.swift /Users/zimengx/Code/MacOS_Utilities/Modelr/v3/ModelrV3/Features/Setup/SetupModelChoice.swift /Users/zimengx/Code/MacOS_Utilities/Modelr/v3/ModelrV3/Features/Setup/Views/SetupView.swift /Users/zimengx/Code/MacOS_Utilities/Modelr/v3/ModelrV3/Features/Editor/Views/SimpleEditor/SimpleEditorSidebar.swift /Users/zimengx/Code/MacOS_Utilities/Modelr/v3/ModelrV3/Features/Editor/Views/SimpleEditor/SimpleEditorView.swift -primary-file /Users/zimengx/Code/MacOS_Utilities/Modelr/v3/ModelrV3/Features/Editor/ViewModels/SimpleEditorViewModel+Generation.swift -primary-file /Users/zimengx/Code/MacOS_Utilities/Modelr/v3/ModelrV3/Features/Editor/ViewModels/SimpleEditorViewModel+PostProcess.swift -primary-file /Users/zimengx/Code/MacOS_Utilities/Modelr/v3/ModelrV3/Features/Editor/ViewModels/SimpleEditorViewModel+Segmentation.swift -primary-file /Users/zimengx/Code/MacOS_Utilities/Modelr/v3/ModelrV3/Features/Editor/ViewModels/SimpleEditorViewModel+Setup.swift /Users/zimengx/Code/MacOS_Utilities/Modelr/v3/ModelrV3/Features/Editor/ViewModels/SimpleEditorViewModel+Touchup.swift /Users/zimengx/Code/MacOS_Utilities/Modelr/v3/ModelrV3/Features/Editor/ViewModels/SimpleEditorViewModel.swift /Users/zimengx/Code/MacOS_Utilities/Modelr/v3/ModelrV3/Utilities/Parsing/TimeFormatter.swift /Users/zimengx/Code/MacOS_Utilities/Modelr/v3/ModelrV3/Features/Editor/Views/SimpleEditor/TouchupPanel.swift /Users/zimengx/Code/MacOS_Utilities/Modelr/v3/ModelrV3/Features/Editor/Views/WorkflowProgressBar.swift /Users/zimengx/Code/MacOS_Utilities/Modelr/v3/ModelrV3/Features/Editor/Views/ZoomableScrollView.swift -supplementary-output-file-map /Users/zimengx/Code/MacOS_Utilities/Modelr/v3/build/Build/Intermediates.noindex/ModelrV3.build/Debug/ModelrV3.build/Objects-normal/arm64/supplementaryOutputs-14 -target arm64-apple-macos14.0 -disable-cross-import-overlay-search -swift-module-cross-import SceneKit /Applications/Xcode-26.2.0.app/Contents/Developer/Platforms/MacOSX.platform/Developer/SDKs/MacOSX.sdk/System/Library/Frameworks/SceneKit.framework/Modules/SceneKit.swiftcrossimport/SwiftUI.swiftoverlay -load-resolved-plugin /Applications/Xcode-26.2.0.app/Contents/Developer/Platforms/MacOSX.platform/Developer/usr/lib/swift/host/plugins/libFoundationMacros.dylib\#/Applications/Xcode-26.2.0.app/Contents/Developer/Platforms/MacOSX.platform/Developer/usr/bin/swift-plugin-server\#FoundationMacros -load-resolved-plugin /Applications/Xcode-26.2.0.app/Contents/Developer/Platforms/MacOSX.platform/Developer/usr/lib/swift/host/plugins/libObservationMacros.dylib\#/Applications/Xcode-26.2.0.app/Contents/Developer/Platforms/MacOSX.platform/Developer/usr/bin/swift-plugin-server\#ObservationMacros -load-resolved-plugin /Applications/Xcode-26.2.0.app/Contents/Developer/Platforms/MacOSX.platform/Developer/usr/lib/swift/host/plugins/libPreviewsMacros.dylib\#/Applications/Xcode-26.2.0.app/Contents/Developer/Platforms/MacOSX.platform/Developer/usr/bin/swift-plugin-server\#PreviewsMacros -load-resolved-plugin /Applications/Xcode-26.2.0.app/Contents/Developer/Platforms/MacOSX.platform/Developer/usr/lib/swift/host/plugins/libSwiftMacros.dylib\#/Applications/Xcode-26.2.0.app/Contents/Developer/Platforms/MacOSX.platform/Developer/usr/bin/swift-plugin-server\#SwiftMacros -load-resolved-plugin /Applications/Xcode-26.2.0.app/Contents/Developer/Platforms/MacOSX.platform/Developer/usr/lib/swift/host/plugins/libSwiftUIMacros.dylib\#/Applications/Xcode-26.2.0.app/Contents/Developer/Platforms/MacOSX.platform/Developer/usr/bin/swift-plugin-server\#SwiftUIMacros -disable-implicit-swift-modules -Xcc -fno-implicit-modules -Xcc -fno-implicit-module-maps -explicit-swift-module-map-file /Users/zimengx/Code/MacOS_Utilities/Modelr/v3/build/Build/Intermediates.noindex/ModelrV3.build/Debug/ModelrV3.build/Objects-normal/arm64/ModelrV3-dependencies-1.json -Xllvm -aarch64-use-tbi -enable-objc-interop -stack-check -sdk /Applications/Xcode-26.2.0.app/Contents/Developer/Platforms/MacOSX.platform/Developer/SDKs/MacOSX26.2.sdk -I /Users/zimengx/Code/MacOS_Utilities/Modelr/v3/build/Build/Products/Debug -F /Users/zimengx/Code/MacOS_Utilities/Modelr/v3/build/Build/Products/Debug -no-color-diagnostics -Xcc -fno-color-diagnostics -enable-testing -g -debug-info-format\=dwarf -dwarf-version\=4 -module-cache-path /Users/zimengx/Code/MacOS_Utilities/Modelr/v3/build/Build/Intermediates.noindex/SwiftExplicitPrecompiledModules -profile-generate -profile-coverage-mapping -swift-version 5 -enforce-exclusivity\=checked -Onone -D DEBUG -serialize-debugging-options -const-gather-protocols-file /Users/zimengx/Code/MacOS_Utilities/Modelr/v3/build/Build/Intermediates.noindex/ModelrV3.build/Debug/ModelrV3.build/Objects-normal/arm64/ModelrV3_const_extract_protocols.json -enable-experimental-feature DebugDescriptionMacro -enable-bare-slash-regex -empty-abi-descriptor -validate-clang-modules-once -clang-build-session-file /Users/zimengx/Code/MacOS_Utilities/Modelr/v3/build/ModuleCache.noindex/Session.modulevalidation -Xcc -working-directory -Xcc /Users/zimengx/Code/MacOS_Utilities/Modelr/v3 -enable-anonymous-context-mangled-names -file-compilation-dir /Users/zimengx/Code/MacOS_Utilities/Modelr/v3 -Xcc -D_LIBCPP_HARDENING_MODE\=_LIBCPP_HARDENING_MODE_DEBUG -Xcc -ivfsstatcache -Xcc /Users/zimengx/Code/MacOS_Utilities/Modelr/v3/build/SDKStatCaches.noindex/macosx26.2-25C57-8e261bc56bcf93cdf4ad792911627a89.sdkstatcache -Xcc -I/Users/zimengx/Code/MacOS_Utilities/Modelr/v3/build/Build/Intermediates.noindex/ModelrV3.build/Debug/ModelrV3.build/swift-overrides.hmap -Xcc -iquote -Xcc /Users/zimengx/Code/MacOS_Utilities/Modelr/v3/build/Build/Intermediates.noindex/ModelrV3.build/Debug/ModelrV3.build/ModelrV3-generated-files.hmap -Xcc -I/Users/zimengx/Code/MacOS_Utilities/Modelr/v3/build/Build/Intermediates.noindex/ModelrV3.build/Debug/ModelrV3.build/ModelrV3-own-target-headers.hmap -Xcc -I/Users/zimengx/Code/MacOS_Utilities/Modelr/v3/build/Build/Intermediates.noindex/ModelrV3.build/Debug/ModelrV3.build/ModelrV3-all-target-headers.hmap -Xcc -iquote -Xcc /Users/zimengx/Code/MacOS_Utilities/Modelr/v3/build/Build/Intermediates.noindex/ModelrV3.build/Debug/ModelrV3.build/ModelrV3-project-headers.hmap -Xcc -I/Users/zimengx/Code/MacOS_Utilities/Modelr/v3/build/Build/Products/Debug/include -Xcc -I/Users/zimengx/Code/MacOS_Utilities/Modelr/v3/build/Build/Intermediates.noindex/ModelrV3.build/Debug/ModelrV3.build/DerivedSources-normal/arm64 -Xcc -I/Users/zimengx/Code/MacOS_Utilities/Modelr/v3/build/Build/Intermediates.noindex/ModelrV3.build/Debug/ModelrV3.build/DerivedSources/arm64 -Xcc -I/Users/zimengx/Code/MacOS_Utilities/Modelr/v3/build/Build/Intermediates.noindex/ModelrV3.build/Debug/ModelrV3.build/DerivedSources -Xcc -DDEBUG\=1 -no-auto-bridging-header-chaining -module-name ModelrV3 -frontend-parseable-output -disable-clang-spi -target-sdk-version 26.2 -target-sdk-name macosx26.2 -clang-target arm64-apple-macos26.2 -in-process-plugin-server-path /Applications/Xcode-26.2.0.app/Contents/Developer/Toolchains/XcodeDefault.xctoolchain/usr/lib/swift/host/libSwiftInProcPluginServer.dylib -o /Users/zimengx/Code/MacOS_Utilities/Modelr/v3/build/Build/Intermediates.noindex/ModelrV3.build/Debug/ModelrV3.build/Objects-normal/arm64/SimpleEditorViewModel+Generation.o -o /Users/zimengx/Code/MacOS_Utilities/Modelr/v3/build/Build/Intermediates.noindex/ModelrV3.build/Debug/ModelrV3.build/Objects-normal/arm64/SimpleEditorViewModel+PostProcess.o -o /Users/zimengx/Code/MacOS_Utilities/Modelr/v3/build/Build/Intermediates.noindex/ModelrV3.build/Debug/ModelrV3.build/Objects-normal/arm64/SimpleEditorViewModel+Segmentation.o -o /Users/zimengx/Code/MacOS_Utilities/Modelr/v3/build/Build/Intermediates.noindex/ModelrV3.build/Debug/ModelrV3.build/Objects-normal/arm64/SimpleEditorViewModel+Setup.o -index-unit-output-path /ModelrV3.build/Debug/ModelrV3.build/Objects-normal/arm64/SimpleEditorViewModel+Generation.o -index-unit-output-path /ModelrV3.build/Debug/ModelrV3.build/Objects-normal/arm64/SimpleEditorViewModel+PostProcess.o -index-unit-output-path /ModelrV3.build/Debug/ModelrV3.build/Objects-normal/arm64/SimpleEditorViewModel+Segmentation.o -index-unit-output-path /ModelrV3.build/Debug/ModelrV3.build/Objects-normal/arm64/SimpleEditorViewModel+Setup.o -index-store-path /Users/zimengx/Code/MacOS_Utilities/Modelr/v3/build/Index.noindex/DataStore -index-system-modules

SwiftCompile normal arm64 /Users/zimengx/Code/MacOS_Utilities/Modelr/v3/ModelrV3/Features/Editor/ViewModels/SimpleEditorViewModel+Generation.swift (in target 'ModelrV3' from project 'ModelrV3')
    cd /Users/zimengx/Code/MacOS_Utilities/Modelr/v3
    

SwiftCompile normal arm64 /Users/zimengx/Code/MacOS_Utilities/Modelr/v3/ModelrV3/Features/Editor/ViewModels/SimpleEditorViewModel+PostProcess.swift (in target 'ModelrV3' from project 'ModelrV3')
    cd /Users/zimengx/Code/MacOS_Utilities/Modelr/v3
    

SwiftCompile normal arm64 /Users/zimengx/Code/MacOS_Utilities/Modelr/v3/ModelrV3/Features/Editor/ViewModels/SimpleEditorViewModel+Segmentation.swift (in target 'ModelrV3' from project 'ModelrV3')
    cd /Users/zimengx/Code/MacOS_Utilities/Modelr/v3
    

SwiftCompile normal arm64 /Users/zimengx/Code/MacOS_Utilities/Modelr/v3/ModelrV3/Features/Editor/ViewModels/SimpleEditorViewModel+Setup.swift (in target 'ModelrV3' from project 'ModelrV3')
    cd /Users/zimengx/Code/MacOS_Utilities/Modelr/v3
    
/Users/zimengx/Code/MacOS_Utilities/Modelr/v3/ModelrV3/Features/Editor/ViewModels/SimpleEditorViewModel+Setup.swift:39:37: warning: result of call to 'run(resultType:body:)' is unused
                    await MainActor.run {
                                    ^   ~
/Users/zimengx/Code/MacOS_Utilities/Modelr/v3/ModelrV3/Features/Editor/ViewModels/SimpleEditorViewModel+Setup.swift:60:9: error: cannot find 'downloadStartTime' in scope
        downloadStartTime = Date()
        ^~~~~~~~~~~~~~~~~
/Users/zimengx/Code/MacOS_Utilities/Modelr/v3/ModelrV3/Features/Editor/ViewModels/SimpleEditorViewModel+Setup.swift:254:9: error: cannot find 'downloadStartTime' in scope
        downloadStartTime = nil
        ^~~~~~~~~~~~~~~~~

SwiftCompile normal arm64 Compiling\ PythonBridge.swift,\ PythonDependencyService.swift,\ PythonEnvironmentCoordinator.swift,\ PythonProcessManager.swift /Users/zimengx/Code/MacOS_Utilities/Modelr/v3/ModelrV3/Core/Services/Python/PythonBridge.swift /Users/zimengx/Code/MacOS_Utilities/Modelr/v3/ModelrV3/Core/Services/Python/PythonDependencyService.swift /Users/zimengx/Code/MacOS_Utilities/Modelr/v3/ModelrV3/Core/Services/Python/PythonEnvironmentCoordinator.swift /Users/zimengx/Code/MacOS_Utilities/Modelr/v3/ModelrV3/Core/Services/Python/PythonProcessManager.swift (in target 'ModelrV3' from project 'ModelrV3')

SwiftCompile normal arm64 /Users/zimengx/Code/MacOS_Utilities/Modelr/v3/ModelrV3/Core/Services/Python/PythonBridge.swift (in target 'ModelrV3' from project 'ModelrV3')
    cd /Users/zimengx/Code/MacOS_Utilities/Modelr/v3
    
/Users/zimengx/Code/MacOS_Utilities/Modelr/v3/ModelrV3/Core/Services/Python/PythonBridge.swift:65:31: warning: capture of 'self' with non-Sendable type 'PythonBridge?' in a '@Sendable' closure
                if let cont = self?.pendingContinuation {
                              ^
/Users/zimengx/Code/MacOS_Utilities/Modelr/v3/ModelrV3/Core/Services/Python/PythonBridge.swift:5:7: note: class 'PythonBridge' does not conform to the 'Sendable' protocol
class PythonBridge {
      ^

SwiftCompile normal arm64 /Users/zimengx/Code/MacOS_Utilities/Modelr/v3/ModelrV3/Core/Services/Python/PythonDependencyService.swift (in target 'ModelrV3' from project 'ModelrV3')
    cd /Users/zimengx/Code/MacOS_Utilities/Modelr/v3
    
/Users/zimengx/Code/MacOS_Utilities/Modelr/v3/ModelrV3/Core/Services/Python/PythonBridge.swift:65:31: warning: capture of 'self' with non-Sendable type 'PythonBridge?' in a '@Sendable' closure
                if let cont = self?.pendingContinuation {
                              ^
/Users/zimengx/Code/MacOS_Utilities/Modelr/v3/ModelrV3/Core/Services/Python/PythonBridge.swift:5:7: note: class 'PythonBridge' does not conform to the 'Sendable' protocol
class PythonBridge {
      ^

SwiftCompile normal arm64 /Users/zimengx/Code/MacOS_Utilities/Modelr/v3/ModelrV3/Core/Services/Python/PythonEnvironmentCoordinator.swift (in target 'ModelrV3' from project 'ModelrV3')
    cd /Users/zimengx/Code/MacOS_Utilities/Modelr/v3
    
/Users/zimengx/Code/MacOS_Utilities/Modelr/v3/ModelrV3/Core/Services/Python/PythonBridge.swift:65:31: warning: capture of 'self' with non-Sendable type 'PythonBridge?' in a '@Sendable' closure
                if let cont = self?.pendingContinuation {
                              ^
/Users/zimengx/Code/MacOS_Utilities/Modelr/v3/ModelrV3/Core/Services/Python/PythonBridge.swift:5:7: note: class 'PythonBridge' does not conform to the 'Sendable' protocol
class PythonBridge {
      ^

SwiftCompile normal arm64 /Users/zimengx/Code/MacOS_Utilities/Modelr/v3/ModelrV3/Core/Services/Python/PythonProcessManager.swift (in target 'ModelrV3' from project 'ModelrV3')
    cd /Users/zimengx/Code/MacOS_Utilities/Modelr/v3
    
/Users/zimengx/Code/MacOS_Utilities/Modelr/v3/ModelrV3/Core/Services/Python/PythonBridge.swift:65:31: warning: capture of 'self' with non-Sendable type 'PythonBridge?' in a '@Sendable' closure
                if let cont = self?.pendingContinuation {
                              ^
/Users/zimengx/Code/MacOS_Utilities/Modelr/v3/ModelrV3/Core/Services/Python/PythonBridge.swift:5:7: note: class 'PythonBridge' does not conform to the 'Sendable' protocol
class PythonBridge {
      ^
/Users/zimengx/Code/MacOS_Utilities/Modelr/v3/ModelrV3/Core/Services/Python/PythonProcessManager.swift:200:17: warning: reference to captured var 'self' in concurrently-executing code; this is an error in the Swift 6 language mode
                self?.currentGenerationProcess = nil
                ^

SwiftCompile normal arm64 Compiling\ PythonProtocolModels.swift,\ PythonServiceProtocol.swift,\ SecureFileManager.swift,\ SecureLogger.swift /Users/zimengx/Code/MacOS_Utilities/Modelr/v3/ModelrV3/Core/Models/PythonProtocolModels.swift /Users/zimengx/Code/MacOS_Utilities/Modelr/v3/ModelrV3/Core/Services/PythonServiceProtocol.swift /Users/zimengx/Code/MacOS_Utilities/Modelr/v3/ModelrV3/Utilities/Security/SecureFileManager.swift /Users/zimengx/Code/MacOS_Utilities/Modelr/v3/ModelrV3/Utilities/Security/SecureLogger.swift (in target 'ModelrV3' from project 'ModelrV3')

SwiftCompile normal arm64 /Users/zimengx/Code/MacOS_Utilities/Modelr/v3/ModelrV3/Core/Models/PythonProtocolModels.swift (in target 'ModelrV3' from project 'ModelrV3')
    cd /Users/zimengx/Code/MacOS_Utilities/Modelr/v3
    

SwiftCompile normal arm64 /Users/zimengx/Code/MacOS_Utilities/Modelr/v3/ModelrV3/Core/Services/PythonServiceProtocol.swift (in target 'ModelrV3' from project 'ModelrV3')
    cd /Users/zimengx/Code/MacOS_Utilities/Modelr/v3
    

SwiftCompile normal arm64 /Users/zimengx/Code/MacOS_Utilities/Modelr/v3/ModelrV3/Utilities/Security/SecureFileManager.swift (in target 'ModelrV3' from project 'ModelrV3')
    cd /Users/zimengx/Code/MacOS_Utilities/Modelr/v3
    
/Users/zimengx/Code/MacOS_Utilities/Modelr/v3/ModelrV3/Utilities/Security/SecureFileManager.swift:42:27: warning: result of call to 'validateURL' is unused
        try pathValidator.validateURL(url)
                          ^          ~~~~~
/Users/zimengx/Code/MacOS_Utilities/Modelr/v3/ModelrV3/Utilities/Security/SecureFileManager.swift:67:27: warning: result of call to 'validateURL' is unused
        try pathValidator.validateURL(url)
                          ^          ~~~~~
/Users/zimengx/Code/MacOS_Utilities/Modelr/v3/ModelrV3/Utilities/Security/SecureFileManager.swift:97:27: warning: result of call to 'validateURL' is unused
        try pathValidator.validateURL(url)
                          ^          ~~~~~
/Users/zimengx/Code/MacOS_Utilities/Modelr/v3/ModelrV3/Utilities/Security/SecureFileManager.swift:134:27: warning: result of call to 'validateURL' is unused
        try pathValidator.validateURL(url)
                          ^          ~~~~~
/Users/zimengx/Code/MacOS_Utilities/Modelr/v3/ModelrV3/Utilities/Security/SecureFileManager.swift:148:27: warning: result of call to 'validateURL' is unused
        try pathValidator.validateURL(url)
                          ^          ~~~~~
/Users/zimengx/Code/MacOS_Utilities/Modelr/v3/ModelrV3/Utilities/Security/SecureFileManager.swift:164:27: warning: result of call to 'validateURL' is unused
        try pathValidator.validateURL(source)
                          ^          ~~~~~~~~
/Users/zimengx/Code/MacOS_Utilities/Modelr/v3/ModelrV3/Utilities/Security/SecureFileManager.swift:165:27: warning: result of call to 'validateURL' is unused
        try pathValidator.validateURL(destination)
                          ^          ~~~~~~~~~~~~~
/Users/zimengx/Code/MacOS_Utilities/Modelr/v3/ModelrV3/Utilities/Security/SecureFileManager.swift:182:27: warning: result of call to 'validateURL' is unused
        try pathValidator.validateURL(source)
                          ^          ~~~~~~~~
/Users/zimengx/Code/MacOS_Utilities/Modelr/v3/ModelrV3/Utilities/Security/SecureFileManager.swift:183:27: warning: result of call to 'validateURL' is unused
        try pathValidator.validateURL(destination)
                          ^          ~~~~~~~~~~~~~
/Users/zimengx/Code/MacOS_Utilities/Modelr/v3/ModelrV3/Utilities/Security/SecureFileManager.swift:223:27: warning: result of call to 'validateURL' is unused
        try pathValidator.validateURL(url)
                          ^          ~~~~~

SwiftCompile normal arm64 /Users/zimengx/Code/MacOS_Utilities/Modelr/v3/ModelrV3/Utilities/Security/SecureLogger.swift (in target 'ModelrV3' from project 'ModelrV3')
    cd /Users/zimengx/Code/MacOS_Utilities/Modelr/v3
    

SwiftCompile normal arm64 Compiling\ MeshModels.swift,\ ModelViewer.swift,\ ModelViewerDebug.swift,\ ModelrV3App.swift /Users/zimengx/Code/MacOS_Utilities/Modelr/v3/ModelrV3/Core/Models/MeshModels.swift /Users/zimengx/Code/MacOS_Utilities/Modelr/v3/ModelrV3/Features/Model3D/Views/ModelViewer.swift /Users/zimengx/Code/MacOS_Utilities/Modelr/v3/ModelrV3/Features/Model3D/Views/ModelViewerDebug.swift /Users/zimengx/Code/MacOS_Utilities/Modelr/v3/ModelrV3/App/ModelrV3App.swift (in target 'ModelrV3' from project 'ModelrV3')

SwiftCompile normal arm64 /Users/zimengx/Code/MacOS_Utilities/Modelr/v3/ModelrV3/Core/Models/MeshModels.swift (in target 'ModelrV3' from project 'ModelrV3')
    cd /Users/zimengx/Code/MacOS_Utilities/Modelr/v3
    

SwiftCompile normal arm64 /Users/zimengx/Code/MacOS_Utilities/Modelr/v3/ModelrV3/Features/Model3D/Views/ModelViewer.swift (in target 'ModelrV3' from project 'ModelrV3')
    cd /Users/zimengx/Code/MacOS_Utilities/Modelr/v3
    

SwiftCompile normal arm64 /Users/zimengx/Code/MacOS_Utilities/Modelr/v3/ModelrV3/Features/Model3D/Views/ModelViewerDebug.swift (in target 'ModelrV3' from project 'ModelrV3')
    cd /Users/zimengx/Code/MacOS_Utilities/Modelr/v3
    

SwiftCompile normal arm64 /Users/zimengx/Code/MacOS_Utilities/Modelr/v3/ModelrV3/App/ModelrV3App.swift (in target 'ModelrV3' from project 'ModelrV3')
    cd /Users/zimengx/Code/MacOS_Utilities/Modelr/v3
    

SwiftCompile normal arm64 Compiling\ AnnotationModels.swift,\ AppConstants.swift,\ AppDesign.swift,\ AppError.swift /Users/zimengx/Code/MacOS_Utilities/Modelr/v3/ModelrV3/Core/Models/AnnotationModels.swift /Users/zimengx/Code/MacOS_Utilities/Modelr/v3/ModelrV3/Core/Constants/AppConstants.swift /Users/zimengx/Code/MacOS_Utilities/Modelr/v3/ModelrV3/Design/AppDesign.swift /Users/zimengx/Code/MacOS_Utilities/Modelr/v3/ModelrV3/Core/Constants/AppError.swift (in target 'ModelrV3' from project 'ModelrV3')

SwiftCompile normal arm64 /Users/zimengx/Code/MacOS_Utilities/Modelr/v3/ModelrV3/Core/Models/AnnotationModels.swift (in target 'ModelrV3' from project 'ModelrV3')
    cd /Users/zimengx/Code/MacOS_Utilities/Modelr/v3
    

SwiftCompile normal arm64 /Users/zimengx/Code/MacOS_Utilities/Modelr/v3/ModelrV3/Core/Constants/AppConstants.swift (in target 'ModelrV3' from project 'ModelrV3')
    cd /Users/zimengx/Code/MacOS_Utilities/Modelr/v3
    

SwiftCompile normal arm64 /Users/zimengx/Code/MacOS_Utilities/Modelr/v3/ModelrV3/Design/AppDesign.swift (in target 'ModelrV3' from project 'ModelrV3')
    cd /Users/zimengx/Code/MacOS_Utilities/Modelr/v3
    

SwiftCompile normal arm64 /Users/zimengx/Code/MacOS_Utilities/Modelr/v3/ModelrV3/Core/Constants/AppError.swift (in target 'ModelrV3' from project 'ModelrV3')
    cd /Users/zimengx/Code/MacOS_Utilities/Modelr/v3
    

SwiftCompile normal arm64 Compiling\ ImageCanvasHelpers.swift,\ ImageFileService.swift,\ ImageService.swift,\ LassoOverlay.swift /Users/zimengx/Code/MacOS_Utilities/Modelr/v3/ModelrV3/Features/Editor/Views/SimpleEditor/ImageCanvasHelpers.swift /Users/zimengx/Code/MacOS_Utilities/Modelr/v3/ModelrV3/Utilities/Security/ImageFileService.swift /Users/zimengx/Code/MacOS_Utilities/Modelr/v3/ModelrV3/Core/Services/ImageService.swift /Users/zimengx/Code/MacOS_Utilities/Modelr/v3/ModelrV3/Features/Editor/Views/LassoOverlay.swift (in target 'ModelrV3' from project 'ModelrV3')

SwiftCompile normal arm64 /Users/zimengx/Code/MacOS_Utilities/Modelr/v3/ModelrV3/Features/Editor/Views/SimpleEditor/ImageCanvasHelpers.swift (in target 'ModelrV3' from project 'ModelrV3')
    cd /Users/zimengx/Code/MacOS_Utilities/Modelr/v3
    

SwiftCompile normal arm64 /Users/zimengx/Code/MacOS_Utilities/Modelr/v3/ModelrV3/Utilities/Security/ImageFileService.swift (in target 'ModelrV3' from project 'ModelrV3')
    cd /Users/zimengx/Code/MacOS_Utilities/Modelr/v3
    
/Users/zimengx/Code/MacOS_Utilities/Modelr/v3/ModelrV3/Utilities/Security/ImageFileService.swift:21:27: warning: result of call to 'validateURL' is unused
        try pathValidator.validateURL(url)
                          ^          ~~~~~
/Users/zimengx/Code/MacOS_Utilities/Modelr/v3/ModelrV3/Utilities/Security/ImageFileService.swift:46:27: warning: result of call to 'validateURL' is unused
        try pathValidator.validateURL(url)
                          ^          ~~~~~
/Users/zimengx/Code/MacOS_Utilities/Modelr/v3/ModelrV3/Utilities/Security/ImageFileService.swift:71:27: warning: result of call to 'validateURL' is unused
        try pathValidator.validateURL(url)
                          ^          ~~~~~

SwiftCompile normal arm64 /Users/zimengx/Code/MacOS_Utilities/Modelr/v3/ModelrV3/Core/Services/ImageService.swift (in target 'ModelrV3' from project 'ModelrV3')
    cd /Users/zimengx/Code/MacOS_Utilities/Modelr/v3
    

SwiftCompile normal arm64 /Users/zimengx/Code/MacOS_Utilities/Modelr/v3/ModelrV3/Features/Editor/Views/LassoOverlay.swift (in target 'ModelrV3' from project 'ModelrV3')
    cd /Users/zimengx/Code/MacOS_Utilities/Modelr/v3
    

SwiftCompile normal arm64 Compiling\ EditorView.swift,\ EditorViewModel+Gestures.swift,\ EditorViewModel+Preprocessing.swift,\ EditorViewModel.swift /Users/zimengx/Code/MacOS_Utilities/Modelr/v3/ModelrV3/Features/Editor/Views/Advanced/EditorView.swift /Users/zimengx/Code/MacOS_Utilities/Modelr/v3/ModelrV3/Features/Editor/ViewModels/EditorViewModel+Gestures.swift /Users/zimengx/Code/MacOS_Utilities/Modelr/v3/ModelrV3/Features/Editor/ViewModels/EditorViewModel+Preprocessing.swift /Users/zimengx/Code/MacOS_Utilities/Modelr/v3/ModelrV3/Features/Editor/ViewModels/EditorViewModel.swift (in target 'ModelrV3' from project 'ModelrV3')

SwiftCompile normal arm64 /Users/zimengx/Code/MacOS_Utilities/Modelr/v3/ModelrV3/Features/Editor/Views/Advanced/EditorView.swift (in target 'ModelrV3' from project 'ModelrV3')
    cd /Users/zimengx/Code/MacOS_Utilities/Modelr/v3
    

SwiftCompile normal arm64 /Users/zimengx/Code/MacOS_Utilities/Modelr/v3/ModelrV3/Features/Editor/ViewModels/EditorViewModel+Gestures.swift (in target 'ModelrV3' from project 'ModelrV3')
    cd /Users/zimengx/Code/MacOS_Utilities/Modelr/v3
    

SwiftCompile normal arm64 /Users/zimengx/Code/MacOS_Utilities/Modelr/v3/ModelrV3/Features/Editor/ViewModels/EditorViewModel+Preprocessing.swift (in target 'ModelrV3' from project 'ModelrV3')
    cd /Users/zimengx/Code/MacOS_Utilities/Modelr/v3
    

SwiftCompile normal arm64 /Users/zimengx/Code/MacOS_Utilities/Modelr/v3/ModelrV3/Features/Editor/ViewModels/EditorViewModel.swift (in target 'ModelrV3' from project 'ModelrV3')
    cd /Users/zimengx/Code/MacOS_Utilities/Modelr/v3
    
/Users/zimengx/Code/MacOS_Utilities/Modelr/v3/ModelrV3/Features/Editor/ViewModels/EditorViewModel.swift:696:32: warning: immutable value 'primaryMaskURL' was never used; consider replacing with '_' or removing it
                let (maskURLs, primaryMaskURL, scores, confidenceMapURL) = try await self.env.predict(
                               ^~~~~~~~~~~~~~
                               _
/Users/zimengx/Code/MacOS_Utilities/Modelr/v3/ModelrV3/Features/Editor/ViewModels/EditorViewModel.swift:718:21: warning: initialization of immutable value 'alphaData' was never used; consider replacing with assignment to '_' or removing it
                let alphaData = await MainActor.run { self.sourceAlphaData }
                ~~~~^~~~~~~~~
                _
/Users/zimengx/Code/MacOS_Utilities/Modelr/v3/ModelrV3/Features/Editor/ViewModels/EditorViewModel.swift:719:21: warning: initialization of immutable value 'alphaWidth' was never used; consider replacing with assignment to '_' or removing it
                let alphaWidth = await MainActor.run { self.sourceAlphaWidth }
                ~~~~^~~~~~~~~~
                _
/Users/zimengx/Code/MacOS_Utilities/Modelr/v3/ModelrV3/Features/Editor/ViewModels/EditorViewModel.swift:720:21: warning: initialization of immutable value 'alphaHeight' was never used; consider replacing with assignment to '_' or removing it
                let alphaHeight = await MainActor.run { self.sourceAlphaHeight }
                ~~~~^~~~~~~~~~~
                _
/Users/zimengx/Code/MacOS_Utilities/Modelr/v3/ModelrV3/Features/Editor/ViewModels/EditorViewModel.swift:734:40: warning: reference to captured var 'loadedMasks' in concurrently-executing code; this is an error in the Swift 6 language mode
                    self.maskOptions = loadedMasks
                                       ^
/Users/zimengx/Code/MacOS_Utilities/Modelr/v3/ModelrV3/Features/Editor/ViewModels/EditorViewModel.swift:735:45: warning: reference to captured var 'loadedPaths' in concurrently-executing code; this is an error in the Swift 6 language mode
                    self.maskOptionsPaths = loadedPaths
                                            ^
/Users/zimengx/Code/MacOS_Utilities/Modelr/v3/ModelrV3/Features/Editor/ViewModels/EditorViewModel.swift:738:47: warning: reference to captured var 'processedCache' in concurrently-executing code; this is an error in the Swift 6 language mode
                    self.processedMaskCache = processedCache
                                              ^
/Users/zimengx/Code/MacOS_Utilities/Modelr/v3/ModelrV3/Features/Editor/ViewModels/EditorViewModel.swift:739:38: warning: reference to captured var 'processedCache' in concurrently-executing code; this is an error in the Swift 6 language mode
                    self.maskImage = processedCache[0] ?? loadedMasks.first!
                                     ^
/Users/zimengx/Code/MacOS_Utilities/Modelr/v3/ModelrV3/Features/Editor/ViewModels/EditorViewModel.swift:739:59: warning: reference to captured var 'loadedMasks' in concurrently-executing code; this is an error in the Swift 6 language mode
                    self.maskImage = processedCache[0] ?? loadedMasks.first!
                                                          ^
/Users/zimengx/Code/MacOS_Utilities/Modelr/v3/ModelrV3/Features/Editor/ViewModels/EditorViewModel.swift:741:38: warning: reference to captured var 'loadedConfidenceMap' in concurrently-executing code; this is an error in the Swift 6 language mode
                    if let confMap = loadedConfidenceMap {
                                     ^

SwiftCompile normal arm64 Compiling\ EditorCanvas.swift,\ EditorHeader.swift,\ EditorSidebar.swift,\ EditorTopBar.swift /Users/zimengx/Code/MacOS_Utilities/Modelr/v3/ModelrV3/Features/Editor/Views/Advanced/EditorCanvas.swift /Users/zimengx/Code/MacOS_Utilities/Modelr/v3/ModelrV3/Features/Editor/Views/Advanced/EditorHeader.swift /Users/zimengx/Code/MacOS_Utilities/Modelr/v3/ModelrV3/Features/Editor/Views/Advanced/EditorSidebar.swift /Users/zimengx/Code/MacOS_Utilities/Modelr/v3/ModelrV3/Features/Editor/Views/SimpleEditor/EditorTopBar.swift (in target 'ModelrV3' from project 'ModelrV3')

SwiftCompile normal arm64 /Users/zimengx/Code/MacOS_Utilities/Modelr/v3/ModelrV3/Features/Editor/Views/Advanced/EditorCanvas.swift (in target 'ModelrV3' from project 'ModelrV3')
    cd /Users/zimengx/Code/MacOS_Utilities/Modelr/v3
    
/Users/zimengx/Code/MacOS_Utilities/Modelr/v3/ModelrV3/Features/Editor/Views/Advanced/EditorCanvas.swift:237:31: warning: call to main actor-isolated instance method 'saveAndLoad(image:)' in a synchronous nonisolated context
                    viewModel.saveAndLoad(image: image)
                              ^
/Users/zimengx/Code/MacOS_Utilities/Modelr/v3/ModelrV3/Features/Editor/ViewModels/EditorViewModel.swift:228:10: note: calls to instance method 'saveAndLoad(image:)' from outside of its actor context are implicitly asynchronous
    func saveAndLoad(image: NSImage) {
         ^
/Users/zimengx/Code/MacOS_Utilities/Modelr/v3/ModelrV3/Features/Editor/Views/Advanced/EditorCanvas.swift:296:13: warning: using '_' to ignore the result of a Void-returning function is redundant
            _ = provider.loadItem(forTypeIdentifier: "public.file-url", options: nil) { (data, error) in
            ^~~~
            

SwiftCompile normal arm64 /Users/zimengx/Code/MacOS_Utilities/Modelr/v3/ModelrV3/Features/Editor/Views/Advanced/EditorHeader.swift (in target 'ModelrV3' from project 'ModelrV3')
    cd /Users/zimengx/Code/MacOS_Utilities/Modelr/v3
    

SwiftCompile normal arm64 /Users/zimengx/Code/MacOS_Utilities/Modelr/v3/ModelrV3/Features/Editor/Views/Advanced/EditorSidebar.swift (in target 'ModelrV3' from project 'ModelrV3')
    cd /Users/zimengx/Code/MacOS_Utilities/Modelr/v3
    

SwiftCompile normal arm64 /Users/zimengx/Code/MacOS_Utilities/Modelr/v3/ModelrV3/Features/Editor/Views/SimpleEditor/EditorTopBar.swift (in target 'ModelrV3' from project 'ModelrV3')
    cd /Users/zimengx/Code/MacOS_Utilities/Modelr/v3
    

SwiftCompile normal arm64 Compiling\ SegmentPanel.swift,\ SegmentationEntry.swift,\ SegmentationPanel.swift,\ SetupManager.swift /Users/zimengx/Code/MacOS_Utilities/Modelr/v3/ModelrV3/Features/Editor/Views/Advanced/Panels/SegmentPanel.swift /Users/zimengx/Code/MacOS_Utilities/Modelr/v3/ModelrV3/Core/Models/SegmentationEntry.swift /Users/zimengx/Code/MacOS_Utilities/Modelr/v3/ModelrV3/Features/Editor/Views/SimpleEditor/SegmentationPanel.swift /Users/zimengx/Code/MacOS_Utilities/Modelr/v3/ModelrV3/Features/Setup/SetupManager.swift (in target 'ModelrV3' from project 'ModelrV3')

SwiftCompile normal arm64 /Users/zimengx/Code/MacOS_Utilities/Modelr/v3/ModelrV3/Features/Editor/Views/Advanced/Panels/SegmentPanel.swift (in target 'ModelrV3' from project 'ModelrV3')
    cd /Users/zimengx/Code/MacOS_Utilities/Modelr/v3
    

SwiftCompile normal arm64 /Users/zimengx/Code/MacOS_Utilities/Modelr/v3/ModelrV3/Core/Models/SegmentationEntry.swift (in target 'ModelrV3' from project 'ModelrV3')
    cd /Users/zimengx/Code/MacOS_Utilities/Modelr/v3
    

SwiftCompile normal arm64 /Users/zimengx/Code/MacOS_Utilities/Modelr/v3/ModelrV3/Features/Editor/Views/SimpleEditor/SegmentationPanel.swift (in target 'ModelrV3' from project 'ModelrV3')
    cd /Users/zimengx/Code/MacOS_Utilities/Modelr/v3
    

SwiftCompile normal arm64 /Users/zimengx/Code/MacOS_Utilities/Modelr/v3/ModelrV3/Features/Setup/SetupManager.swift (in target 'ModelrV3' from project 'ModelrV3')
    cd /Users/zimengx/Code/MacOS_Utilities/Modelr/v3
    

SwiftCompile normal arm64 Compiling\ GeneratePanel.swift,\ GenerationModels.swift,\ GenerationPanel.swift,\ ImageCanvas.swift /Users/zimengx/Code/MacOS_Utilities/Modelr/v3/ModelrV3/Features/Editor/Views/Advanced/Panels/GeneratePanel.swift /Users/zimengx/Code/MacOS_Utilities/Modelr/v3/ModelrV3/Core/Models/GenerationModels.swift /Users/zimengx/Code/MacOS_Utilities/Modelr/v3/ModelrV3/Features/Editor/Views/SimpleEditor/GenerationPanel.swift /Users/zimengx/Code/MacOS_Utilities/Modelr/v3/ModelrV3/Features/Editor/Views/SimpleEditor/ImageCanvas.swift (in target 'ModelrV3' from project 'ModelrV3')

SwiftCompile normal arm64 /Users/zimengx/Code/MacOS_Utilities/Modelr/v3/ModelrV3/Features/Editor/Views/Advanced/Panels/GeneratePanel.swift (in target 'ModelrV3' from project 'ModelrV3')
    cd /Users/zimengx/Code/MacOS_Utilities/Modelr/v3
    

SwiftCompile normal arm64 /Users/zimengx/Code/MacOS_Utilities/Modelr/v3/ModelrV3/Core/Models/GenerationModels.swift (in target 'ModelrV3' from project 'ModelrV3')
    cd /Users/zimengx/Code/MacOS_Utilities/Modelr/v3
    

SwiftCompile normal arm64 /Users/zimengx/Code/MacOS_Utilities/Modelr/v3/ModelrV3/Features/Editor/Views/SimpleEditor/GenerationPanel.swift (in target 'ModelrV3' from project 'ModelrV3')
    cd /Users/zimengx/Code/MacOS_Utilities/Modelr/v3
    

SwiftCompile normal arm64 /Users/zimengx/Code/MacOS_Utilities/Modelr/v3/ModelrV3/Features/Editor/Views/SimpleEditor/ImageCanvas.swift (in target 'ModelrV3' from project 'ModelrV3')
    cd /Users/zimengx/Code/MacOS_Utilities/Modelr/v3
    

SwiftCompile normal arm64 Compiling\ TouchupPanel.swift,\ WorkflowProgressBar.swift,\ ZoomableScrollView.swift /Users/zimengx/Code/MacOS_Utilities/Modelr/v3/ModelrV3/Features/Editor/Views/SimpleEditor/TouchupPanel.swift /Users/zimengx/Code/MacOS_Utilities/Modelr/v3/ModelrV3/Features/Editor/Views/WorkflowProgressBar.swift /Users/zimengx/Code/MacOS_Utilities/Modelr/v3/ModelrV3/Features/Editor/Views/ZoomableScrollView.swift (in target 'ModelrV3' from project 'ModelrV3')

SwiftCompile normal arm64 /Users/zimengx/Code/MacOS_Utilities/Modelr/v3/ModelrV3/Features/Editor/Views/SimpleEditor/TouchupPanel.swift (in target 'ModelrV3' from project 'ModelrV3')
    cd /Users/zimengx/Code/MacOS_Utilities/Modelr/v3
    

SwiftCompile normal arm64 /Users/zimengx/Code/MacOS_Utilities/Modelr/v3/ModelrV3/Features/Editor/Views/WorkflowProgressBar.swift (in target 'ModelrV3' from project 'ModelrV3')
    cd /Users/zimengx/Code/MacOS_Utilities/Modelr/v3
    

SwiftCompile normal arm64 /Users/zimengx/Code/MacOS_Utilities/Modelr/v3/ModelrV3/Features/Editor/Views/ZoomableScrollView.swift (in target 'ModelrV3' from project 'ModelrV3')
    cd /Users/zimengx/Code/MacOS_Utilities/Modelr/v3
    

SwiftDriverJobDiscovery normal arm64 Emitting module for ModelrV3 (in target 'ModelrV3' from project 'ModelrV3')

SwiftDriver\ Compilation\ Requirements ModelrV3 normal arm64 com.apple.xcode.tools.swift.compiler (in target 'ModelrV3' from project 'ModelrV3')
    cd /Users/zimengx/Code/MacOS_Utilities/Modelr/v3
    builtin-Swift-Compilation-Requirements -- /Applications/Xcode-26.2.0.app/Contents/Developer/Toolchains/XcodeDefault.xctoolchain/usr/bin/swiftc -module-name ModelrV3 -Onone -enforce-exclusivity\=checked @/Users/zimengx/Code/MacOS_Utilities/Modelr/v3/build/Build/Intermediates.noindex/ModelrV3.build/Debug/ModelrV3.build/Objects-normal/arm64/ModelrV3.SwiftFileList -DDEBUG -enable-bare-slash-regex -enable-experimental-feature DebugDescriptionMacro -sdk /Applications/Xcode-26.2.0.app/Contents/Developer/Platforms/MacOSX.platform/Developer/SDKs/MacOSX26.2.sdk -target arm64-apple-macos14.0 -g -module-cache-path /Users/zimengx/Code/MacOS_Utilities/Modelr/v3/build/ModuleCache.noindex -Xfrontend -serialize-debugging-options -profile-coverage-mapping -profile-generate -enable-testing -index-store-path /Users/zimengx/Code/MacOS_Utilities/Modelr/v3/build/Index.noindex/DataStore -Xcc -D_LIBCPP_HARDENING_MODE\=_LIBCPP_HARDENING_MODE_DEBUG -swift-version 5 -I /Users/zimengx/Code/MacOS_Utilities/Modelr/v3/build/Build/Products/Debug -F /Users/zimengx/Code/MacOS_Utilities/Modelr/v3/build/Build/Products/Debug -c -j16 -enable-batch-mode -incremental -Xcc -ivfsstatcache -Xcc /Users/zimengx/Code/MacOS_Utilities/Modelr/v3/build/SDKStatCaches.noindex/macosx26.2-25C57-8e261bc56bcf93cdf4ad792911627a89.sdkstatcache -output-file-map /Users/zimengx/Code/MacOS_Utilities/Modelr/v3/build/Build/Intermediates.noindex/ModelrV3.build/Debug/ModelrV3.build/Objects-normal/arm64/ModelrV3-OutputFileMap.json -use-frontend-parseable-output -save-temps -no-color-diagnostics -explicit-module-build -module-cache-path /Users/zimengx/Code/MacOS_Utilities/Modelr/v3/build/Build/Intermediates.noindex/SwiftExplicitPrecompiledModules -clang-scanner-module-cache-path /Users/zimengx/Code/MacOS_Utilities/Modelr/v3/build/ModuleCache.noindex -sdk-module-cache-path /Users/zimengx/Code/MacOS_Utilities/Modelr/v3/build/ModuleCache.noindex -serialize-diagnostics -emit-dependencies -emit-module -emit-module-path /Users/zimengx/Code/MacOS_Utilities/Modelr/v3/build/Build/Intermediates.noindex/ModelrV3.build/Debug/ModelrV3.build/Objects-normal/arm64/ModelrV3.swiftmodule -validate-clang-modules-once -clang-build-session-file /Users/zimengx/Code/MacOS_Utilities/Modelr/v3/build/ModuleCache.noindex/Session.modulevalidation -Xcc -I/Users/zimengx/Code/MacOS_Utilities/Modelr/v3/build/Build/Intermediates.noindex/ModelrV3.build/Debug/ModelrV3.build/swift-overrides.hmap -emit-const-values -Xfrontend -const-gather-protocols-file -Xfrontend /Users/zimengx/Code/MacOS_Utilities/Modelr/v3/build/Build/Intermediates.noindex/ModelrV3.build/Debug/ModelrV3.build/Objects-normal/arm64/ModelrV3_const_extract_protocols.json -Xcc -iquote -Xcc /Users/zimengx/Code/MacOS_Utilities/Modelr/v3/build/Build/Intermediates.noindex/ModelrV3.build/Debug/ModelrV3.build/ModelrV3-generated-files.hmap -Xcc -I/Users/zimengx/Code/MacOS_Utilities/Modelr/v3/build/Build/Intermediates.noindex/ModelrV3.build/Debug/ModelrV3.build/ModelrV3-own-target-headers.hmap -Xcc -I/Users/zimengx/Code/MacOS_Utilities/Modelr/v3/build/Build/Intermediates.noindex/ModelrV3.build/Debug/ModelrV3.build/ModelrV3-all-target-headers.hmap -Xcc -iquote -Xcc /Users/zimengx/Code/MacOS_Utilities/Modelr/v3/build/Build/Intermediates.noindex/ModelrV3.build/Debug/ModelrV3.build/ModelrV3-project-headers.hmap -Xcc -I/Users/zimengx/Code/MacOS_Utilities/Modelr/v3/build/Build/Products/Debug/include -Xcc -I/Users/zimengx/Code/MacOS_Utilities/Modelr/v3/build/Build/Intermediates.noindex/ModelrV3.build/Debug/ModelrV3.build/DerivedSources-normal/arm64 -Xcc -I/Users/zimengx/Code/MacOS_Utilities/Modelr/v3/build/Build/Intermediates.noindex/ModelrV3.build/Debug/ModelrV3.build/DerivedSources/arm64 -Xcc -I/Users/zimengx/Code/MacOS_Utilities/Modelr/v3/build/Build/Intermediates.noindex/ModelrV3.build/Debug/ModelrV3.build/DerivedSources -Xcc -DDEBUG\=1 -emit-objc-header -emit-objc-header-path /Users/zimengx/Code/MacOS_Utilities/Modelr/v3/build/Build/Intermediates.noindex/ModelrV3.build/Debug/ModelrV3.build/Objects-normal/arm64/ModelrV3-Swift.h -working-directory /Users/zimengx/Code/MacOS_Utilities/Modelr/v3 -experimental-emit-module-separately -disable-cmo

SwiftDriverJobDiscovery normal arm64 Compiling PythonProtocolModels.swift, PythonServiceProtocol.swift, SecureFileManager.swift, SecureLogger.swift (in target 'ModelrV3' from project 'ModelrV3')

SwiftCompile normal arm64 Compiling\ BaseEditorViewModel.swift,\ BoundingBoxOverlay.swift,\ ComponentModelViewer.swift,\ CoreExtensions.swift /Users/zimengx/Code/MacOS_Utilities/Modelr/v3/ModelrV3/Features/Editor/ViewModels/BaseEditorViewModel.swift /Users/zimengx/Code/MacOS_Utilities/Modelr/v3/ModelrV3/Features/Editor/Views/BoundingBoxOverlay.swift /Users/zimengx/Code/MacOS_Utilities/Modelr/v3/ModelrV3/Features/Model3D/Views/ComponentModelViewer.swift /Users/zimengx/Code/MacOS_Utilities/Modelr/v3/ModelrV3/Core/Models/CoreExtensions.swift (in target 'ModelrV3' from project 'ModelrV3')

SwiftCompile normal arm64 /Users/zimengx/Code/MacOS_Utilities/Modelr/v3/ModelrV3/Features/Editor/ViewModels/BaseEditorViewModel.swift (in target 'ModelrV3' from project 'ModelrV3')
    cd /Users/zimengx/Code/MacOS_Utilities/Modelr/v3
    

SwiftCompile normal arm64 /Users/zimengx/Code/MacOS_Utilities/Modelr/v3/ModelrV3/Features/Editor/Views/BoundingBoxOverlay.swift (in target 'ModelrV3' from project 'ModelrV3')
    cd /Users/zimengx/Code/MacOS_Utilities/Modelr/v3
    

SwiftCompile normal arm64 /Users/zimengx/Code/MacOS_Utilities/Modelr/v3/ModelrV3/Features/Model3D/Views/ComponentModelViewer.swift (in target 'ModelrV3' from project 'ModelrV3')
    cd /Users/zimengx/Code/MacOS_Utilities/Modelr/v3
    

SwiftCompile normal arm64 /Users/zimengx/Code/MacOS_Utilities/Modelr/v3/ModelrV3/Core/Models/CoreExtensions.swift (in target 'ModelrV3' from project 'ModelrV3')
    cd /Users/zimengx/Code/MacOS_Utilities/Modelr/v3
    

SwiftMergeGeneratedHeaders /Users/zimengx/Code/MacOS_Utilities/Modelr/v3/build/Build/Intermediates.noindex/ModelrV3.build/Debug/ModelrV3.build/DerivedSources/ModelrV3-Swift.h /Users/zimengx/Code/MacOS_Utilities/Modelr/v3/build/Build/Intermediates.noindex/ModelrV3.build/Debug/ModelrV3.build/Objects-normal/arm64/ModelrV3-Swift.h (in target 'ModelrV3' from project 'ModelrV3')
    cd /Users/zimengx/Code/MacOS_Utilities/Modelr/v3
    builtin-swiftHeaderTool -arch arm64 /Users/zimengx/Code/MacOS_Utilities/Modelr/v3/build/Build/Intermediates.noindex/ModelrV3.build/Debug/ModelrV3.build/Objects-normal/arm64/ModelrV3-Swift.h -o /Users/zimengx/Code/MacOS_Utilities/Modelr/v3/build/Build/Intermediates.noindex/ModelrV3.build/Debug/ModelrV3.build/DerivedSources/ModelrV3-Swift.h

SwiftDriverJobDiscovery normal arm64 Compiling PythonBridge.swift, PythonDependencyService.swift, PythonEnvironmentCoordinator.swift, PythonProcessManager.swift (in target 'ModelrV3' from project 'ModelrV3')

Copy /Users/zimengx/Code/MacOS_Utilities/Modelr/v3/build/Build/Products/Debug/ModelrV3.swiftmodule/arm64-apple-macos.swiftmodule /Users/zimengx/Code/MacOS_Utilities/Modelr/v3/build/Build/Intermediates.noindex/ModelrV3.build/Debug/ModelrV3.build/Objects-normal/arm64/ModelrV3.swiftmodule (in target 'ModelrV3' from project 'ModelrV3')
    cd /Users/zimengx/Code/MacOS_Utilities/Modelr/v3
    builtin-copy -exclude .DS_Store -exclude CVS -exclude .svn -exclude .git -exclude .hg -resolve-src-symlinks -rename /Users/zimengx/Code/MacOS_Utilities/Modelr/v3/build/Build/Intermediates.noindex/ModelrV3.build/Debug/ModelrV3.build/Objects-normal/arm64/ModelrV3.swiftmodule /Users/zimengx/Code/MacOS_Utilities/Modelr/v3/build/Build/Products/Debug/ModelrV3.swiftmodule/arm64-apple-macos.swiftmodule

Copy /Users/zimengx/Code/MacOS_Utilities/Modelr/v3/build/Build/Products/Debug/ModelrV3.swiftmodule/arm64-apple-macos.swiftdoc /Users/zimengx/Code/MacOS_Utilities/Modelr/v3/build/Build/Intermediates.noindex/ModelrV3.build/Debug/ModelrV3.build/Objects-normal/arm64/ModelrV3.swiftdoc (in target 'ModelrV3' from project 'ModelrV3')
    cd /Users/zimengx/Code/MacOS_Utilities/Modelr/v3
    builtin-copy -exclude .DS_Store -exclude CVS -exclude .svn -exclude .git -exclude .hg -resolve-src-symlinks -rename /Users/zimengx/Code/MacOS_Utilities/Modelr/v3/build/Build/Intermediates.noindex/ModelrV3.build/Debug/ModelrV3.build/Objects-normal/arm64/ModelrV3.swiftdoc /Users/zimengx/Code/MacOS_Utilities/Modelr/v3/build/Build/Products/Debug/ModelrV3.swiftmodule/arm64-apple-macos.swiftdoc

SwiftDriverJobDiscovery normal arm64 Compiling GeneratePanel.swift, GenerationModels.swift, GenerationPanel.swift, ImageCanvas.swift (in target 'ModelrV3' from project 'ModelrV3')

Copy /Users/zimengx/Code/MacOS_Utilities/Modelr/v3/build/Build/Products/Debug/ModelrV3.swiftmodule/arm64-apple-macos.abi.json /Users/zimengx/Code/MacOS_Utilities/Modelr/v3/build/Build/Intermediates.noindex/ModelrV3.build/Debug/ModelrV3.build/Objects-normal/arm64/ModelrV3.abi.json (in target 'ModelrV3' from project 'ModelrV3')
    cd /Users/zimengx/Code/MacOS_Utilities/Modelr/v3
    builtin-copy -exclude .DS_Store -exclude CVS -exclude .svn -exclude .git -exclude .hg -resolve-src-symlinks -rename /Users/zimengx/Code/MacOS_Utilities/Modelr/v3/build/Build/Intermediates.noindex/ModelrV3.build/Debug/ModelrV3.build/Objects-normal/arm64/ModelrV3.abi.json /Users/zimengx/Code/MacOS_Utilities/Modelr/v3/build/Build/Products/Debug/ModelrV3.swiftmodule/arm64-apple-macos.abi.json

Copy /Users/zimengx/Code/MacOS_Utilities/Modelr/v3/build/Build/Products/Debug/ModelrV3.swiftmodule/Project/arm64-apple-macos.swiftsourceinfo /Users/zimengx/Code/MacOS_Utilities/Modelr/v3/build/Build/Intermediates.noindex/ModelrV3.build/Debug/ModelrV3.build/Objects-normal/arm64/ModelrV3.swiftsourceinfo (in target 'ModelrV3' from project 'ModelrV3')
    cd /Users/zimengx/Code/MacOS_Utilities/Modelr/v3
    builtin-copy -exclude .DS_Store -exclude CVS -exclude .svn -exclude .git -exclude .hg -resolve-src-symlinks -rename /Users/zimengx/Code/MacOS_Utilities/Modelr/v3/build/Build/Intermediates.noindex/ModelrV3.build/Debug/ModelrV3.build/Objects-normal/arm64/ModelrV3.swiftsourceinfo /Users/zimengx/Code/MacOS_Utilities/Modelr/v3/build/Build/Products/Debug/ModelrV3.swiftmodule/Project/arm64-apple-macos.swiftsourceinfo

SwiftDriverJobDiscovery normal arm64 Compiling EditorView.swift, EditorViewModel+Gestures.swift, EditorViewModel+Preprocessing.swift, EditorViewModel.swift (in target 'ModelrV3' from project 'ModelrV3')

SwiftDriverJobDiscovery normal arm64 Compiling SimpleEditorViewModel+Touchup.swift, SimpleEditorViewModel.swift, TimeFormatter.swift (in target 'ModelrV3' from project 'ModelrV3')

SwiftDriverJobDiscovery normal arm64 Compiling PaintStrokeOverlay.swift, PathManager.swift, PathValidator.swift, PointsOverlay.swift (in target 'ModelrV3' from project 'ModelrV3')

SwiftDriverJobDiscovery normal arm64 Compiling SetupModelChoice.swift, SetupView.swift, SimpleEditorSidebar.swift, SimpleEditorView.swift (in target 'ModelrV3' from project 'ModelrV3')

SwiftDriverJobDiscovery normal arm64 Compiling SegmentPanel.swift, SegmentationEntry.swift, SegmentationPanel.swift, SetupManager.swift (in target 'ModelrV3' from project 'ModelrV3')

SwiftDriverJobDiscovery normal arm64 Compiling EditorCanvas.swift, EditorHeader.swift, EditorSidebar.swift, EditorTopBar.swift (in target 'ModelrV3' from project 'ModelrV3')

SwiftDriverJobDiscovery normal arm64 Compiling PolygonOverlay.swift, PostProcessPanel.swift, PreprocessPanel.swift, ProgressParser.swift (in target 'ModelrV3' from project 'ModelrV3')

SwiftDriverJobDiscovery normal arm64 Compiling AnnotationModels.swift, AppConstants.swift, AppDesign.swift, AppError.swift (in target 'ModelrV3' from project 'ModelrV3')

SwiftDriverJobDiscovery normal arm64 Compiling TouchupPanel.swift, WorkflowProgressBar.swift, ZoomableScrollView.swift (in target 'ModelrV3' from project 'ModelrV3')

SwiftDriverJobDiscovery normal arm64 Compiling ImageCanvasHelpers.swift, ImageFileService.swift, ImageService.swift, LassoOverlay.swift (in target 'ModelrV3' from project 'ModelrV3')

note: Disabling hardened runtime with ad-hoc codesigning. (in target 'ModelrV3' from project 'ModelrV3')
** BUILD FAILED **


The following build commands failed:
	SwiftCompile normal arm64 Compiling\ SimpleEditorViewModel+Generation.swift,\ SimpleEditorViewModel+PostProcess.swift,\ SimpleEditorViewModel+Segmentation.swift,\ SimpleEditorViewModel+Setup.swift /Users/zimengx/Code/MacOS_Utilities/Modelr/v3/ModelrV3/Features/Editor/ViewModels/SimpleEditorViewModel+Generation.swift /Users/zimengx/Code/MacOS_Utilities/Modelr/v3/ModelrV3/Features/Editor/ViewModels/SimpleEditorViewModel+PostProcess.swift /Users/zimengx/Code/MacOS_Utilities/Modelr/v3/ModelrV3/Features/Editor/ViewModels/SimpleEditorViewModel+Segmentation.swift /Users/zimengx/Code/MacOS_Utilities/Modelr/v3/ModelrV3/Features/Editor/ViewModels/SimpleEditorViewModel+Setup.swift (in target 'ModelrV3' from project 'ModelrV3')
	SwiftCompile normal arm64 /Users/zimengx/Code/MacOS_Utilities/Modelr/v3/ModelrV3/Features/Editor/ViewModels/SimpleEditorViewModel+Setup.swift (in target 'ModelrV3' from project 'ModelrV3')
	Building project ModelrV3 with scheme ModelrV3 and configuration Debug
(3 failures)
make: *** [build] Error 65
