xcodegen generate
⚙️  Generating plists...
⚙️  Generating project...
⚙️  Writing project...
Created project at /Users/zimengx/Code/MacOS_Utilities/Modelr/v3/ModelrV3.xcodeproj
xcodebuild -project ModelrV3.xcodeproj -scheme ModelrV3 -configuration Debug -derivedDataPath build build
Command line invocation:
    /Applications/Xcode-26.2.0.app/Contents/Developer/usr/bin/xcodebuild -project ModelrV3.xcodeproj -scheme ModelrV3 -configuration Debug -derivedDataPath build build

2026-01-04 18:18:25.880 xcodebuild[67793:10276375] [MT] IDERunDestination: Supported platforms for the buildables in the current scheme is empty.
--- xcodebuild: WARNING: Using the first of multiple matching destinations:
{ platform:macOS, arch:arm64, id:00006041-000448303EF9801C, name:My Mac }
{ platform:macOS, arch:x86_64, id:00006041-000448303EF9801C, name:My Mac }
{ platform:macOS, name:Any Mac }
ComputePackagePrebuildTargetDependencyGraph

Prepare packages

CreateBuildRequest

SendProjectDescription

CreateBuildOperation

ComputeTargetDependencyGraph
note: Building targets in dependency order
note: Target dependency graph (1 target)
    Target 'ModelrV3' in project 'ModelrV3' (no dependencies)

GatherProvisioningInputs

CreateBuildDescription

ExecuteExternalTool /Applications/Xcode-26.2.0.app/Contents/Developer/Toolchains/XcodeDefault.xctoolchain/usr/bin/clang -v -E -dM -isysroot /Applications/Xcode-26.2.0.app/Contents/Developer/Platforms/MacOSX.platform/Developer/SDKs/MacOSX26.2.sdk -x c -c /dev/null

ExecuteExternalTool /Applications/Xcode-26.2.0.app/Contents/Developer/Toolchains/XcodeDefault.xctoolchain/usr/bin/swiftc --version

ExecuteExternalTool /Applications/Xcode-26.2.0.app/Contents/Developer/Toolchains/XcodeDefault.xctoolchain/usr/bin/ld -version_details

Build description signature: f4ec9d942a3c500f48fe3c11fe9dccc5
Build description path: /Users/zimengx/Code/MacOS_Utilities/Modelr/v3/build/Build/Intermediates.noindex/XCBuildData/f4ec9d942a3c500f48fe3c11fe9dccc5.xcbuilddata
ClangStatCache /Applications/Xcode-26.2.0.app/Contents/Developer/Toolchains/XcodeDefault.xctoolchain/usr/bin/clang-stat-cache /Applications/Xcode-26.2.0.app/Contents/Developer/Platforms/MacOSX.platform/Developer/SDKs/MacOSX26.2.sdk /Users/zimengx/Code/MacOS_Utilities/Modelr/v3/build/SDKStatCaches.noindex/macosx26.2-25C57-8e261bc56bcf93cdf4ad792911627a89.sdkstatcache
    cd /Users/zimengx/Code/MacOS_Utilities/Modelr/v3/ModelrV3.xcodeproj
    /Applications/Xcode-26.2.0.app/Contents/Developer/Toolchains/XcodeDefault.xctoolchain/usr/bin/clang-stat-cache /Applications/Xcode-26.2.0.app/Contents/Developer/Platforms/MacOSX.platform/Developer/SDKs/MacOSX26.2.sdk -o /Users/zimengx/Code/MacOS_Utilities/Modelr/v3/build/SDKStatCaches.noindex/macosx26.2-25C57-8e261bc56bcf93cdf4ad792911627a89.sdkstatcache

note: Disabling hardened runtime with ad-hoc codesigning. (in target 'ModelrV3' from project 'ModelrV3')
WriteAuxiliaryFile /Users/zimengx/Code/MacOS_Utilities/Modelr/v3/build/Build/Intermediates.noindex/ModelrV3.build/Debug/ModelrV3.build/Objects-normal/arm64/ModelrV3.SwiftFileList (in target 'ModelrV3' from project 'ModelrV3')
    cd /Users/zimengx/Code/MacOS_Utilities/Modelr/v3
    write-file /Users/zimengx/Code/MacOS_Utilities/Modelr/v3/build/Build/Intermediates.noindex/ModelrV3.build/Debug/ModelrV3.build/Objects-normal/arm64/ModelrV3.SwiftFileList

WriteAuxiliaryFile /Users/zimengx/Code/MacOS_Utilities/Modelr/v3/build/Build/Intermediates.noindex/ModelrV3.build/Debug/ModelrV3.build/Objects-normal/arm64/ModelrV3.SwiftConstValuesFileList (in target 'ModelrV3' from project 'ModelrV3')
    cd /Users/zimengx/Code/MacOS_Utilities/Modelr/v3
    write-file /Users/zimengx/Code/MacOS_Utilities/Modelr/v3/build/Build/Intermediates.noindex/ModelrV3.build/Debug/ModelrV3.build/Objects-normal/arm64/ModelrV3.SwiftConstValuesFileList

WriteAuxiliaryFile /Users/zimengx/Code/MacOS_Utilities/Modelr/v3/build/Build/Intermediates.noindex/ModelrV3.build/Debug/ModelrV3.build/Objects-normal/arm64/ModelrV3.LinkFileList (in target 'ModelrV3' from project 'ModelrV3')
    cd /Users/zimengx/Code/MacOS_Utilities/Modelr/v3
    write-file /Users/zimengx/Code/MacOS_Utilities/Modelr/v3/build/Build/Intermediates.noindex/ModelrV3.build/Debug/ModelrV3.build/Objects-normal/arm64/ModelrV3.LinkFileList

WriteAuxiliaryFile /Users/zimengx/Code/MacOS_Utilities/Modelr/v3/build/Build/Intermediates.noindex/ModelrV3.build/Debug/ModelrV3.build/Objects-normal/arm64/ModelrV3-OutputFileMap.json (in target 'ModelrV3' from project 'ModelrV3')
    cd /Users/zimengx/Code/MacOS_Utilities/Modelr/v3
    write-file /Users/zimengx/Code/MacOS_Utilities/Modelr/v3/build/Build/Intermediates.noindex/ModelrV3.build/Debug/ModelrV3.build/Objects-normal/arm64/ModelrV3-OutputFileMap.json

ProcessProductPackaging "" /Users/zimengx/Code/MacOS_Utilities/Modelr/v3/build/Build/Intermediates.noindex/ModelrV3.build/Debug/ModelrV3.build/ModelrV3.app.xcent (in target 'ModelrV3' from project 'ModelrV3')
    cd /Users/zimengx/Code/MacOS_Utilities/Modelr/v3
    
    Entitlements:
    
    {
    "com.apple.security.get-task-allow" = 1;
}
    
    builtin-productPackagingUtility -entitlements -format xml -o /Users/zimengx/Code/MacOS_Utilities/Modelr/v3/build/Build/Intermediates.noindex/ModelrV3.build/Debug/ModelrV3.build/ModelrV3.app.xcent

ProcessProductPackagingDER /Users/zimengx/Code/MacOS_Utilities/Modelr/v3/build/Build/Intermediates.noindex/ModelrV3.build/Debug/ModelrV3.build/ModelrV3.app.xcent /Users/zimengx/Code/MacOS_Utilities/Modelr/v3/build/Build/Intermediates.noindex/ModelrV3.build/Debug/ModelrV3.build/ModelrV3.app.xcent.der (in target 'ModelrV3' from project 'ModelrV3')
    cd /Users/zimengx/Code/MacOS_Utilities/Modelr/v3
    /usr/bin/derq query -f xml -i /Users/zimengx/Code/MacOS_Utilities/Modelr/v3/build/Build/Intermediates.noindex/ModelrV3.build/Debug/ModelrV3.build/ModelrV3.app.xcent -o /Users/zimengx/Code/MacOS_Utilities/Modelr/v3/build/Build/Intermediates.noindex/ModelrV3.build/Debug/ModelrV3.build/ModelrV3.app.xcent.der --raw

SwiftDriver ModelrV3 normal arm64 com.apple.xcode.tools.swift.compiler (in target 'ModelrV3' from project 'ModelrV3')
    cd /Users/zimengx/Code/MacOS_Utilities/Modelr/v3
    builtin-SwiftDriver -- /Applications/Xcode-26.2.0.app/Contents/Developer/Toolchains/XcodeDefault.xctoolchain/usr/bin/swiftc -module-name ModelrV3 -Onone -enforce-exclusivity\=checked @/Users/zimengx/Code/MacOS_Utilities/Modelr/v3/build/Build/Intermediates.noindex/ModelrV3.build/Debug/ModelrV3.build/Objects-normal/arm64/ModelrV3.SwiftFileList -DDEBUG -enable-bare-slash-regex -enable-experimental-feature DebugDescriptionMacro -sdk /Applications/Xcode-26.2.0.app/Contents/Developer/Platforms/MacOSX.platform/Developer/SDKs/MacOSX26.2.sdk -target arm64-apple-macos14.0 -g -module-cache-path /Users/zimengx/Code/MacOS_Utilities/Modelr/v3/build/ModuleCache.noindex -Xfrontend -serialize-debugging-options -profile-coverage-mapping -profile-generate -enable-testing -index-store-path /Users/zimengx/Code/MacOS_Utilities/Modelr/v3/build/Index.noindex/DataStore -Xcc -D_LIBCPP_HARDENING_MODE\=_LIBCPP_HARDENING_MODE_DEBUG -swift-version 5 -I /Users/zimengx/Code/MacOS_Utilities/Modelr/v3/build/Build/Products/Debug -F /Users/zimengx/Code/MacOS_Utilities/Modelr/v3/build/Build/Products/Debug -c -j16 -enable-batch-mode -incremental -Xcc -ivfsstatcache -Xcc /Users/zimengx/Code/MacOS_Utilities/Modelr/v3/build/SDKStatCaches.noindex/macosx26.2-25C57-8e261bc56bcf93cdf4ad792911627a89.sdkstatcache -output-file-map /Users/zimengx/Code/MacOS_Utilities/Modelr/v3/build/Build/Intermediates.noindex/ModelrV3.build/Debug/ModelrV3.build/Objects-normal/arm64/ModelrV3-OutputFileMap.json -use-frontend-parseable-output -save-temps -no-color-diagnostics -explicit-module-build -module-cache-path /Users/zimengx/Code/MacOS_Utilities/Modelr/v3/build/Build/Intermediates.noindex/SwiftExplicitPrecompiledModules -clang-scanner-module-cache-path /Users/zimengx/Code/MacOS_Utilities/Modelr/v3/build/ModuleCache.noindex -sdk-module-cache-path /Users/zimengx/Code/MacOS_Utilities/Modelr/v3/build/ModuleCache.noindex -serialize-diagnostics -emit-dependencies -emit-module -emit-module-path /Users/zimengx/Code/MacOS_Utilities/Modelr/v3/build/Build/Intermediates.noindex/ModelrV3.build/Debug/ModelrV3.build/Objects-normal/arm64/ModelrV3.swiftmodule -validate-clang-modules-once -clang-build-session-file /Users/zimengx/Code/MacOS_Utilities/Modelr/v3/build/ModuleCache.noindex/Session.modulevalidation -Xcc -I/Users/zimengx/Code/MacOS_Utilities/Modelr/v3/build/Build/Intermediates.noindex/ModelrV3.build/Debug/ModelrV3.build/swift-overrides.hmap -emit-const-values -Xfrontend -const-gather-protocols-file -Xfrontend /Users/zimengx/Code/MacOS_Utilities/Modelr/v3/build/Build/Intermediates.noindex/ModelrV3.build/Debug/ModelrV3.build/Objects-normal/arm64/ModelrV3_const_extract_protocols.json -Xcc -iquote -Xcc /Users/zimengx/Code/MacOS_Utilities/Modelr/v3/build/Build/Intermediates.noindex/ModelrV3.build/Debug/ModelrV3.build/ModelrV3-generated-files.hmap -Xcc -I/Users/zimengx/Code/MacOS_Utilities/Modelr/v3/build/Build/Intermediates.noindex/ModelrV3.build/Debug/ModelrV3.build/ModelrV3-own-target-headers.hmap -Xcc -I/Users/zimengx/Code/MacOS_Utilities/Modelr/v3/build/Build/Intermediates.noindex/ModelrV3.build/Debug/ModelrV3.build/ModelrV3-all-target-headers.hmap -Xcc -iquote -Xcc /Users/zimengx/Code/MacOS_Utilities/Modelr/v3/build/Build/Intermediates.noindex/ModelrV3.build/Debug/ModelrV3.build/ModelrV3-project-headers.hmap -Xcc -I/Users/zimengx/Code/MacOS_Utilities/Modelr/v3/build/Build/Products/Debug/include -Xcc -I/Users/zimengx/Code/MacOS_Utilities/Modelr/v3/build/Build/Intermediates.noindex/ModelrV3.build/Debug/ModelrV3.build/DerivedSources-normal/arm64 -Xcc -I/Users/zimengx/Code/MacOS_Utilities/Modelr/v3/build/Build/Intermediates.noindex/ModelrV3.build/Debug/ModelrV3.build/DerivedSources/arm64 -Xcc -I/Users/zimengx/Code/MacOS_Utilities/Modelr/v3/build/Build/Intermediates.noindex/ModelrV3.build/Debug/ModelrV3.build/DerivedSources -Xcc -DDEBUG\=1 -emit-objc-header -emit-objc-header-path /Users/zimengx/Code/MacOS_Utilities/Modelr/v3/build/Build/Intermediates.noindex/ModelrV3.build/Debug/ModelrV3.build/Objects-normal/arm64/ModelrV3-Swift.h -working-directory /Users/zimengx/Code/MacOS_Utilities/Modelr/v3 -experimental-emit-module-separately -disable-cmo

CpResource /Users/zimengx/Code/MacOS_Utilities/Modelr/v3/build/Build/Products/Debug/ModelrV3.app/Contents/Resources/Resources /Users/zimengx/Code/MacOS_Utilities/Modelr/v3/Resources (in target 'ModelrV3' from project 'ModelrV3')
    cd /Users/zimengx/Code/MacOS_Utilities/Modelr/v3
    builtin-copy -exclude .DS_Store -exclude CVS -exclude .svn -exclude .git -exclude .hg -resolve-src-symlinks /Users/zimengx/Code/MacOS_Utilities/Modelr/v3/Resources /Users/zimengx/Code/MacOS_Utilities/Modelr/v3/build/Build/Products/Debug/ModelrV3.app/Contents/Resources

SwiftCompile normal arm64 Compiling\ BaseEditorViewModel.swift,\ BoundingBoxOverlay.swift,\ ComponentModelViewer.swift,\ CoreExtensions.swift /Users/zimengx/Code/MacOS_Utilities/Modelr/v3/ModelrV3/Features/Editor/ViewModels/BaseEditorViewModel.swift /Users/zimengx/Code/MacOS_Utilities/Modelr/v3/ModelrV3/Features/Editor/Views/BoundingBoxOverlay.swift /Users/zimengx/Code/MacOS_Utilities/Modelr/v3/ModelrV3/Features/Model3D/Views/ComponentModelViewer.swift /Users/zimengx/Code/MacOS_Utilities/Modelr/v3/ModelrV3/Core/Models/CoreExtensions.swift (in target 'ModelrV3' from project 'ModelrV3')

SwiftCompile normal arm64 /Users/zimengx/Code/MacOS_Utilities/Modelr/v3/ModelrV3/Features/Editor/ViewModels/BaseEditorViewModel.swift (in target 'ModelrV3' from project 'ModelrV3')
    cd /Users/zimengx/Code/MacOS_Utilities/Modelr/v3
    

SwiftCompile normal arm64 /Users/zimengx/Code/MacOS_Utilities/Modelr/v3/ModelrV3/Features/Editor/Views/BoundingBoxOverlay.swift (in target 'ModelrV3' from project 'ModelrV3')
    cd /Users/zimengx/Code/MacOS_Utilities/Modelr/v3
    

SwiftCompile normal arm64 /Users/zimengx/Code/MacOS_Utilities/Modelr/v3/ModelrV3/Features/Model3D/Views/ComponentModelViewer.swift (in target 'ModelrV3' from project 'ModelrV3')
    cd /Users/zimengx/Code/MacOS_Utilities/Modelr/v3
    

SwiftCompile normal arm64 /Users/zimengx/Code/MacOS_Utilities/Modelr/v3/ModelrV3/Core/Models/CoreExtensions.swift (in target 'ModelrV3' from project 'ModelrV3')
    cd /Users/zimengx/Code/MacOS_Utilities/Modelr/v3
    

SwiftCompile normal arm64 Compiling\ EditorView.swift,\ EditorViewModel+Gestures.swift,\ EditorViewModel+Preprocessing.swift,\ EditorViewModel.swift /Users/zimengx/Code/MacOS_Utilities/Modelr/v3/ModelrV3/Features/Editor/Views/Advanced/EditorView.swift /Users/zimengx/Code/MacOS_Utilities/Modelr/v3/ModelrV3/Features/Editor/ViewModels/EditorViewModel+Gestures.swift /Users/zimengx/Code/MacOS_Utilities/Modelr/v3/ModelrV3/Features/Editor/ViewModels/EditorViewModel+Preprocessing.swift /Users/zimengx/Code/MacOS_Utilities/Modelr/v3/ModelrV3/Features/Editor/ViewModels/EditorViewModel.swift (in target 'ModelrV3' from project 'ModelrV3')

SwiftCompile normal arm64 /Users/zimengx/Code/MacOS_Utilities/Modelr/v3/ModelrV3/Features/Editor/Views/Advanced/EditorView.swift (in target 'ModelrV3' from project 'ModelrV3')
    cd /Users/zimengx/Code/MacOS_Utilities/Modelr/v3
    

SwiftCompile normal arm64 /Users/zimengx/Code/MacOS_Utilities/Modelr/v3/ModelrV3/Features/Editor/ViewModels/EditorViewModel+Gestures.swift (in target 'ModelrV3' from project 'ModelrV3')
    cd /Users/zimengx/Code/MacOS_Utilities/Modelr/v3
    

SwiftCompile normal arm64 /Users/zimengx/Code/MacOS_Utilities/Modelr/v3/ModelrV3/Features/Editor/ViewModels/EditorViewModel+Preprocessing.swift (in target 'ModelrV3' from project 'ModelrV3')
    cd /Users/zimengx/Code/MacOS_Utilities/Modelr/v3
    

SwiftCompile normal arm64 /Users/zimengx/Code/MacOS_Utilities/Modelr/v3/ModelrV3/Features/Editor/ViewModels/EditorViewModel.swift (in target 'ModelrV3' from project 'ModelrV3')
    cd /Users/zimengx/Code/MacOS_Utilities/Modelr/v3
    

SwiftCompile normal arm64 Compiling\ EditorCanvas.swift,\ EditorHeader.swift,\ EditorSidebar.swift,\ EditorTopBar.swift /Users/zimengx/Code/MacOS_Utilities/Modelr/v3/ModelrV3/Features/Editor/Views/Advanced/EditorCanvas.swift /Users/zimengx/Code/MacOS_Utilities/Modelr/v3/ModelrV3/Features/Editor/Views/Advanced/EditorHeader.swift /Users/zimengx/Code/MacOS_Utilities/Modelr/v3/ModelrV3/Features/Editor/Views/Advanced/EditorSidebar.swift /Users/zimengx/Code/MacOS_Utilities/Modelr/v3/ModelrV3/Features/Editor/Views/SimpleEditor/EditorTopBar.swift (in target 'ModelrV3' from project 'ModelrV3')
Failed frontend command:
/Applications/Xcode-26.2.0.app/Contents/Developer/Toolchains/XcodeDefault.xctoolchain/usr/bin/swift-frontend -frontend -c /Users/zimengx/Code/MacOS_Utilities/Modelr/v3/ModelrV3/Core/Models/AnnotationModels.swift /Users/zimengx/Code/MacOS_Utilities/Modelr/v3/ModelrV3/Core/Constants/AppConstants.swift /Users/zimengx/Code/MacOS_Utilities/Modelr/v3/ModelrV3/Design/AppDesign.swift /Users/zimengx/Code/MacOS_Utilities/Modelr/v3/ModelrV3/Core/Constants/AppError.swift /Users/zimengx/Code/MacOS_Utilities/Modelr/v3/ModelrV3/Features/Editor/ViewModels/BaseEditorViewModel.swift /Users/zimengx/Code/MacOS_Utilities/Modelr/v3/ModelrV3/Features/Editor/Views/BoundingBoxOverlay.swift /Users/zimengx/Code/MacOS_Utilities/Modelr/v3/ModelrV3/Features/Model3D/Views/ComponentModelViewer.swift /Users/zimengx/Code/MacOS_Utilities/Modelr/v3/ModelrV3/Core/Models/CoreExtensions.swift -primary-file /Users/zimengx/Code/MacOS_Utilities/Modelr/v3/ModelrV3/Features/Editor/Views/Advanced/EditorCanvas.swift -primary-file /Users/zimengx/Code/MacOS_Utilities/Modelr/v3/ModelrV3/Features/Editor/Views/Advanced/EditorHeader.swift -primary-file /Users/zimengx/Code/MacOS_Utilities/Modelr/v3/ModelrV3/Features/Editor/Views/Advanced/EditorSidebar.swift -primary-file /Users/zimengx/Code/MacOS_Utilities/Modelr/v3/ModelrV3/Features/Editor/Views/SimpleEditor/EditorTopBar.swift /Users/zimengx/Code/MacOS_Utilities/Modelr/v3/ModelrV3/Features/Editor/Views/Advanced/EditorView.swift /Users/zimengx/Code/MacOS_Utilities/Modelr/v3/ModelrV3/Features/Editor/ViewModels/EditorViewModel+Gestures.swift /Users/zimengx/Code/MacOS_Utilities/Modelr/v3/ModelrV3/Features/Editor/ViewModels/EditorViewModel+Preprocessing.swift /Users/zimengx/Code/MacOS_Utilities/Modelr/v3/ModelrV3/Features/Editor/ViewModels/EditorViewModel.swift /Users/zimengx/Code/MacOS_Utilities/Modelr/v3/ModelrV3/Features/Editor/Views/Advanced/Panels/GeneratePanel.swift /Users/zimengx/Code/MacOS_Utilities/Modelr/v3/ModelrV3/Core/Models/GenerationModels.swift /Users/zimengx/Code/MacOS_Utilities/Modelr/v3/ModelrV3/Features/Editor/Views/SimpleEditor/GenerationPanel.swift /Users/zimengx/Code/MacOS_Utilities/Modelr/v3/ModelrV3/Features/Editor/Views/SimpleEditor/ImageCanvas.swift /Users/zimengx/Code/MacOS_Utilities/Modelr/v3/ModelrV3/Features/Editor/Views/SimpleEditor/ImageCanvasHelpers.swift /Users/zimengx/Code/MacOS_Utilities/Modelr/v3/ModelrV3/Utilities/Security/ImageFileService.swift /Users/zimengx/Code/MacOS_Utilities/Modelr/v3/ModelrV3/Core/Services/ImageService.swift /Users/zimengx/Code/MacOS_Utilities/Modelr/v3/ModelrV3/Features/Editor/Views/LassoOverlay.swift /Users/zimengx/Code/MacOS_Utilities/Modelr/v3/ModelrV3/Core/Models/MeshModels.swift /Users/zimengx/Code/MacOS_Utilities/Modelr/v3/ModelrV3/Features/Model3D/Views/ModelViewer.swift /Users/zimengx/Code/MacOS_Utilities/Modelr/v3/ModelrV3/Features/Model3D/Views/ModelViewerDebug.swift /Users/zimengx/Code/MacOS_Utilities/Modelr/v3/ModelrV3/App/ModelrV3App.swift /Users/zimengx/Code/MacOS_Utilities/Modelr/v3/ModelrV3/Features/Editor/Views/PaintStrokeOverlay.swift /Users/zimengx/Code/MacOS_Utilities/Modelr/v3/ModelrV3/Utilities/Path/PathManager.swift /Users/zimengx/Code/MacOS_Utilities/Modelr/v3/ModelrV3/Utilities/Path/PathValidator.swift /Users/zimengx/Code/MacOS_Utilities/Modelr/v3/ModelrV3/Features/Editor/Views/PointsOverlay.swift /Users/zimengx/Code/MacOS_Utilities/Modelr/v3/ModelrV3/Features/Editor/Views/PolygonOverlay.swift /Users/zimengx/Code/MacOS_Utilities/Modelr/v3/ModelrV3/Features/Editor/Views/SimpleEditor/PostProcessPanel.swift /Users/zimengx/Code/MacOS_Utilities/Modelr/v3/ModelrV3/Features/Editor/Views/Advanced/Panels/PreprocessPanel.swift /Users/zimengx/Code/MacOS_Utilities/Modelr/v3/ModelrV3/Utilities/Parsing/ProgressParser.swift /Users/zimengx/Code/MacOS_Utilities/Modelr/v3/ModelrV3/Core/Services/Python/PythonBridge.swift /Users/zimengx/Code/MacOS_Utilities/Modelr/v3/ModelrV3/Core/Services/Python/PythonDependencyService.swift /Users/zimengx/Code/MacOS_Utilities/Modelr/v3/ModelrV3/Core/Services/Python/PythonEnvironmentCoordinator.swift /Users/zimengx/Code/MacOS_Utilities/Modelr/v3/ModelrV3/Core/Services/Python/PythonProcessManager.swift /Users/zimengx/Code/MacOS_Utilities/Modelr/v3/ModelrV3/Core/Models/PythonProtocolModels.swift /Users/zimengx/Code/MacOS_Utilities/Modelr/v3/ModelrV3/Core/Services/PythonServiceProtocol.swift /Users/zimengx/Code/MacOS_Utilities/Modelr/v3/ModelrV3/Utilities/Security/SecureFileManager.swift /Users/zimengx/Code/MacOS_Utilities/Modelr/v3/ModelrV3/Utilities/Security/SecureLogger.swift /Users/zimengx/Code/MacOS_Utilities/Modelr/v3/ModelrV3/Features/Editor/Views/Advanced/Panels/SegmentPanel.swift /Users/zimengx/Code/MacOS_Utilities/Modelr/v3/ModelrV3/Core/Models/SegmentationEntry.swift /Users/zimengx/Code/MacOS_Utilities/Modelr/v3/ModelrV3/Features/Editor/Views/SimpleEditor/SegmentationPanel.swift /Users/zimengx/Code/MacOS_Utilities/Modelr/v3/ModelrV3/Features/Setup/SetupManager.swift /Users/zimengx/Code/MacOS_Utilities/Modelr/v3/ModelrV3/Features/Setup/SetupModelChoice.swift /Users/zimengx/Code/MacOS_Utilities/Modelr/v3/ModelrV3/Features/Setup/Views/SetupView.swift /Users/zimengx/Code/MacOS_Utilities/Modelr/v3/ModelrV3/Features/Editor/Views/SimpleEditor/SimpleEditorSidebar.swift /Users/zimengx/Code/MacOS_Utilities/Modelr/v3/ModelrV3/Features/Editor/Views/SimpleEditor/SimpleEditorView.swift /Users/zimengx/Code/MacOS_Utilities/Modelr/v3/ModelrV3/Features/Editor/ViewModels/SimpleEditorViewModel+Generation.swift /Users/zimengx/Code/MacOS_Utilities/Modelr/v3/ModelrV3/Features/Editor/ViewModels/SimpleEditorViewModel+PostProcess.swift /Users/zimengx/Code/MacOS_Utilities/Modelr/v3/ModelrV3/Features/Editor/ViewModels/SimpleEditorViewModel+Segmentation.swift /Users/zimengx/Code/MacOS_Utilities/Modelr/v3/ModelrV3/Features/Editor/ViewModels/SimpleEditorViewModel+Setup.swift /Users/zimengx/Code/MacOS_Utilities/Modelr/v3/ModelrV3/Features/Editor/ViewModels/SimpleEditorViewModel+Touchup.swift /Users/zimengx/Code/MacOS_Utilities/Modelr/v3/ModelrV3/Features/Editor/ViewModels/SimpleEditorViewModel.swift /Users/zimengx/Code/MacOS_Utilities/Modelr/v3/ModelrV3/Utilities/Parsing/TimeFormatter.swift /Users/zimengx/Code/MacOS_Utilities/Modelr/v3/ModelrV3/Features/Editor/Views/SimpleEditor/TouchupPanel.swift /Users/zimengx/Code/MacOS_Utilities/Modelr/v3/ModelrV3/Features/Editor/Views/WorkflowProgressBar.swift /Users/zimengx/Code/MacOS_Utilities/Modelr/v3/ModelrV3/Features/Editor/Views/ZoomableScrollView.swift -supplementary-output-file-map /Users/zimengx/Code/MacOS_Utilities/Modelr/v3/build/Build/Intermediates.noindex/ModelrV3.build/Debug/ModelrV3.build/Objects-normal/arm64/supplementaryOutputs-3 -target arm64-apple-macos14.0 -disable-cross-import-overlay-search -swift-module-cross-import SceneKit /Applications/Xcode-26.2.0.app/Contents/Developer/Platforms/MacOSX.platform/Developer/SDKs/MacOSX.sdk/System/Library/Frameworks/SceneKit.framework/Modules/SceneKit.swiftcrossimport/SwiftUI.swiftoverlay -load-resolved-plugin /Applications/Xcode-26.2.0.app/Contents/Developer/Platforms/MacOSX.platform/Developer/usr/lib/swift/host/plugins/libFoundationMacros.dylib\#/Applications/Xcode-26.2.0.app/Contents/Developer/Platforms/MacOSX.platform/Developer/usr/bin/swift-plugin-server\#FoundationMacros -load-resolved-plugin /Applications/Xcode-26.2.0.app/Contents/Developer/Platforms/MacOSX.platform/Developer/usr/lib/swift/host/plugins/libObservationMacros.dylib\#/Applications/Xcode-26.2.0.app/Contents/Developer/Platforms/MacOSX.platform/Developer/usr/bin/swift-plugin-server\#ObservationMacros -load-resolved-plugin /Applications/Xcode-26.2.0.app/Contents/Developer/Platforms/MacOSX.platform/Developer/usr/lib/swift/host/plugins/libPreviewsMacros.dylib\#/Applications/Xcode-26.2.0.app/Contents/Developer/Platforms/MacOSX.platform/Developer/usr/bin/swift-plugin-server\#PreviewsMacros -load-resolved-plugin /Applications/Xcode-26.2.0.app/Contents/Developer/Platforms/MacOSX.platform/Developer/usr/lib/swift/host/plugins/libSwiftMacros.dylib\#/Applications/Xcode-26.2.0.app/Contents/Developer/Platforms/MacOSX.platform/Developer/usr/bin/swift-plugin-server\#SwiftMacros -load-resolved-plugin /Applications/Xcode-26.2.0.app/Contents/Developer/Platforms/MacOSX.platform/Developer/usr/lib/swift/host/plugins/libSwiftUIMacros.dylib\#/Applications/Xcode-26.2.0.app/Contents/Developer/Platforms/MacOSX.platform/Developer/usr/bin/swift-plugin-server\#SwiftUIMacros -disable-implicit-swift-modules -Xcc -fno-implicit-modules -Xcc -fno-implicit-module-maps -explicit-swift-module-map-file /Users/zimengx/Code/MacOS_Utilities/Modelr/v3/build/Build/Intermediates.noindex/ModelrV3.build/Debug/ModelrV3.build/Objects-normal/arm64/ModelrV3-dependencies-1.json -Xllvm -aarch64-use-tbi -enable-objc-interop -stack-check -sdk /Applications/Xcode-26.2.0.app/Contents/Developer/Platforms/MacOSX.platform/Developer/SDKs/MacOSX26.2.sdk -I /Users/zimengx/Code/MacOS_Utilities/Modelr/v3/build/Build/Products/Debug -F /Users/zimengx/Code/MacOS_Utilities/Modelr/v3/build/Build/Products/Debug -no-color-diagnostics -Xcc -fno-color-diagnostics -enable-testing -g -debug-info-format\=dwarf -dwarf-version\=4 -module-cache-path /Users/zimengx/Code/MacOS_Utilities/Modelr/v3/build/Build/Intermediates.noindex/SwiftExplicitPrecompiledModules -profile-generate -profile-coverage-mapping -swift-version 5 -enforce-exclusivity\=checked -Onone -D DEBUG -serialize-debugging-options -const-gather-protocols-file /Users/zimengx/Code/MacOS_Utilities/Modelr/v3/build/Build/Intermediates.noindex/ModelrV3.build/Debug/ModelrV3.build/Objects-normal/arm64/ModelrV3_const_extract_protocols.json -enable-experimental-feature DebugDescriptionMacro -enable-bare-slash-regex -empty-abi-descriptor -validate-clang-modules-once -clang-build-session-file /Users/zimengx/Code/MacOS_Utilities/Modelr/v3/build/ModuleCache.noindex/Session.modulevalidation -Xcc -working-directory -Xcc /Users/zimengx/Code/MacOS_Utilities/Modelr/v3 -enable-anonymous-context-mangled-names -file-compilation-dir /Users/zimengx/Code/MacOS_Utilities/Modelr/v3 -Xcc -D_LIBCPP_HARDENING_MODE\=_LIBCPP_HARDENING_MODE_DEBUG -Xcc -ivfsstatcache -Xcc /Users/zimengx/Code/MacOS_Utilities/Modelr/v3/build/SDKStatCaches.noindex/macosx26.2-25C57-8e261bc56bcf93cdf4ad792911627a89.sdkstatcache -Xcc -I/Users/zimengx/Code/MacOS_Utilities/Modelr/v3/build/Build/Intermediates.noindex/ModelrV3.build/Debug/ModelrV3.build/swift-overrides.hmap -Xcc -iquote -Xcc /Users/zimengx/Code/MacOS_Utilities/Modelr/v3/build/Build/Intermediates.noindex/ModelrV3.build/Debug/ModelrV3.build/ModelrV3-generated-files.hmap -Xcc -I/Users/zimengx/Code/MacOS_Utilities/Modelr/v3/build/Build/Intermediates.noindex/ModelrV3.build/Debug/ModelrV3.build/ModelrV3-own-target-headers.hmap -Xcc -I/Users/zimengx/Code/MacOS_Utilities/Modelr/v3/build/Build/Intermediates.noindex/ModelrV3.build/Debug/ModelrV3.build/ModelrV3-all-target-headers.hmap -Xcc -iquote -Xcc /Users/zimengx/Code/MacOS_Utilities/Modelr/v3/build/Build/Intermediates.noindex/ModelrV3.build/Debug/ModelrV3.build/ModelrV3-project-headers.hmap -Xcc -I/Users/zimengx/Code/MacOS_Utilities/Modelr/v3/build/Build/Products/Debug/include -Xcc -I/Users/zimengx/Code/MacOS_Utilities/Modelr/v3/build/Build/Intermediates.noindex/ModelrV3.build/Debug/ModelrV3.build/DerivedSources-normal/arm64 -Xcc -I/Users/zimengx/Code/MacOS_Utilities/Modelr/v3/build/Build/Intermediates.noindex/ModelrV3.build/Debug/ModelrV3.build/DerivedSources/arm64 -Xcc -I/Users/zimengx/Code/MacOS_Utilities/Modelr/v3/build/Build/Intermediates.noindex/ModelrV3.build/Debug/ModelrV3.build/DerivedSources -Xcc -DDEBUG\=1 -no-auto-bridging-header-chaining -module-name ModelrV3 -frontend-parseable-output -disable-clang-spi -target-sdk-version 26.2 -target-sdk-name macosx26.2 -clang-target arm64-apple-macos26.2 -in-process-plugin-server-path /Applications/Xcode-26.2.0.app/Contents/Developer/Toolchains/XcodeDefault.xctoolchain/usr/lib/swift/host/libSwiftInProcPluginServer.dylib -o /Users/zimengx/Code/MacOS_Utilities/Modelr/v3/build/Build/Intermediates.noindex/ModelrV3.build/Debug/ModelrV3.build/Objects-normal/arm64/EditorCanvas.o -o /Users/zimengx/Code/MacOS_Utilities/Modelr/v3/build/Build/Intermediates.noindex/ModelrV3.build/Debug/ModelrV3.build/Objects-normal/arm64/EditorHeader.o -o /Users/zimengx/Code/MacOS_Utilities/Modelr/v3/build/Build/Intermediates.noindex/ModelrV3.build/Debug/ModelrV3.build/Objects-normal/arm64/EditorSidebar.o -o /Users/zimengx/Code/MacOS_Utilities/Modelr/v3/build/Build/Intermediates.noindex/ModelrV3.build/Debug/ModelrV3.build/Objects-normal/arm64/EditorTopBar.o -index-unit-output-path /ModelrV3.build/Debug/ModelrV3.build/Objects-normal/arm64/EditorCanvas.o -index-unit-output-path /ModelrV3.build/Debug/ModelrV3.build/Objects-normal/arm64/EditorHeader.o -index-unit-output-path /ModelrV3.build/Debug/ModelrV3.build/Objects-normal/arm64/EditorSidebar.o -index-unit-output-path /ModelrV3.build/Debug/ModelrV3.build/Objects-normal/arm64/EditorTopBar.o -index-store-path /Users/zimengx/Code/MacOS_Utilities/Modelr/v3/build/Index.noindex/DataStore -index-system-modules

SwiftCompile normal arm64 /Users/zimengx/Code/MacOS_Utilities/Modelr/v3/ModelrV3/Features/Editor/Views/Advanced/EditorCanvas.swift (in target 'ModelrV3' from project 'ModelrV3')
    cd /Users/zimengx/Code/MacOS_Utilities/Modelr/v3
    
/Users/zimengx/Code/MacOS_Utilities/Modelr/v3/ModelrV3/Features/Editor/ViewModels/EditorViewModel.swift:63:33: error: cannot find type 'WorkflowStep' in scope
    @Published var currentStep: WorkflowStep = .input
                                ^~~~~~~~~~~~
/Users/zimengx/Code/MacOS_Utilities/Modelr/v3/ModelrV3/Features/Editor/Views/Advanced/EditorCanvas.swift:10:38: error: binary operator '==' cannot be applied to operands of type 'Binding<_>' and 'Date.AnchoredRelativeFormatStyle'
            if viewModel.currentStep == .input && viewModel.inputImage == nil {
               ~~~~~~~~~~~~~~~~~~~~~ ^  ~~~~~~
/Users/zimengx/Code/MacOS_Utilities/Modelr/v3/ModelrV3/Features/Editor/Views/Advanced/EditorCanvas.swift:10:38: note: overloads for '==' exist with these partially matching parameter lists: (Date.AnchoredRelativeFormatStyle, Date.AnchoredRelativeFormatStyle), (Date.ComponentsFormatStyle, Date.ComponentsFormatStyle), (Date.FormatStyle, Date.FormatStyle), (Date.FormatStyle.Attributed, Date.FormatStyle.Attributed), (Date.VerbatimFormatStyle, Date.VerbatimFormatStyle), (Date.VerbatimFormatStyle.Attributed, Date.VerbatimFormatStyle.Attributed)
            if viewModel.currentStep == .input && viewModel.inputImage == nil {
                                     ^
/Users/zimengx/Code/MacOS_Utilities/Modelr/v3/ModelrV3/Features/Editor/Views/Advanced/EditorCanvas.swift:10:16: error: referencing subscript 'subscript(dynamicMember:)' requires wrapper 'ObservedObject<EditorViewModel>.Wrapper'
            if viewModel.currentStep == .input && viewModel.inputImage == nil {
               ^
               $
/Users/zimengx/Code/MacOS_Utilities/Modelr/v3/ModelrV3/Features/Editor/Views/Advanced/EditorCanvas.swift:90:38: error: binary operator '!=' cannot be applied to operands of type 'Binding<_>' and '_'
            if viewModel.currentStep != .refine && viewModel.currentStep != .input,
               ~~~~~~~~~~~~~~~~~~~~~ ^  ~~~~~~~
/Users/zimengx/Code/MacOS_Utilities/Modelr/v3/ModelrV3/Features/Editor/Views/Advanced/EditorCanvas.swift:90:74: error: binary operator '!=' cannot be applied to operands of type 'Binding<_>' and '_'
            if viewModel.currentStep != .refine && viewModel.currentStep != .input,
                                                   ~~~~~~~~~~~~~~~~~~~~~ ^  ~~~~~~
/Users/zimengx/Code/MacOS_Utilities/Modelr/v3/ModelrV3/Features/Editor/Views/Advanced/EditorCanvas.swift:90:16: error: referencing subscript 'subscript(dynamicMember:)' requires wrapper 'ObservedObject<EditorViewModel>.Wrapper'
            if viewModel.currentStep != .refine && viewModel.currentStep != .input,
               ^
               $
/Users/zimengx/Code/MacOS_Utilities/Modelr/v3/ModelrV3/Features/Editor/Views/Advanced/EditorCanvas.swift:90:52: error: referencing subscript 'subscript(dynamicMember:)' requires wrapper 'ObservedObject<EditorViewModel>.Wrapper'
            if viewModel.currentStep != .refine && viewModel.currentStep != .input,
                                                   ^
                                                   $
/Users/zimengx/Code/MacOS_Utilities/Modelr/v3/ModelrV3/Features/Editor/Views/Advanced/EditorCanvas.swift:90:42: error: reference to member 'refine' cannot be resolved without a contextual type
            if viewModel.currentStep != .refine && viewModel.currentStep != .input,
                                         ^
/Users/zimengx/Code/MacOS_Utilities/Modelr/v3/ModelrV3/Features/Editor/Views/Advanced/EditorCanvas.swift:90:78: error: reference to member 'input' cannot be resolved without a contextual type
            if viewModel.currentStep != .refine && viewModel.currentStep != .input,
                                                                             ^
/Users/zimengx/Code/MacOS_Utilities/Modelr/v3/ModelrV3/Features/Editor/Views/Advanced/EditorCanvas.swift:131:34: error: binary operator '==' cannot be applied to operands of type 'Binding<_>' and '_'
        if viewModel.currentStep == .segment {
           ~~~~~~~~~~~~~~~~~~~~~ ^  ~~~~~~~~
/Users/zimengx/Code/MacOS_Utilities/Modelr/v3/ModelrV3/Features/Editor/Views/Advanced/EditorCanvas.swift:131:12: error: referencing subscript 'subscript(dynamicMember:)' requires wrapper 'ObservedObject<EditorViewModel>.Wrapper'
        if viewModel.currentStep == .segment {
           ^
           $
/Users/zimengx/Code/MacOS_Utilities/Modelr/v3/ModelrV3/Features/Editor/Views/Advanced/EditorCanvas.swift:131:38: error: reference to member 'segment' cannot be resolved without a contextual type
        if viewModel.currentStep == .segment {
                                     ^
/Users/zimengx/Code/MacOS_Utilities/Modelr/v3/ModelrV3/Features/Editor/Views/Advanced/EditorCanvas.swift:237:31: warning: call to main actor-isolated instance method 'saveAndLoad(image:)' in a synchronous nonisolated context
                    viewModel.saveAndLoad(image: image)
                              ^
/Users/zimengx/Code/MacOS_Utilities/Modelr/v3/ModelrV3/Features/Editor/ViewModels/EditorViewModel.swift:228:10: note: calls to instance method 'saveAndLoad(image:)' from outside of its actor context are implicitly asynchronous
    func saveAndLoad(image: NSImage) {
         ^
/Users/zimengx/Code/MacOS_Utilities/Modelr/v3/ModelrV3/Features/Editor/Views/Advanced/EditorCanvas.swift:296:13: warning: using '_' to ignore the result of a Void-returning function is redundant
            _ = provider.loadItem(forTypeIdentifier: "public.file-url", options: nil) { (data, error) in
            ^~~~
            
/Users/zimengx/Code/MacOS_Utilities/Modelr/v3/ModelrV3/Features/Editor/ViewModels/EditorViewModel.swift:81:41: error: cannot find 'GenerationProgress' in scope
    @Published var generationProgress = GenerationProgress()
                                        ^~~~~~~~~~~~~~~~~~
/Users/zimengx/Code/MacOS_Utilities/Modelr/v3/ModelrV3/Features/Editor/Views/Advanced/EditorCanvas.swift:391:21: error: referencing subscript 'subscript(dynamicMember:)' requires wrapper 'ObservedObject<EditorViewModel>.Wrapper'
                if !viewModel.generationProgress.stage.isEmpty {
                    ^
                    $

SwiftCompile normal arm64 /Users/zimengx/Code/MacOS_Utilities/Modelr/v3/ModelrV3/Features/Editor/Views/Advanced/EditorHeader.swift (in target 'ModelrV3' from project 'ModelrV3')
    cd /Users/zimengx/Code/MacOS_Utilities/Modelr/v3
    
/Users/zimengx/Code/MacOS_Utilities/Modelr/v3/ModelrV3/Features/Editor/Views/WorkflowProgressBar.swift:4:31: error: cannot find type 'WorkflowStep' in scope
    @Binding var currentStep: WorkflowStep
                              ^~~~~~~~~~~~
/Users/zimengx/Code/MacOS_Utilities/Modelr/v3/ModelrV3/Features/Editor/Views/Advanced/EditorHeader.swift:14:23: error: cannot infer contextual base in reference to member 'vertical'
            .padding(.vertical, 12)
                     ~^~~~~~~~

SwiftCompile normal arm64 /Users/zimengx/Code/MacOS_Utilities/Modelr/v3/ModelrV3/Features/Editor/Views/Advanced/EditorSidebar.swift (in target 'ModelrV3' from project 'ModelrV3')
    cd /Users/zimengx/Code/MacOS_Utilities/Modelr/v3
    
/Users/zimengx/Code/MacOS_Utilities/Modelr/v3/ModelrV3/Features/Editor/Views/Advanced/EditorSidebar.swift:21:76: error: binary operator '!=' cannot be applied to operands of type 'Binding<_>' and '_'
            .disabled(viewModel.inputImage == nil && viewModel.currentStep != .input)
                                                     ~~~~~~~~~~~~~~~~~~~~~ ^  ~~~~~~
/Users/zimengx/Code/MacOS_Utilities/Modelr/v3/ModelrV3/Features/Editor/Views/Advanced/EditorSidebar.swift:22:75: error: binary operator '!=' cannot be applied to operands of type 'Binding<_>' and '_'
            .opacity(viewModel.inputImage == nil && viewModel.currentStep != .input ? 0.6 : 1.0)
                                                    ~~~~~~~~~~~~~~~~~~~~~ ^  ~~~~~~
/Users/zimengx/Code/MacOS_Utilities/Modelr/v3/ModelrV3/Features/Editor/Views/Advanced/EditorSidebar.swift:21:54: error: referencing subscript 'subscript(dynamicMember:)' requires wrapper 'ObservedObject<EditorViewModel>.Wrapper'
            .disabled(viewModel.inputImage == nil && viewModel.currentStep != .input)
                                                     ^
                                                     $
/Users/zimengx/Code/MacOS_Utilities/Modelr/v3/ModelrV3/Features/Editor/Views/Advanced/EditorSidebar.swift:22:53: error: referencing subscript 'subscript(dynamicMember:)' requires wrapper 'ObservedObject<EditorViewModel>.Wrapper'
            .opacity(viewModel.inputImage == nil && viewModel.currentStep != .input ? 0.6 : 1.0)
                                                    ^
                                                    $
/Users/zimengx/Code/MacOS_Utilities/Modelr/v3/ModelrV3/Features/Editor/Views/Advanced/EditorSidebar.swift:10:24: error: referencing subscript 'subscript(dynamicMember:)' requires wrapper 'ObservedObject<EditorViewModel>.Wrapper'
                switch viewModel.currentStep {
                       ^
                       $
/Users/zimengx/Code/MacOS_Utilities/Modelr/v3/ModelrV3/Features/Editor/Views/Advanced/EditorSidebar.swift:21:80: error: reference to member 'input' cannot be resolved without a contextual type
            .disabled(viewModel.inputImage == nil && viewModel.currentStep != .input)
                                                                               ^
/Users/zimengx/Code/MacOS_Utilities/Modelr/v3/ModelrV3/Features/Editor/Views/Advanced/EditorSidebar.swift:22:79: error: reference to member 'input' cannot be resolved without a contextual type
            .opacity(viewModel.inputImage == nil && viewModel.currentStep != .input ? 0.6 : 1.0)
                                                                              ^
/Users/zimengx/Code/MacOS_Utilities/Modelr/v3/ModelrV3/Features/Editor/ViewModels/EditorViewModel.swift:58:32: error: cannot find type 'UndoAction' in scope
    @Published var undoStack: [UndoAction] = []
                               ^~~~~~~~~~
/Users/zimengx/Code/MacOS_Utilities/Modelr/v3/ModelrV3/Features/Editor/Views/Advanced/EditorSidebar.swift:46:23: error: referencing subscript 'subscript(dynamicMember:)' requires wrapper 'ObservedObject<EditorViewModel>.Wrapper'
            .disabled(viewModel.undoStack.isEmpty)
                      ^
                      $
/Users/zimengx/Code/MacOS_Utilities/Modelr/v3/ModelrV3/Features/Editor/Views/Advanced/EditorSidebar.swift:47:22: error: referencing subscript 'subscript(dynamicMember:)' requires wrapper 'ObservedObject<EditorViewModel>.Wrapper'
            .opacity(viewModel.undoStack.isEmpty ? 0.3 : 1.0)
                     ^
                     $

SwiftCompile normal arm64 /Users/zimengx/Code/MacOS_Utilities/Modelr/v3/ModelrV3/Features/Editor/Views/SimpleEditor/EditorTopBar.swift (in target 'ModelrV3' from project 'ModelrV3')
    cd /Users/zimengx/Code/MacOS_Utilities/Modelr/v3
    

SwiftCompile normal arm64 Compiling\ MeshModels.swift,\ ModelViewer.swift,\ ModelViewerDebug.swift,\ ModelrV3App.swift /Users/zimengx/Code/MacOS_Utilities/Modelr/v3/ModelrV3/Core/Models/MeshModels.swift /Users/zimengx/Code/MacOS_Utilities/Modelr/v3/ModelrV3/Features/Model3D/Views/ModelViewer.swift /Users/zimengx/Code/MacOS_Utilities/Modelr/v3/ModelrV3/Features/Model3D/Views/ModelViewerDebug.swift /Users/zimengx/Code/MacOS_Utilities/Modelr/v3/ModelrV3/App/ModelrV3App.swift (in target 'ModelrV3' from project 'ModelrV3')

SwiftCompile normal arm64 /Users/zimengx/Code/MacOS_Utilities/Modelr/v3/ModelrV3/Core/Models/MeshModels.swift (in target 'ModelrV3' from project 'ModelrV3')
    cd /Users/zimengx/Code/MacOS_Utilities/Modelr/v3
    

SwiftCompile normal arm64 /Users/zimengx/Code/MacOS_Utilities/Modelr/v3/ModelrV3/Features/Model3D/Views/ModelViewer.swift (in target 'ModelrV3' from project 'ModelrV3')
    cd /Users/zimengx/Code/MacOS_Utilities/Modelr/v3
    

SwiftCompile normal arm64 /Users/zimengx/Code/MacOS_Utilities/Modelr/v3/ModelrV3/Features/Model3D/Views/ModelViewerDebug.swift (in target 'ModelrV3' from project 'ModelrV3')
    cd /Users/zimengx/Code/MacOS_Utilities/Modelr/v3
    

SwiftCompile normal arm64 /Users/zimengx/Code/MacOS_Utilities/Modelr/v3/ModelrV3/App/ModelrV3App.swift (in target 'ModelrV3' from project 'ModelrV3')
    cd /Users/zimengx/Code/MacOS_Utilities/Modelr/v3
    

SwiftCompile normal arm64 Compiling\ PythonBridge.swift,\ PythonDependencyService.swift,\ PythonEnvironmentCoordinator.swift,\ PythonProcessManager.swift /Users/zimengx/Code/MacOS_Utilities/Modelr/v3/ModelrV3/Core/Services/Python/PythonBridge.swift /Users/zimengx/Code/MacOS_Utilities/Modelr/v3/ModelrV3/Core/Services/Python/PythonDependencyService.swift /Users/zimengx/Code/MacOS_Utilities/Modelr/v3/ModelrV3/Core/Services/Python/PythonEnvironmentCoordinator.swift /Users/zimengx/Code/MacOS_Utilities/Modelr/v3/ModelrV3/Core/Services/Python/PythonProcessManager.swift (in target 'ModelrV3' from project 'ModelrV3')

SwiftCompile normal arm64 /Users/zimengx/Code/MacOS_Utilities/Modelr/v3/ModelrV3/Core/Services/Python/PythonBridge.swift (in target 'ModelrV3' from project 'ModelrV3')
    cd /Users/zimengx/Code/MacOS_Utilities/Modelr/v3
    

SwiftCompile normal arm64 /Users/zimengx/Code/MacOS_Utilities/Modelr/v3/ModelrV3/Core/Services/Python/PythonDependencyService.swift (in target 'ModelrV3' from project 'ModelrV3')
    cd /Users/zimengx/Code/MacOS_Utilities/Modelr/v3
    

SwiftCompile normal arm64 /Users/zimengx/Code/MacOS_Utilities/Modelr/v3/ModelrV3/Core/Services/Python/PythonEnvironmentCoordinator.swift (in target 'ModelrV3' from project 'ModelrV3')
    cd /Users/zimengx/Code/MacOS_Utilities/Modelr/v3
    

SwiftCompile normal arm64 /Users/zimengx/Code/MacOS_Utilities/Modelr/v3/ModelrV3/Core/Services/Python/PythonProcessManager.swift (in target 'ModelrV3' from project 'ModelrV3')
    cd /Users/zimengx/Code/MacOS_Utilities/Modelr/v3
    

SwiftCompile normal arm64 Compiling\ PaintStrokeOverlay.swift,\ PathManager.swift,\ PathValidator.swift,\ PointsOverlay.swift /Users/zimengx/Code/MacOS_Utilities/Modelr/v3/ModelrV3/Features/Editor/Views/PaintStrokeOverlay.swift /Users/zimengx/Code/MacOS_Utilities/Modelr/v3/ModelrV3/Utilities/Path/PathManager.swift /Users/zimengx/Code/MacOS_Utilities/Modelr/v3/ModelrV3/Utilities/Path/PathValidator.swift /Users/zimengx/Code/MacOS_Utilities/Modelr/v3/ModelrV3/Features/Editor/Views/PointsOverlay.swift (in target 'ModelrV3' from project 'ModelrV3')

SwiftCompile normal arm64 /Users/zimengx/Code/MacOS_Utilities/Modelr/v3/ModelrV3/Features/Editor/Views/PaintStrokeOverlay.swift (in target 'ModelrV3' from project 'ModelrV3')
    cd /Users/zimengx/Code/MacOS_Utilities/Modelr/v3
    

SwiftCompile normal arm64 /Users/zimengx/Code/MacOS_Utilities/Modelr/v3/ModelrV3/Utilities/Path/PathManager.swift (in target 'ModelrV3' from project 'ModelrV3')
    cd /Users/zimengx/Code/MacOS_Utilities/Modelr/v3
    

SwiftCompile normal arm64 /Users/zimengx/Code/MacOS_Utilities/Modelr/v3/ModelrV3/Utilities/Path/PathValidator.swift (in target 'ModelrV3' from project 'ModelrV3')
    cd /Users/zimengx/Code/MacOS_Utilities/Modelr/v3
    

SwiftCompile normal arm64 /Users/zimengx/Code/MacOS_Utilities/Modelr/v3/ModelrV3/Features/Editor/Views/PointsOverlay.swift (in target 'ModelrV3' from project 'ModelrV3')
    cd /Users/zimengx/Code/MacOS_Utilities/Modelr/v3
    

SwiftCompile normal arm64 Compiling\ ImageCanvasHelpers.swift,\ ImageFileService.swift,\ ImageService.swift,\ LassoOverlay.swift /Users/zimengx/Code/MacOS_Utilities/Modelr/v3/ModelrV3/Features/Editor/Views/SimpleEditor/ImageCanvasHelpers.swift /Users/zimengx/Code/MacOS_Utilities/Modelr/v3/ModelrV3/Utilities/Security/ImageFileService.swift /Users/zimengx/Code/MacOS_Utilities/Modelr/v3/ModelrV3/Core/Services/ImageService.swift /Users/zimengx/Code/MacOS_Utilities/Modelr/v3/ModelrV3/Features/Editor/Views/LassoOverlay.swift (in target 'ModelrV3' from project 'ModelrV3')

SwiftCompile normal arm64 /Users/zimengx/Code/MacOS_Utilities/Modelr/v3/ModelrV3/Features/Editor/Views/SimpleEditor/ImageCanvasHelpers.swift (in target 'ModelrV3' from project 'ModelrV3')
    cd /Users/zimengx/Code/MacOS_Utilities/Modelr/v3
    

SwiftCompile normal arm64 /Users/zimengx/Code/MacOS_Utilities/Modelr/v3/ModelrV3/Utilities/Security/ImageFileService.swift (in target 'ModelrV3' from project 'ModelrV3')
    cd /Users/zimengx/Code/MacOS_Utilities/Modelr/v3
    

SwiftCompile normal arm64 /Users/zimengx/Code/MacOS_Utilities/Modelr/v3/ModelrV3/Core/Services/ImageService.swift (in target 'ModelrV3' from project 'ModelrV3')
    cd /Users/zimengx/Code/MacOS_Utilities/Modelr/v3
    

SwiftCompile normal arm64 /Users/zimengx/Code/MacOS_Utilities/Modelr/v3/ModelrV3/Features/Editor/Views/LassoOverlay.swift (in target 'ModelrV3' from project 'ModelrV3')
    cd /Users/zimengx/Code/MacOS_Utilities/Modelr/v3
    

SwiftCompile normal arm64 Compiling\ GeneratePanel.swift,\ GenerationModels.swift,\ GenerationPanel.swift,\ ImageCanvas.swift /Users/zimengx/Code/MacOS_Utilities/Modelr/v3/ModelrV3/Features/Editor/Views/Advanced/Panels/GeneratePanel.swift /Users/zimengx/Code/MacOS_Utilities/Modelr/v3/ModelrV3/Core/Models/GenerationModels.swift /Users/zimengx/Code/MacOS_Utilities/Modelr/v3/ModelrV3/Features/Editor/Views/SimpleEditor/GenerationPanel.swift /Users/zimengx/Code/MacOS_Utilities/Modelr/v3/ModelrV3/Features/Editor/Views/SimpleEditor/ImageCanvas.swift (in target 'ModelrV3' from project 'ModelrV3')

SwiftCompile normal arm64 /Users/zimengx/Code/MacOS_Utilities/Modelr/v3/ModelrV3/Features/Editor/Views/Advanced/Panels/GeneratePanel.swift (in target 'ModelrV3' from project 'ModelrV3')
    cd /Users/zimengx/Code/MacOS_Utilities/Modelr/v3
    

SwiftCompile normal arm64 /Users/zimengx/Code/MacOS_Utilities/Modelr/v3/ModelrV3/Core/Models/GenerationModels.swift (in target 'ModelrV3' from project 'ModelrV3')
    cd /Users/zimengx/Code/MacOS_Utilities/Modelr/v3
    

SwiftCompile normal arm64 /Users/zimengx/Code/MacOS_Utilities/Modelr/v3/ModelrV3/Features/Editor/Views/SimpleEditor/GenerationPanel.swift (in target 'ModelrV3' from project 'ModelrV3')
    cd /Users/zimengx/Code/MacOS_Utilities/Modelr/v3
    

SwiftCompile normal arm64 /Users/zimengx/Code/MacOS_Utilities/Modelr/v3/ModelrV3/Features/Editor/Views/SimpleEditor/ImageCanvas.swift (in target 'ModelrV3' from project 'ModelrV3')
    cd /Users/zimengx/Code/MacOS_Utilities/Modelr/v3
    

SwiftCompile normal arm64 Compiling\ PythonProtocolModels.swift,\ PythonServiceProtocol.swift,\ SecureFileManager.swift,\ SecureLogger.swift /Users/zimengx/Code/MacOS_Utilities/Modelr/v3/ModelrV3/Core/Models/PythonProtocolModels.swift /Users/zimengx/Code/MacOS_Utilities/Modelr/v3/ModelrV3/Core/Services/PythonServiceProtocol.swift /Users/zimengx/Code/MacOS_Utilities/Modelr/v3/ModelrV3/Utilities/Security/SecureFileManager.swift /Users/zimengx/Code/MacOS_Utilities/Modelr/v3/ModelrV3/Utilities/Security/SecureLogger.swift (in target 'ModelrV3' from project 'ModelrV3')

SwiftCompile normal arm64 /Users/zimengx/Code/MacOS_Utilities/Modelr/v3/ModelrV3/Core/Models/PythonProtocolModels.swift (in target 'ModelrV3' from project 'ModelrV3')
    cd /Users/zimengx/Code/MacOS_Utilities/Modelr/v3
    

SwiftCompile normal arm64 /Users/zimengx/Code/MacOS_Utilities/Modelr/v3/ModelrV3/Core/Services/PythonServiceProtocol.swift (in target 'ModelrV3' from project 'ModelrV3')
    cd /Users/zimengx/Code/MacOS_Utilities/Modelr/v3
    

SwiftCompile normal arm64 /Users/zimengx/Code/MacOS_Utilities/Modelr/v3/ModelrV3/Utilities/Security/SecureFileManager.swift (in target 'ModelrV3' from project 'ModelrV3')
    cd /Users/zimengx/Code/MacOS_Utilities/Modelr/v3
    

SwiftCompile normal arm64 /Users/zimengx/Code/MacOS_Utilities/Modelr/v3/ModelrV3/Utilities/Security/SecureLogger.swift (in target 'ModelrV3' from project 'ModelrV3')
    cd /Users/zimengx/Code/MacOS_Utilities/Modelr/v3
    

SwiftCompile normal arm64 Compiling\ SetupModelChoice.swift,\ SetupView.swift,\ SimpleEditorSidebar.swift,\ SimpleEditorView.swift /Users/zimengx/Code/MacOS_Utilities/Modelr/v3/ModelrV3/Features/Setup/SetupModelChoice.swift /Users/zimengx/Code/MacOS_Utilities/Modelr/v3/ModelrV3/Features/Setup/Views/SetupView.swift /Users/zimengx/Code/MacOS_Utilities/Modelr/v3/ModelrV3/Features/Editor/Views/SimpleEditor/SimpleEditorSidebar.swift /Users/zimengx/Code/MacOS_Utilities/Modelr/v3/ModelrV3/Features/Editor/Views/SimpleEditor/SimpleEditorView.swift (in target 'ModelrV3' from project 'ModelrV3')

SwiftCompile normal arm64 /Users/zimengx/Code/MacOS_Utilities/Modelr/v3/ModelrV3/Features/Setup/SetupModelChoice.swift (in target 'ModelrV3' from project 'ModelrV3')
    cd /Users/zimengx/Code/MacOS_Utilities/Modelr/v3
    

SwiftCompile normal arm64 /Users/zimengx/Code/MacOS_Utilities/Modelr/v3/ModelrV3/Features/Setup/Views/SetupView.swift (in target 'ModelrV3' from project 'ModelrV3')
    cd /Users/zimengx/Code/MacOS_Utilities/Modelr/v3
    

SwiftCompile normal arm64 /Users/zimengx/Code/MacOS_Utilities/Modelr/v3/ModelrV3/Features/Editor/Views/SimpleEditor/SimpleEditorSidebar.swift (in target 'ModelrV3' from project 'ModelrV3')
    cd /Users/zimengx/Code/MacOS_Utilities/Modelr/v3
    

SwiftCompile normal arm64 /Users/zimengx/Code/MacOS_Utilities/Modelr/v3/ModelrV3/Features/Editor/Views/SimpleEditor/SimpleEditorView.swift (in target 'ModelrV3' from project 'ModelrV3')
    cd /Users/zimengx/Code/MacOS_Utilities/Modelr/v3
    

SwiftCompile normal arm64 Compiling\ PolygonOverlay.swift,\ PostProcessPanel.swift,\ PreprocessPanel.swift,\ ProgressParser.swift /Users/zimengx/Code/MacOS_Utilities/Modelr/v3/ModelrV3/Features/Editor/Views/PolygonOverlay.swift /Users/zimengx/Code/MacOS_Utilities/Modelr/v3/ModelrV3/Features/Editor/Views/SimpleEditor/PostProcessPanel.swift /Users/zimengx/Code/MacOS_Utilities/Modelr/v3/ModelrV3/Features/Editor/Views/Advanced/Panels/PreprocessPanel.swift /Users/zimengx/Code/MacOS_Utilities/Modelr/v3/ModelrV3/Utilities/Parsing/ProgressParser.swift (in target 'ModelrV3' from project 'ModelrV3')

SwiftCompile normal arm64 /Users/zimengx/Code/MacOS_Utilities/Modelr/v3/ModelrV3/Features/Editor/Views/PolygonOverlay.swift (in target 'ModelrV3' from project 'ModelrV3')
    cd /Users/zimengx/Code/MacOS_Utilities/Modelr/v3
    

SwiftCompile normal arm64 /Users/zimengx/Code/MacOS_Utilities/Modelr/v3/ModelrV3/Features/Editor/Views/SimpleEditor/PostProcessPanel.swift (in target 'ModelrV3' from project 'ModelrV3')
    cd /Users/zimengx/Code/MacOS_Utilities/Modelr/v3
    

SwiftCompile normal arm64 /Users/zimengx/Code/MacOS_Utilities/Modelr/v3/ModelrV3/Features/Editor/Views/Advanced/Panels/PreprocessPanel.swift (in target 'ModelrV3' from project 'ModelrV3')
    cd /Users/zimengx/Code/MacOS_Utilities/Modelr/v3
    

SwiftCompile normal arm64 /Users/zimengx/Code/MacOS_Utilities/Modelr/v3/ModelrV3/Utilities/Parsing/ProgressParser.swift (in target 'ModelrV3' from project 'ModelrV3')
    cd /Users/zimengx/Code/MacOS_Utilities/Modelr/v3
    

SwiftCompile normal arm64 Compiling\ SimpleEditorViewModel+Generation.swift,\ SimpleEditorViewModel+PostProcess.swift,\ SimpleEditorViewModel+Segmentation.swift,\ SimpleEditorViewModel+Setup.swift /Users/zimengx/Code/MacOS_Utilities/Modelr/v3/ModelrV3/Features/Editor/ViewModels/SimpleEditorViewModel+Generation.swift /Users/zimengx/Code/MacOS_Utilities/Modelr/v3/ModelrV3/Features/Editor/ViewModels/SimpleEditorViewModel+PostProcess.swift /Users/zimengx/Code/MacOS_Utilities/Modelr/v3/ModelrV3/Features/Editor/ViewModels/SimpleEditorViewModel+Segmentation.swift /Users/zimengx/Code/MacOS_Utilities/Modelr/v3/ModelrV3/Features/Editor/ViewModels/SimpleEditorViewModel+Setup.swift (in target 'ModelrV3' from project 'ModelrV3')

SwiftCompile normal arm64 /Users/zimengx/Code/MacOS_Utilities/Modelr/v3/ModelrV3/Features/Editor/ViewModels/SimpleEditorViewModel+Generation.swift (in target 'ModelrV3' from project 'ModelrV3')
    cd /Users/zimengx/Code/MacOS_Utilities/Modelr/v3
    

SwiftCompile normal arm64 /Users/zimengx/Code/MacOS_Utilities/Modelr/v3/ModelrV3/Features/Editor/ViewModels/SimpleEditorViewModel+PostProcess.swift (in target 'ModelrV3' from project 'ModelrV3')
    cd /Users/zimengx/Code/MacOS_Utilities/Modelr/v3
    

SwiftCompile normal arm64 /Users/zimengx/Code/MacOS_Utilities/Modelr/v3/ModelrV3/Features/Editor/ViewModels/SimpleEditorViewModel+Segmentation.swift (in target 'ModelrV3' from project 'ModelrV3')
    cd /Users/zimengx/Code/MacOS_Utilities/Modelr/v3
    

SwiftCompile normal arm64 /Users/zimengx/Code/MacOS_Utilities/Modelr/v3/ModelrV3/Features/Editor/ViewModels/SimpleEditorViewModel+Setup.swift (in target 'ModelrV3' from project 'ModelrV3')
    cd /Users/zimengx/Code/MacOS_Utilities/Modelr/v3
    

SwiftCompile normal arm64 Compiling\ SegmentPanel.swift,\ SegmentationEntry.swift,\ SegmentationPanel.swift,\ SetupManager.swift /Users/zimengx/Code/MacOS_Utilities/Modelr/v3/ModelrV3/Features/Editor/Views/Advanced/Panels/SegmentPanel.swift /Users/zimengx/Code/MacOS_Utilities/Modelr/v3/ModelrV3/Core/Models/SegmentationEntry.swift /Users/zimengx/Code/MacOS_Utilities/Modelr/v3/ModelrV3/Features/Editor/Views/SimpleEditor/SegmentationPanel.swift /Users/zimengx/Code/MacOS_Utilities/Modelr/v3/ModelrV3/Features/Setup/SetupManager.swift (in target 'ModelrV3' from project 'ModelrV3')

SwiftCompile normal arm64 /Users/zimengx/Code/MacOS_Utilities/Modelr/v3/ModelrV3/Features/Editor/Views/Advanced/Panels/SegmentPanel.swift (in target 'ModelrV3' from project 'ModelrV3')
    cd /Users/zimengx/Code/MacOS_Utilities/Modelr/v3
    

SwiftCompile normal arm64 /Users/zimengx/Code/MacOS_Utilities/Modelr/v3/ModelrV3/Core/Models/SegmentationEntry.swift (in target 'ModelrV3' from project 'ModelrV3')
    cd /Users/zimengx/Code/MacOS_Utilities/Modelr/v3
    

SwiftCompile normal arm64 /Users/zimengx/Code/MacOS_Utilities/Modelr/v3/ModelrV3/Features/Editor/Views/SimpleEditor/SegmentationPanel.swift (in target 'ModelrV3' from project 'ModelrV3')
    cd /Users/zimengx/Code/MacOS_Utilities/Modelr/v3
    

SwiftCompile normal arm64 /Users/zimengx/Code/MacOS_Utilities/Modelr/v3/ModelrV3/Features/Setup/SetupManager.swift (in target 'ModelrV3' from project 'ModelrV3')
    cd /Users/zimengx/Code/MacOS_Utilities/Modelr/v3
    

SwiftCompile normal arm64 Compiling\ AnnotationModels.swift,\ AppConstants.swift,\ AppDesign.swift,\ AppError.swift /Users/zimengx/Code/MacOS_Utilities/Modelr/v3/ModelrV3/Core/Models/AnnotationModels.swift /Users/zimengx/Code/MacOS_Utilities/Modelr/v3/ModelrV3/Core/Constants/AppConstants.swift /Users/zimengx/Code/MacOS_Utilities/Modelr/v3/ModelrV3/Design/AppDesign.swift /Users/zimengx/Code/MacOS_Utilities/Modelr/v3/ModelrV3/Core/Constants/AppError.swift (in target 'ModelrV3' from project 'ModelrV3')

SwiftCompile normal arm64 /Users/zimengx/Code/MacOS_Utilities/Modelr/v3/ModelrV3/Core/Models/AnnotationModels.swift (in target 'ModelrV3' from project 'ModelrV3')
    cd /Users/zimengx/Code/MacOS_Utilities/Modelr/v3
    

SwiftCompile normal arm64 /Users/zimengx/Code/MacOS_Utilities/Modelr/v3/ModelrV3/Core/Constants/AppConstants.swift (in target 'ModelrV3' from project 'ModelrV3')
    cd /Users/zimengx/Code/MacOS_Utilities/Modelr/v3
    

SwiftCompile normal arm64 /Users/zimengx/Code/MacOS_Utilities/Modelr/v3/ModelrV3/Design/AppDesign.swift (in target 'ModelrV3' from project 'ModelrV3')
    cd /Users/zimengx/Code/MacOS_Utilities/Modelr/v3
    

SwiftCompile normal arm64 /Users/zimengx/Code/MacOS_Utilities/Modelr/v3/ModelrV3/Core/Constants/AppError.swift (in target 'ModelrV3' from project 'ModelrV3')
    cd /Users/zimengx/Code/MacOS_Utilities/Modelr/v3
    

SwiftEmitModule normal arm64 Emitting\ module\ for\ ModelrV3 (in target 'ModelrV3' from project 'ModelrV3')

EmitSwiftModule normal arm64 (in target 'ModelrV3' from project 'ModelrV3')
    cd /Users/zimengx/Code/MacOS_Utilities/Modelr/v3
    

SwiftCompile normal arm64 Compiling\ TouchupPanel.swift,\ WorkflowProgressBar.swift,\ ZoomableScrollView.swift /Users/zimengx/Code/MacOS_Utilities/Modelr/v3/ModelrV3/Features/Editor/Views/SimpleEditor/TouchupPanel.swift /Users/zimengx/Code/MacOS_Utilities/Modelr/v3/ModelrV3/Features/Editor/Views/WorkflowProgressBar.swift /Users/zimengx/Code/MacOS_Utilities/Modelr/v3/ModelrV3/Features/Editor/Views/ZoomableScrollView.swift (in target 'ModelrV3' from project 'ModelrV3')

note: Removed stale file '/Users/zimengx/Code/MacOS_Utilities/Modelr/v3/build/Build/Intermediates.noindex/ModelrV3.build/Debug/ModelrV3.build/Objects-normal/arm64/CommonModels.o'

note: Removed stale file '/Users/zimengx/Code/MacOS_Utilities/Modelr/v3/build/Build/Intermediates.noindex/ModelrV3.build/Debug/ModelrV3.build/Objects-normal/arm64/CommonModels.swiftconstvalues'

note: Removed stale file '/Users/zimengx/Code/MacOS_Utilities/Modelr/v3/build/Build/Intermediates.noindex/ModelrV3.build/Debug/ModelrV3.build/Objects-normal/arm64/Models.o'

note: Removed stale file '/Users/zimengx/Code/MacOS_Utilities/Modelr/v3/build/Build/Intermediates.noindex/ModelrV3.build/Debug/ModelrV3.build/Objects-normal/arm64/Models.swiftconstvalues'

note: Removed stale file '/Users/zimengx/Code/MacOS_Utilities/Modelr/v3/build/Build/Intermediates.noindex/ModelrV3.build/Debug/ModelrV3.build/Objects-normal/arm64/SafeFileService.o'

note: Removed stale file '/Users/zimengx/Code/MacOS_Utilities/Modelr/v3/build/Build/Intermediates.noindex/ModelrV3.build/Debug/ModelrV3.build/Objects-normal/arm64/SafeFileService.swiftconstvalues'

** BUILD FAILED **


The following build commands failed:
	SwiftCompile normal arm64 Compiling\ EditorCanvas.swift,\ EditorHeader.swift,\ EditorSidebar.swift,\ EditorTopBar.swift /Users/zimengx/Code/MacOS_Utilities/Modelr/v3/ModelrV3/Features/Editor/Views/Advanced/EditorCanvas.swift /Users/zimengx/Code/MacOS_Utilities/Modelr/v3/ModelrV3/Features/Editor/Views/Advanced/EditorHeader.swift /Users/zimengx/Code/MacOS_Utilities/Modelr/v3/ModelrV3/Features/Editor/Views/Advanced/EditorSidebar.swift /Users/zimengx/Code/MacOS_Utilities/Modelr/v3/ModelrV3/Features/Editor/Views/SimpleEditor/EditorTopBar.swift (in target 'ModelrV3' from project 'ModelrV3')
	SwiftCompile normal arm64 /Users/zimengx/Code/MacOS_Utilities/Modelr/v3/ModelrV3/Features/Editor/Views/Advanced/EditorCanvas.swift (in target 'ModelrV3' from project 'ModelrV3')
	SwiftCompile normal arm64 /Users/zimengx/Code/MacOS_Utilities/Modelr/v3/ModelrV3/Features/Editor/Views/Advanced/EditorHeader.swift (in target 'ModelrV3' from project 'ModelrV3')
	SwiftCompile normal arm64 /Users/zimengx/Code/MacOS_Utilities/Modelr/v3/ModelrV3/Features/Editor/Views/Advanced/EditorSidebar.swift (in target 'ModelrV3' from project 'ModelrV3')
	Building project ModelrV3 with scheme ModelrV3 and configuration Debug
(5 failures)
make: *** [build] Error 65
