xcodegen generate
⚙️  Generating plists...
⚙️  Generating project...
⚙️  Writing project...
Created project at /Users/zimengx/Code/MacOS_Utilities/Modelr/v3/ModelrV3.xcodeproj
xcodebuild -project ModelrV3.xcodeproj -scheme ModelrV3 -configuration Debug -derivedDataPath build build
Command line invocation:
    /Applications/Xcode-26.2.0.app/Contents/Developer/usr/bin/xcodebuild -project ModelrV3.xcodeproj -scheme ModelrV3 -configuration Debug -derivedDataPath build build

2026-01-04 19:43:33.824 xcodebuild[4132:10510898] [MT] IDERunDestination: Supported platforms for the buildables in the current scheme is empty.
--- xcodebuild: WARNING: Using the first of multiple matching destinations:
{ platform:macOS, arch:arm64, id:00006041-000448303EF9801C, name:My Mac }
{ platform:macOS, arch:x86_64, id:00006041-000448303EF9801C, name:My Mac }
{ platform:macOS, name:Any Mac }
ComputePackagePrebuildTargetDependencyGraph

Prepare packages

CreateBuildRequest

SendProjectDescription

CreateBuildOperation

ComputeTargetDependencyGraph
note: Building targets in dependency order
note: Target dependency graph (1 target)
    Target 'ModelrV3' in project 'ModelrV3' (no dependencies)

GatherProvisioningInputs

CreateBuildDescription

ClangStatCache /Applications/Xcode-26.2.0.app/Contents/Developer/Toolchains/XcodeDefault.xctoolchain/usr/bin/clang-stat-cache /Applications/Xcode-26.2.0.app/Contents/Developer/Platforms/MacOSX.platform/Developer/SDKs/MacOSX26.2.sdk /Users/zimengx/Code/MacOS_Utilities/Modelr/v3/build/SDKStatCaches.noindex/macosx26.2-25C57-8e261bc56bcf93cdf4ad792911627a89.sdkstatcache
    cd /Users/zimengx/Code/MacOS_Utilities/Modelr/v3/ModelrV3.xcodeproj
    /Applications/Xcode-26.2.0.app/Contents/Developer/Toolchains/XcodeDefault.xctoolchain/usr/bin/clang-stat-cache /Applications/Xcode-26.2.0.app/Contents/Developer/Platforms/MacOSX.platform/Developer/SDKs/MacOSX26.2.sdk -o /Users/zimengx/Code/MacOS_Utilities/Modelr/v3/build/SDKStatCaches.noindex/macosx26.2-25C57-8e261bc56bcf93cdf4ad792911627a89.sdkstatcache

ProcessProductPackaging "" /Users/zimengx/Code/MacOS_Utilities/Modelr/v3/build/Build/Intermediates.noindex/ModelrV3.build/Debug/ModelrV3.build/ModelrV3.app.xcent (in target 'ModelrV3' from project 'ModelrV3')
    cd /Users/zimengx/Code/MacOS_Utilities/Modelr/v3
    
    Entitlements:
    
    {
    "com.apple.security.get-task-allow" = 1;
}
    
    builtin-productPackagingUtility -entitlements -format xml -o /Users/zimengx/Code/MacOS_Utilities/Modelr/v3/build/Build/Intermediates.noindex/ModelrV3.build/Debug/ModelrV3.build/ModelrV3.app.xcent

ProcessProductPackagingDER /Users/zimengx/Code/MacOS_Utilities/Modelr/v3/build/Build/Intermediates.noindex/ModelrV3.build/Debug/ModelrV3.build/ModelrV3.app.xcent /Users/zimengx/Code/MacOS_Utilities/Modelr/v3/build/Build/Intermediates.noindex/ModelrV3.build/Debug/ModelrV3.build/ModelrV3.app.xcent.der (in target 'ModelrV3' from project 'ModelrV3')
    cd /Users/zimengx/Code/MacOS_Utilities/Modelr/v3
    /usr/bin/derq query -f xml -i /Users/zimengx/Code/MacOS_Utilities/Modelr/v3/build/Build/Intermediates.noindex/ModelrV3.build/Debug/ModelrV3.build/ModelrV3.app.xcent -o /Users/zimengx/Code/MacOS_Utilities/Modelr/v3/build/Build/Intermediates.noindex/ModelrV3.build/Debug/ModelrV3.build/ModelrV3.app.xcent.der --raw

SwiftDriver ModelrV3 normal arm64 com.apple.xcode.tools.swift.compiler (in target 'ModelrV3' from project 'ModelrV3')
    cd /Users/zimengx/Code/MacOS_Utilities/Modelr/v3
    builtin-SwiftDriver -- /Applications/Xcode-26.2.0.app/Contents/Developer/Toolchains/XcodeDefault.xctoolchain/usr/bin/swiftc -module-name ModelrV3 -Onone -enforce-exclusivity\=checked @/Users/zimengx/Code/MacOS_Utilities/Modelr/v3/build/Build/Intermediates.noindex/ModelrV3.build/Debug/ModelrV3.build/Objects-normal/arm64/ModelrV3.SwiftFileList -DDEBUG -enable-bare-slash-regex -enable-experimental-feature DebugDescriptionMacro -sdk /Applications/Xcode-26.2.0.app/Contents/Developer/Platforms/MacOSX.platform/Developer/SDKs/MacOSX26.2.sdk -target arm64-apple-macos14.0 -g -module-cache-path /Users/zimengx/Code/MacOS_Utilities/Modelr/v3/build/ModuleCache.noindex -Xfrontend -serialize-debugging-options -profile-coverage-mapping -profile-generate -enable-testing -index-store-path /Users/zimengx/Code/MacOS_Utilities/Modelr/v3/build/Index.noindex/DataStore -Xcc -D_LIBCPP_HARDENING_MODE\=_LIBCPP_HARDENING_MODE_DEBUG -swift-version 5 -I /Users/zimengx/Code/MacOS_Utilities/Modelr/v3/build/Build/Products/Debug -F /Users/zimengx/Code/MacOS_Utilities/Modelr/v3/build/Build/Products/Debug -c -j16 -enable-batch-mode -incremental -Xcc -ivfsstatcache -Xcc /Users/zimengx/Code/MacOS_Utilities/Modelr/v3/build/SDKStatCaches.noindex/macosx26.2-25C57-8e261bc56bcf93cdf4ad792911627a89.sdkstatcache -output-file-map /Users/zimengx/Code/MacOS_Utilities/Modelr/v3/build/Build/Intermediates.noindex/ModelrV3.build/Debug/ModelrV3.build/Objects-normal/arm64/ModelrV3-OutputFileMap.json -use-frontend-parseable-output -save-temps -no-color-diagnostics -explicit-module-build -module-cache-path /Users/zimengx/Code/MacOS_Utilities/Modelr/v3/build/Build/Intermediates.noindex/SwiftExplicitPrecompiledModules -clang-scanner-module-cache-path /Users/zimengx/Code/MacOS_Utilities/Modelr/v3/build/ModuleCache.noindex -sdk-module-cache-path /Users/zimengx/Code/MacOS_Utilities/Modelr/v3/build/ModuleCache.noindex -serialize-diagnostics -emit-dependencies -emit-module -emit-module-path /Users/zimengx/Code/MacOS_Utilities/Modelr/v3/build/Build/Intermediates.noindex/ModelrV3.build/Debug/ModelrV3.build/Objects-normal/arm64/ModelrV3.swiftmodule -validate-clang-modules-once -clang-build-session-file /Users/zimengx/Code/MacOS_Utilities/Modelr/v3/build/ModuleCache.noindex/Session.modulevalidation -Xcc -I/Users/zimengx/Code/MacOS_Utilities/Modelr/v3/build/Build/Intermediates.noindex/ModelrV3.build/Debug/ModelrV3.build/swift-overrides.hmap -emit-const-values -Xfrontend -const-gather-protocols-file -Xfrontend /Users/zimengx/Code/MacOS_Utilities/Modelr/v3/build/Build/Intermediates.noindex/ModelrV3.build/Debug/ModelrV3.build/Objects-normal/arm64/ModelrV3_const_extract_protocols.json -Xcc -iquote -Xcc /Users/zimengx/Code/MacOS_Utilities/Modelr/v3/build/Build/Intermediates.noindex/ModelrV3.build/Debug/ModelrV3.build/ModelrV3-generated-files.hmap -Xcc -I/Users/zimengx/Code/MacOS_Utilities/Modelr/v3/build/Build/Intermediates.noindex/ModelrV3.build/Debug/ModelrV3.build/ModelrV3-own-target-headers.hmap -Xcc -I/Users/zimengx/Code/MacOS_Utilities/Modelr/v3/build/Build/Intermediates.noindex/ModelrV3.build/Debug/ModelrV3.build/ModelrV3-all-target-headers.hmap -Xcc -iquote -Xcc /Users/zimengx/Code/MacOS_Utilities/Modelr/v3/build/Build/Intermediates.noindex/ModelrV3.build/Debug/ModelrV3.build/ModelrV3-project-headers.hmap -Xcc -I/Users/zimengx/Code/MacOS_Utilities/Modelr/v3/build/Build/Products/Debug/include -Xcc -I/Users/zimengx/Code/MacOS_Utilities/Modelr/v3/build/Build/Intermediates.noindex/ModelrV3.build/Debug/ModelrV3.build/DerivedSources-normal/arm64 -Xcc -I/Users/zimengx/Code/MacOS_Utilities/Modelr/v3/build/Build/Intermediates.noindex/ModelrV3.build/Debug/ModelrV3.build/DerivedSources/arm64 -Xcc -I/Users/zimengx/Code/MacOS_Utilities/Modelr/v3/build/Build/Intermediates.noindex/ModelrV3.build/Debug/ModelrV3.build/DerivedSources -Xcc -DDEBUG\=1 -emit-objc-header -emit-objc-header-path /Users/zimengx/Code/MacOS_Utilities/Modelr/v3/build/Build/Intermediates.noindex/ModelrV3.build/Debug/ModelrV3.build/Objects-normal/arm64/ModelrV3-Swift.h -working-directory /Users/zimengx/Code/MacOS_Utilities/Modelr/v3 -experimental-emit-module-separately -disable-cmo

SwiftEmitModule normal arm64 Emitting\ module\ for\ ModelrV3 (in target 'ModelrV3' from project 'ModelrV3')

EmitSwiftModule normal arm64 (in target 'ModelrV3' from project 'ModelrV3')
    cd /Users/zimengx/Code/MacOS_Utilities/Modelr/v3
    

SwiftCompile normal arm64 Compiling\ PythonDependencyService.swift /Users/zimengx/Code/MacOS_Utilities/Modelr/v3/ModelrV3/Core/Services/Python/PythonDependencyService.swift (in target 'ModelrV3' from project 'ModelrV3')

SwiftCompile normal arm64 /Users/zimengx/Code/MacOS_Utilities/Modelr/v3/ModelrV3/Core/Services/Python/PythonDependencyService.swift (in target 'ModelrV3' from project 'ModelrV3')
    cd /Users/zimengx/Code/MacOS_Utilities/Modelr/v3
    
/Users/zimengx/Code/MacOS_Utilities/Modelr/v3/ModelrV3/Core/Services/Python/PythonDependencyService.swift:208:13: warning: no calls to throwing functions occur within 'try' expression
            try await withCheckedContinuation { (continuation: CheckedContinuation<Void, Never>) in
            ^
/Users/zimengx/Code/MacOS_Utilities/Modelr/v3/ModelrV3/Core/Services/Python/PythonDependencyService.swift:221:11: warning: 'catch' block is unreachable because no errors are thrown in 'do' block
        } catch {
          ^

SwiftDriverJobDiscovery normal arm64 Compiling PythonDependencyService.swift (in target 'ModelrV3' from project 'ModelrV3')

SwiftCompile normal arm64 Compiling\ EditorSidebar.swift /Users/zimengx/Code/MacOS_Utilities/Modelr/v3/ModelrV3/Features/Editor/Views/Advanced/EditorSidebar.swift (in target 'ModelrV3' from project 'ModelrV3')

SwiftCompile normal arm64 /Users/zimengx/Code/MacOS_Utilities/Modelr/v3/ModelrV3/Features/Editor/Views/Advanced/EditorSidebar.swift (in target 'ModelrV3' from project 'ModelrV3')
    cd /Users/zimengx/Code/MacOS_Utilities/Modelr/v3
    

SwiftCompile normal arm64 Compiling\ EditorViewModel+Preprocessing.swift /Users/zimengx/Code/MacOS_Utilities/Modelr/v3/ModelrV3/Features/Editor/ViewModels/EditorViewModel+Preprocessing.swift (in target 'ModelrV3' from project 'ModelrV3')

SwiftCompile normal arm64 /Users/zimengx/Code/MacOS_Utilities/Modelr/v3/ModelrV3/Features/Editor/ViewModels/EditorViewModel+Preprocessing.swift (in target 'ModelrV3' from project 'ModelrV3')
    cd /Users/zimengx/Code/MacOS_Utilities/Modelr/v3
    

SwiftCompile normal arm64 Compiling\ SimpleEditorView.swift /Users/zimengx/Code/MacOS_Utilities/Modelr/v3/ModelrV3/Features/Editor/Views/SimpleEditor/SimpleEditorView.swift (in target 'ModelrV3' from project 'ModelrV3')
SwiftCompile normal arm64 /Users/zimengx/Code/MacOS_Utilities/Modelr/v3/ModelrV3/Features/Editor/Views/SimpleEditor/SimpleEditorView.swift (in target 'ModelrV3' from project 'ModelrV3')
    cd /Users/zimengx/Code/MacOS_Utilities/Modelr/v3
    

SwiftCompile normal arm64 Compiling\ BaseEditorViewModel.swift /Users/zimengx/Code/MacOS_Utilities/Modelr/v3/ModelrV3/Features/Editor/ViewModels/BaseEditorViewModel.swift (in target 'ModelrV3' from project 'ModelrV3')

SwiftCompile normal arm64 /Users/zimengx/Code/MacOS_Utilities/Modelr/v3/ModelrV3/Features/Editor/ViewModels/BaseEditorViewModel.swift (in target 'ModelrV3' from project 'ModelrV3')
    cd /Users/zimengx/Code/MacOS_Utilities/Modelr/v3
    

SwiftCompile normal arm64 Compiling\ SetupManager.swift /Users/zimengx/Code/MacOS_Utilities/Modelr/v3/ModelrV3/Features/Setup/SetupManager.swift (in target 'ModelrV3' from project 'ModelrV3')

SwiftCompile normal arm64 /Users/zimengx/Code/MacOS_Utilities/Modelr/v3/ModelrV3/Features/Setup/SetupManager.swift (in target 'ModelrV3' from project 'ModelrV3')
    cd /Users/zimengx/Code/MacOS_Utilities/Modelr/v3
    

SwiftCompile normal arm64 Compiling\ EditorViewModel.swift /Users/zimengx/Code/MacOS_Utilities/Modelr/v3/ModelrV3/Features/Editor/ViewModels/EditorViewModel.swift (in target 'ModelrV3' from project 'ModelrV3')
SwiftCompile normal arm64 /Users/zimengx/Code/MacOS_Utilities/Modelr/v3/ModelrV3/Features/Editor/ViewModels/EditorViewModel.swift (in target 'ModelrV3' from project 'ModelrV3')
    cd /Users/zimengx/Code/MacOS_Utilities/Modelr/v3
    
/Users/zimengx/Code/MacOS_Utilities/Modelr/v3/ModelrV3/Features/Editor/ViewModels/EditorViewModel.swift:696:32: warning: immutable value 'primaryMaskURL' was never used; consider replacing with '_' or removing it
                let (maskURLs, primaryMaskURL, scores, confidenceMapURL) = try await self.env.predict(
                               ^~~~~~~~~~~~~~
                               _
/Users/zimengx/Code/MacOS_Utilities/Modelr/v3/ModelrV3/Features/Editor/ViewModels/EditorViewModel.swift:718:21: warning: initialization of immutable value 'alphaData' was never used; consider replacing with assignment to '_' or removing it
                let alphaData = await MainActor.run { self.sourceAlphaData }
                ~~~~^~~~~~~~~
                _
/Users/zimengx/Code/MacOS_Utilities/Modelr/v3/ModelrV3/Features/Editor/ViewModels/EditorViewModel.swift:719:21: warning: initialization of immutable value 'alphaWidth' was never used; consider replacing with assignment to '_' or removing it
                let alphaWidth = await MainActor.run { self.sourceAlphaWidth }
                ~~~~^~~~~~~~~~
                _
/Users/zimengx/Code/MacOS_Utilities/Modelr/v3/ModelrV3/Features/Editor/ViewModels/EditorViewModel.swift:720:21: warning: initialization of immutable value 'alphaHeight' was never used; consider replacing with assignment to '_' or removing it
                let alphaHeight = await MainActor.run { self.sourceAlphaHeight }
                ~~~~^~~~~~~~~~~
                _
/Users/zimengx/Code/MacOS_Utilities/Modelr/v3/ModelrV3/Features/Editor/ViewModels/EditorViewModel.swift:734:40: warning: reference to captured var 'loadedMasks' in concurrently-executing code; this is an error in the Swift 6 language mode
                    self.maskOptions = loadedMasks
                                       ^
/Users/zimengx/Code/MacOS_Utilities/Modelr/v3/ModelrV3/Features/Editor/ViewModels/EditorViewModel.swift:735:45: warning: reference to captured var 'loadedPaths' in concurrently-executing code; this is an error in the Swift 6 language mode
                    self.maskOptionsPaths = loadedPaths
                                            ^
/Users/zimengx/Code/MacOS_Utilities/Modelr/v3/ModelrV3/Features/Editor/ViewModels/EditorViewModel.swift:738:47: warning: reference to captured var 'processedCache' in concurrently-executing code; this is an error in the Swift 6 language mode
                    self.processedMaskCache = processedCache
                                              ^
/Users/zimengx/Code/MacOS_Utilities/Modelr/v3/ModelrV3/Features/Editor/ViewModels/EditorViewModel.swift:739:38: warning: reference to captured var 'processedCache' in concurrently-executing code; this is an error in the Swift 6 language mode
                    self.maskImage = processedCache[0] ?? loadedMasks.first!
                                     ^
/Users/zimengx/Code/MacOS_Utilities/Modelr/v3/ModelrV3/Features/Editor/ViewModels/EditorViewModel.swift:739:59: warning: reference to captured var 'loadedMasks' in concurrently-executing code; this is an error in the Swift 6 language mode
                    self.maskImage = processedCache[0] ?? loadedMasks.first!
                                                          ^
/Users/zimengx/Code/MacOS_Utilities/Modelr/v3/ModelrV3/Features/Editor/ViewModels/EditorViewModel.swift:741:38: warning: reference to captured var 'loadedConfidenceMap' in concurrently-executing code; this is an error in the Swift 6 language mode
                    if let confMap = loadedConfidenceMap {
                                     ^

SwiftCompile normal arm64 Compiling\ SimpleEditorViewModel+Segmentation.swift /Users/zimengx/Code/MacOS_Utilities/Modelr/v3/ModelrV3/Features/Editor/ViewModels/SimpleEditorViewModel+Segmentation.swift (in target 'ModelrV3' from project 'ModelrV3')

SwiftCompile normal arm64 /Users/zimengx/Code/MacOS_Utilities/Modelr/v3/ModelrV3/Features/Editor/ViewModels/SimpleEditorViewModel+Segmentation.swift (in target 'ModelrV3' from project 'ModelrV3')
    cd /Users/zimengx/Code/MacOS_Utilities/Modelr/v3
    

SwiftCompile normal arm64 Compiling\ SimpleEditorSidebar.swift /Users/zimengx/Code/MacOS_Utilities/Modelr/v3/ModelrV3/Features/Editor/Views/SimpleEditor/SimpleEditorSidebar.swift (in target 'ModelrV3' from project 'ModelrV3')
SwiftCompile normal arm64 /Users/zimengx/Code/MacOS_Utilities/Modelr/v3/ModelrV3/Features/Editor/Views/SimpleEditor/SimpleEditorSidebar.swift (in target 'ModelrV3' from project 'ModelrV3')
    cd /Users/zimengx/Code/MacOS_Utilities/Modelr/v3
    

SwiftCompile normal arm64 Compiling\ EditorViewModel+Gestures.swift /Users/zimengx/Code/MacOS_Utilities/Modelr/v3/ModelrV3/Features/Editor/ViewModels/EditorViewModel+Gestures.swift (in target 'ModelrV3' from project 'ModelrV3')

SwiftCompile normal arm64 /Users/zimengx/Code/MacOS_Utilities/Modelr/v3/ModelrV3/Features/Editor/ViewModels/EditorViewModel+Gestures.swift (in target 'ModelrV3' from project 'ModelrV3')
    cd /Users/zimengx/Code/MacOS_Utilities/Modelr/v3
    

SwiftCompile normal arm64 Compiling\ PythonEnvironmentCoordinator.swift /Users/zimengx/Code/MacOS_Utilities/Modelr/v3/ModelrV3/Core/Services/Python/PythonEnvironmentCoordinator.swift (in target 'ModelrV3' from project 'ModelrV3')

SwiftCompile normal arm64 /Users/zimengx/Code/MacOS_Utilities/Modelr/v3/ModelrV3/Core/Services/Python/PythonEnvironmentCoordinator.swift (in target 'ModelrV3' from project 'ModelrV3')
    cd /Users/zimengx/Code/MacOS_Utilities/Modelr/v3
    

SwiftCompile normal arm64 Compiling\ SimpleEditorViewModel+Setup.swift /Users/zimengx/Code/MacOS_Utilities/Modelr/v3/ModelrV3/Features/Editor/ViewModels/SimpleEditorViewModel+Setup.swift (in target 'ModelrV3' from project 'ModelrV3')

SwiftCompile normal arm64 /Users/zimengx/Code/MacOS_Utilities/Modelr/v3/ModelrV3/Features/Editor/ViewModels/SimpleEditorViewModel+Setup.swift (in target 'ModelrV3' from project 'ModelrV3')
    cd /Users/zimengx/Code/MacOS_Utilities/Modelr/v3
    
/Users/zimengx/Code/MacOS_Utilities/Modelr/v3/ModelrV3/Features/Editor/ViewModels/SimpleEditorViewModel+Setup.swift:27:39: warning: backward matching of the unlabeled trailing closure is deprecated; label the argument with 'logUpdate' to suppress this warning
        let success = await env.setup { [weak self] status in
                                      ^
                                     (logUpdate: 
/Users/zimengx/Code/MacOS_Utilities/Modelr/v3/ModelrV3/Core/Services/Python/PythonEnvironmentCoordinator.swift:73:10: note: 'setup(modelChoice:statusUpdate:logUpdate:)' declared here
    func setup(modelChoice: SetupModelChoice = .fast, statusUpdate: ((String) -> Void)? = nil, logUpdate: ((String) -> Void)? = nil) async -> Bool {
         ^
/Users/zimengx/Code/MacOS_Utilities/Modelr/v3/ModelrV3/Features/Editor/ViewModels/SimpleEditorViewModel+Setup.swift:39:37: warning: result of call to 'run(resultType:body:)' is unused
                    await MainActor.run {
                                    ^   ~

SwiftCompile normal arm64 Compiling\ SimpleEditorViewModel.swift /Users/zimengx/Code/MacOS_Utilities/Modelr/v3/ModelrV3/Features/Editor/ViewModels/SimpleEditorViewModel.swift (in target 'ModelrV3' from project 'ModelrV3')

SwiftCompile normal arm64 /Users/zimengx/Code/MacOS_Utilities/Modelr/v3/ModelrV3/Features/Editor/ViewModels/SimpleEditorViewModel.swift (in target 'ModelrV3' from project 'ModelrV3')
    cd /Users/zimengx/Code/MacOS_Utilities/Modelr/v3
    

SwiftCompile normal arm64 Compiling\ SimpleEditorViewModel+Generation.swift /Users/zimengx/Code/MacOS_Utilities/Modelr/v3/ModelrV3/Features/Editor/ViewModels/SimpleEditorViewModel+Generation.swift (in target 'ModelrV3' from project 'ModelrV3')

SwiftCompile normal arm64 /Users/zimengx/Code/MacOS_Utilities/Modelr/v3/ModelrV3/Features/Editor/ViewModels/SimpleEditorViewModel+Generation.swift (in target 'ModelrV3' from project 'ModelrV3')
    cd /Users/zimengx/Code/MacOS_Utilities/Modelr/v3
    

SwiftDriverJobDiscovery normal arm64 Compiling BaseEditorViewModel.swift (in target 'ModelrV3' from project 'ModelrV3')

SwiftDriverJobDiscovery normal arm64 Compiling SetupManager.swift (in target 'ModelrV3' from project 'ModelrV3')

SwiftDriverJobDiscovery normal arm64 Compiling EditorViewModel+Preprocessing.swift (in target 'ModelrV3' from project 'ModelrV3')

SwiftDriverJobDiscovery normal arm64 Compiling PythonEnvironmentCoordinator.swift (in target 'ModelrV3' from project 'ModelrV3')

SwiftDriverJobDiscovery normal arm64 Compiling EditorSidebar.swift (in target 'ModelrV3' from project 'ModelrV3')

SwiftDriverJobDiscovery normal arm64 Compiling SimpleEditorViewModel+Generation.swift (in target 'ModelrV3' from project 'ModelrV3')

SwiftDriverJobDiscovery normal arm64 Compiling SimpleEditorViewModel+Segmentation.swift (in target 'ModelrV3' from project 'ModelrV3')

SwiftDriverJobDiscovery normal arm64 Compiling SimpleEditorView.swift (in target 'ModelrV3' from project 'ModelrV3')

SwiftDriverJobDiscovery normal arm64 Compiling SimpleEditorViewModel+Setup.swift (in target 'ModelrV3' from project 'ModelrV3')

SwiftDriverJobDiscovery normal arm64 Compiling SimpleEditorViewModel.swift (in target 'ModelrV3' from project 'ModelrV3')

SwiftDriverJobDiscovery normal arm64 Compiling EditorViewModel+Gestures.swift (in target 'ModelrV3' from project 'ModelrV3')

SwiftDriverJobDiscovery normal arm64 Compiling EditorViewModel.swift (in target 'ModelrV3' from project 'ModelrV3')

SwiftDriverJobDiscovery normal arm64 Compiling SimpleEditorSidebar.swift (in target 'ModelrV3' from project 'ModelrV3')

SwiftDriver\ Compilation ModelrV3 normal arm64 com.apple.xcode.tools.swift.compiler (in target 'ModelrV3' from project 'ModelrV3')
    cd /Users/zimengx/Code/MacOS_Utilities/Modelr/v3
    builtin-Swift-Compilation -- /Applications/Xcode-26.2.0.app/Contents/Developer/Toolchains/XcodeDefault.xctoolchain/usr/bin/swiftc -module-name ModelrV3 -Onone -enforce-exclusivity\=checked @/Users/zimengx/Code/MacOS_Utilities/Modelr/v3/build/Build/Intermediates.noindex/ModelrV3.build/Debug/ModelrV3.build/Objects-normal/arm64/ModelrV3.SwiftFileList -DDEBUG -enable-bare-slash-regex -enable-experimental-feature DebugDescriptionMacro -sdk /Applications/Xcode-26.2.0.app/Contents/Developer/Platforms/MacOSX.platform/Developer/SDKs/MacOSX26.2.sdk -target arm64-apple-macos14.0 -g -module-cache-path /Users/zimengx/Code/MacOS_Utilities/Modelr/v3/build/ModuleCache.noindex -Xfrontend -serialize-debugging-options -profile-coverage-mapping -profile-generate -enable-testing -index-store-path /Users/zimengx/Code/MacOS_Utilities/Modelr/v3/build/Index.noindex/DataStore -Xcc -D_LIBCPP_HARDENING_MODE\=_LIBCPP_HARDENING_MODE_DEBUG -swift-version 5 -I /Users/zimengx/Code/MacOS_Utilities/Modelr/v3/build/Build/Products/Debug -F /Users/zimengx/Code/MacOS_Utilities/Modelr/v3/build/Build/Products/Debug -c -j16 -enable-batch-mode -incremental -Xcc -ivfsstatcache -Xcc /Users/zimengx/Code/MacOS_Utilities/Modelr/v3/build/SDKStatCaches.noindex/macosx26.2-25C57-8e261bc56bcf93cdf4ad792911627a89.sdkstatcache -output-file-map /Users/zimengx/Code/MacOS_Utilities/Modelr/v3/build/Build/Intermediates.noindex/ModelrV3.build/Debug/ModelrV3.build/Objects-normal/arm64/ModelrV3-OutputFileMap.json -use-frontend-parseable-output -save-temps -no-color-diagnostics -explicit-module-build -module-cache-path /Users/zimengx/Code/MacOS_Utilities/Modelr/v3/build/Build/Intermediates.noindex/SwiftExplicitPrecompiledModules -clang-scanner-module-cache-path /Users/zimengx/Code/MacOS_Utilities/Modelr/v3/build/ModuleCache.noindex -sdk-module-cache-path /Users/zimengx/Code/MacOS_Utilities/Modelr/v3/build/ModuleCache.noindex -serialize-diagnostics -emit-dependencies -emit-module -emit-module-path /Users/zimengx/Code/MacOS_Utilities/Modelr/v3/build/Build/Intermediates.noindex/ModelrV3.build/Debug/ModelrV3.build/Objects-normal/arm64/ModelrV3.swiftmodule -validate-clang-modules-once -clang-build-session-file /Users/zimengx/Code/MacOS_Utilities/Modelr/v3/build/ModuleCache.noindex/Session.modulevalidation -Xcc -I/Users/zimengx/Code/MacOS_Utilities/Modelr/v3/build/Build/Intermediates.noindex/ModelrV3.build/Debug/ModelrV3.build/swift-overrides.hmap -emit-const-values -Xfrontend -const-gather-protocols-file -Xfrontend /Users/zimengx/Code/MacOS_Utilities/Modelr/v3/build/Build/Intermediates.noindex/ModelrV3.build/Debug/ModelrV3.build/Objects-normal/arm64/ModelrV3_const_extract_protocols.json -Xcc -iquote -Xcc /Users/zimengx/Code/MacOS_Utilities/Modelr/v3/build/Build/Intermediates.noindex/ModelrV3.build/Debug/ModelrV3.build/ModelrV3-generated-files.hmap -Xcc -I/Users/zimengx/Code/MacOS_Utilities/Modelr/v3/build/Build/Intermediates.noindex/ModelrV3.build/Debug/ModelrV3.build/ModelrV3-own-target-headers.hmap -Xcc -I/Users/zimengx/Code/MacOS_Utilities/Modelr/v3/build/Build/Intermediates.noindex/ModelrV3.build/Debug/ModelrV3.build/ModelrV3-all-target-headers.hmap -Xcc -iquote -Xcc /Users/zimengx/Code/MacOS_Utilities/Modelr/v3/build/Build/Intermediates.noindex/ModelrV3.build/Debug/ModelrV3.build/ModelrV3-project-headers.hmap -Xcc -I/Users/zimengx/Code/MacOS_Utilities/Modelr/v3/build/Build/Products/Debug/include -Xcc -I/Users/zimengx/Code/MacOS_Utilities/Modelr/v3/build/Build/Intermediates.noindex/ModelrV3.build/Debug/ModelrV3.build/DerivedSources-normal/arm64 -Xcc -I/Users/zimengx/Code/MacOS_Utilities/Modelr/v3/build/Build/Intermediates.noindex/ModelrV3.build/Debug/ModelrV3.build/DerivedSources/arm64 -Xcc -I/Users/zimengx/Code/MacOS_Utilities/Modelr/v3/build/Build/Intermediates.noindex/ModelrV3.build/Debug/ModelrV3.build/DerivedSources -Xcc -DDEBUG\=1 -emit-objc-header -emit-objc-header-path /Users/zimengx/Code/MacOS_Utilities/Modelr/v3/build/Build/Intermediates.noindex/ModelrV3.build/Debug/ModelrV3.build/Objects-normal/arm64/ModelrV3-Swift.h -working-directory /Users/zimengx/Code/MacOS_Utilities/Modelr/v3 -experimental-emit-module-separately -disable-cmo

SwiftDriverJobDiscovery normal arm64 Emitting module for ModelrV3 (in target 'ModelrV3' from project 'ModelrV3')

SwiftDriver\ Compilation\ Requirements ModelrV3 normal arm64 com.apple.xcode.tools.swift.compiler (in target 'ModelrV3' from project 'ModelrV3')
    cd /Users/zimengx/Code/MacOS_Utilities/Modelr/v3
    builtin-Swift-Compilation-Requirements -- /Applications/Xcode-26.2.0.app/Contents/Developer/Toolchains/XcodeDefault.xctoolchain/usr/bin/swiftc -module-name ModelrV3 -Onone -enforce-exclusivity\=checked @/Users/zimengx/Code/MacOS_Utilities/Modelr/v3/build/Build/Intermediates.noindex/ModelrV3.build/Debug/ModelrV3.build/Objects-normal/arm64/ModelrV3.SwiftFileList -DDEBUG -enable-bare-slash-regex -enable-experimental-feature DebugDescriptionMacro -sdk /Applications/Xcode-26.2.0.app/Contents/Developer/Platforms/MacOSX.platform/Developer/SDKs/MacOSX26.2.sdk -target arm64-apple-macos14.0 -g -module-cache-path /Users/zimengx/Code/MacOS_Utilities/Modelr/v3/build/ModuleCache.noindex -Xfrontend -serialize-debugging-options -profile-coverage-mapping -profile-generate -enable-testing -index-store-path /Users/zimengx/Code/MacOS_Utilities/Modelr/v3/build/Index.noindex/DataStore -Xcc -D_LIBCPP_HARDENING_MODE\=_LIBCPP_HARDENING_MODE_DEBUG -swift-version 5 -I /Users/zimengx/Code/MacOS_Utilities/Modelr/v3/build/Build/Products/Debug -F /Users/zimengx/Code/MacOS_Utilities/Modelr/v3/build/Build/Products/Debug -c -j16 -enable-batch-mode -incremental -Xcc -ivfsstatcache -Xcc /Users/zimengx/Code/MacOS_Utilities/Modelr/v3/build/SDKStatCaches.noindex/macosx26.2-25C57-8e261bc56bcf93cdf4ad792911627a89.sdkstatcache -output-file-map /Users/zimengx/Code/MacOS_Utilities/Modelr/v3/build/Build/Intermediates.noindex/ModelrV3.build/Debug/ModelrV3.build/Objects-normal/arm64/ModelrV3-OutputFileMap.json -use-frontend-parseable-output -save-temps -no-color-diagnostics -explicit-module-build -module-cache-path /Users/zimengx/Code/MacOS_Utilities/Modelr/v3/build/Build/Intermediates.noindex/SwiftExplicitPrecompiledModules -clang-scanner-module-cache-path /Users/zimengx/Code/MacOS_Utilities/Modelr/v3/build/ModuleCache.noindex -sdk-module-cache-path /Users/zimengx/Code/MacOS_Utilities/Modelr/v3/build/ModuleCache.noindex -serialize-diagnostics -emit-dependencies -emit-module -emit-module-path /Users/zimengx/Code/MacOS_Utilities/Modelr/v3/build/Build/Intermediates.noindex/ModelrV3.build/Debug/ModelrV3.build/Objects-normal/arm64/ModelrV3.swiftmodule -validate-clang-modules-once -clang-build-session-file /Users/zimengx/Code/MacOS_Utilities/Modelr/v3/build/ModuleCache.noindex/Session.modulevalidation -Xcc -I/Users/zimengx/Code/MacOS_Utilities/Modelr/v3/build/Build/Intermediates.noindex/ModelrV3.build/Debug/ModelrV3.build/swift-overrides.hmap -emit-const-values -Xfrontend -const-gather-protocols-file -Xfrontend /Users/zimengx/Code/MacOS_Utilities/Modelr/v3/build/Build/Intermediates.noindex/ModelrV3.build/Debug/ModelrV3.build/Objects-normal/arm64/ModelrV3_const_extract_protocols.json -Xcc -iquote -Xcc /Users/zimengx/Code/MacOS_Utilities/Modelr/v3/build/Build/Intermediates.noindex/ModelrV3.build/Debug/ModelrV3.build/ModelrV3-generated-files.hmap -Xcc -I/Users/zimengx/Code/MacOS_Utilities/Modelr/v3/build/Build/Intermediates.noindex/ModelrV3.build/Debug/ModelrV3.build/ModelrV3-own-target-headers.hmap -Xcc -I/Users/zimengx/Code/MacOS_Utilities/Modelr/v3/build/Build/Intermediates.noindex/ModelrV3.build/Debug/ModelrV3.build/ModelrV3-all-target-headers.hmap -Xcc -iquote -Xcc /Users/zimengx/Code/MacOS_Utilities/Modelr/v3/build/Build/Intermediates.noindex/ModelrV3.build/Debug/ModelrV3.build/ModelrV3-project-headers.hmap -Xcc -I/Users/zimengx/Code/MacOS_Utilities/Modelr/v3/build/Build/Products/Debug/include -Xcc -I/Users/zimengx/Code/MacOS_Utilities/Modelr/v3/build/Build/Intermediates.noindex/ModelrV3.build/Debug/ModelrV3.build/DerivedSources-normal/arm64 -Xcc -I/Users/zimengx/Code/MacOS_Utilities/Modelr/v3/build/Build/Intermediates.noindex/ModelrV3.build/Debug/ModelrV3.build/DerivedSources/arm64 -Xcc -I/Users/zimengx/Code/MacOS_Utilities/Modelr/v3/build/Build/Intermediates.noindex/ModelrV3.build/Debug/ModelrV3.build/DerivedSources -Xcc -DDEBUG\=1 -emit-objc-header -emit-objc-header-path /Users/zimengx/Code/MacOS_Utilities/Modelr/v3/build/Build/Intermediates.noindex/ModelrV3.build/Debug/ModelrV3.build/Objects-normal/arm64/ModelrV3-Swift.h -working-directory /Users/zimengx/Code/MacOS_Utilities/Modelr/v3 -experimental-emit-module-separately -disable-cmo

Copy /Users/zimengx/Code/MacOS_Utilities/Modelr/v3/build/Build/Products/Debug/ModelrV3.swiftmodule/arm64-apple-macos.swiftmodule /Users/zimengx/Code/MacOS_Utilities/Modelr/v3/build/Build/Intermediates.noindex/ModelrV3.build/Debug/ModelrV3.build/Objects-normal/arm64/ModelrV3.swiftmodule (in target 'ModelrV3' from project 'ModelrV3')
    cd /Users/zimengx/Code/MacOS_Utilities/Modelr/v3
    builtin-copy -exclude .DS_Store -exclude CVS -exclude .svn -exclude .git -exclude .hg -resolve-src-symlinks -rename /Users/zimengx/Code/MacOS_Utilities/Modelr/v3/build/Build/Intermediates.noindex/ModelrV3.build/Debug/ModelrV3.build/Objects-normal/arm64/ModelrV3.swiftmodule /Users/zimengx/Code/MacOS_Utilities/Modelr/v3/build/Build/Products/Debug/ModelrV3.swiftmodule/arm64-apple-macos.swiftmodule

Copy /Users/zimengx/Code/MacOS_Utilities/Modelr/v3/build/Build/Products/Debug/ModelrV3.swiftmodule/Project/arm64-apple-macos.swiftsourceinfo /Users/zimengx/Code/MacOS_Utilities/Modelr/v3/build/Build/Intermediates.noindex/ModelrV3.build/Debug/ModelrV3.build/Objects-normal/arm64/ModelrV3.swiftsourceinfo (in target 'ModelrV3' from project 'ModelrV3')
    cd /Users/zimengx/Code/MacOS_Utilities/Modelr/v3
    builtin-copy -exclude .DS_Store -exclude CVS -exclude .svn -exclude .git -exclude .hg -resolve-src-symlinks -rename /Users/zimengx/Code/MacOS_Utilities/Modelr/v3/build/Build/Intermediates.noindex/ModelrV3.build/Debug/ModelrV3.build/Objects-normal/arm64/ModelrV3.swiftsourceinfo /Users/zimengx/Code/MacOS_Utilities/Modelr/v3/build/Build/Products/Debug/ModelrV3.swiftmodule/Project/arm64-apple-macos.swiftsourceinfo

Copy /Users/zimengx/Code/MacOS_Utilities/Modelr/v3/build/Build/Products/Debug/ModelrV3.swiftmodule/arm64-apple-macos.abi.json /Users/zimengx/Code/MacOS_Utilities/Modelr/v3/build/Build/Intermediates.noindex/ModelrV3.build/Debug/ModelrV3.build/Objects-normal/arm64/ModelrV3.abi.json (in target 'ModelrV3' from project 'ModelrV3')
    cd /Users/zimengx/Code/MacOS_Utilities/Modelr/v3
    builtin-copy -exclude .DS_Store -exclude CVS -exclude .svn -exclude .git -exclude .hg -resolve-src-symlinks -rename /Users/zimengx/Code/MacOS_Utilities/Modelr/v3/build/Build/Intermediates.noindex/ModelrV3.build/Debug/ModelrV3.build/Objects-normal/arm64/ModelrV3.abi.json /Users/zimengx/Code/MacOS_Utilities/Modelr/v3/build/Build/Products/Debug/ModelrV3.swiftmodule/arm64-apple-macos.abi.json

Ld /Users/zimengx/Code/MacOS_Utilities/Modelr/v3/build/Build/Products/Debug/ModelrV3.app/Contents/MacOS/ModelrV3.debug.dylib normal (in target 'ModelrV3' from project 'ModelrV3')
    cd /Users/zimengx/Code/MacOS_Utilities/Modelr/v3
    /Applications/Xcode-26.2.0.app/Contents/Developer/Toolchains/XcodeDefault.xctoolchain/usr/bin/clang -Xlinker -reproducible -target arm64-apple-macos14.0 -dynamiclib -isysroot /Applications/Xcode-26.2.0.app/Contents/Developer/Platforms/MacOSX.platform/Developer/SDKs/MacOSX26.2.sdk -O0 -L/Users/zimengx/Code/MacOS_Utilities/Modelr/v3/build/Build/Intermediates.noindex/EagerLinkingTBDs/Debug -L/Users/zimengx/Code/MacOS_Utilities/Modelr/v3/build/Build/Products/Debug -F/Users/zimengx/Code/MacOS_Utilities/Modelr/v3/build/Build/Intermediates.noindex/EagerLinkingTBDs/Debug -F/Users/zimengx/Code/MacOS_Utilities/Modelr/v3/build/Build/Products/Debug -filelist /Users/zimengx/Code/MacOS_Utilities/Modelr/v3/build/Build/Intermediates.noindex/ModelrV3.build/Debug/ModelrV3.build/Objects-normal/arm64/ModelrV3.LinkFileList -install_name @rpath/ModelrV3.debug.dylib -Xlinker -rpath -Xlinker /usr/lib/swift -Xlinker -rpath -Xlinker @executable_path/../Frameworks -Xlinker -object_path_lto -Xlinker /Users/zimengx/Code/MacOS_Utilities/Modelr/v3/build/Build/Intermediates.noindex/ModelrV3.build/Debug/ModelrV3.build/Objects-normal/arm64/ModelrV3_lto.o -rdynamic -Xlinker -no_deduplicate -Xlinker -debug_variant -Xlinker -dependency_info -Xlinker /Users/zimengx/Code/MacOS_Utilities/Modelr/v3/build/Build/Intermediates.noindex/ModelrV3.build/Debug/ModelrV3.build/Objects-normal/arm64/ModelrV3_dependency_info.dat -fobjc-link-runtime -fprofile-instr-generate -L/Applications/Xcode-26.2.0.app/Contents/Developer/Toolchains/XcodeDefault.xctoolchain/usr/lib/swift/macosx -L/usr/lib/swift -Xlinker -add_ast_path -Xlinker /Users/zimengx/Code/MacOS_Utilities/Modelr/v3/build/Build/Intermediates.noindex/ModelrV3.build/Debug/ModelrV3.build/Objects-normal/arm64/ModelrV3.swiftmodule @/Users/zimengx/Code/MacOS_Utilities/Modelr/v3/build/Build/Intermediates.noindex/ModelrV3.build/Debug/ModelrV3.build/Objects-normal/arm64/ModelrV3-linker-args.resp -Xlinker -alias -Xlinker _main -Xlinker ___debug_main_executable_dylib_entry_point -Xlinker -no_adhoc_codesign -o /Users/zimengx/Code/MacOS_Utilities/Modelr/v3/build/Build/Products/Debug/ModelrV3.app/Contents/MacOS/ModelrV3.debug.dylib

ConstructStubExecutorLinkFileList /Users/zimengx/Code/MacOS_Utilities/Modelr/v3/build/Build/Intermediates.noindex/ModelrV3.build/Debug/ModelrV3.build/ModelrV3-ExecutorLinkFileList-normal-arm64.txt (in target 'ModelrV3' from project 'ModelrV3')
    cd /Users/zimengx/Code/MacOS_Utilities/Modelr/v3
    construct-stub-executor-link-file-list /Users/zimengx/Code/MacOS_Utilities/Modelr/v3/build/Build/Products/Debug/ModelrV3.app/Contents/MacOS/ModelrV3.debug.dylib /Applications/Xcode-26.2.0.app/Contents/Developer/Platforms/MacOSX.platform/Developer/usr/lib/libPreviewsJITStubExecutor_no_swift_entry_point.a /Applications/Xcode-26.2.0.app/Contents/Developer/Platforms/MacOSX.platform/Developer/usr/lib/libPreviewsJITStubExecutor.a --output /Users/zimengx/Code/MacOS_Utilities/Modelr/v3/build/Build/Intermediates.noindex/ModelrV3.build/Debug/ModelrV3.build/ModelrV3-ExecutorLinkFileList-normal-arm64.txt
note: Using stub executor library with Swift entry point. (in target 'ModelrV3' from project 'ModelrV3')

Ld /Users/zimengx/Code/MacOS_Utilities/Modelr/v3/build/Build/Products/Debug/ModelrV3.app/Contents/MacOS/ModelrV3 normal (in target 'ModelrV3' from project 'ModelrV3')
    cd /Users/zimengx/Code/MacOS_Utilities/Modelr/v3
    /Applications/Xcode-26.2.0.app/Contents/Developer/Toolchains/XcodeDefault.xctoolchain/usr/bin/clang -Xlinker -reproducible -target arm64-apple-macos14.0 -isysroot /Applications/Xcode-26.2.0.app/Contents/Developer/Platforms/MacOSX.platform/Developer/SDKs/MacOSX26.2.sdk -O0 -L/Users/zimengx/Code/MacOS_Utilities/Modelr/v3/build/Build/Products/Debug -F/Users/zimengx/Code/MacOS_Utilities/Modelr/v3/build/Build/Products/Debug -Xlinker -rpath -Xlinker @executable_path -Xlinker -rpath -Xlinker @executable_path/../Frameworks -rdynamic -Xlinker -no_deduplicate -Xlinker -debug_variant -e ___debug_blank_executor_main -Xlinker -sectcreate -Xlinker __TEXT -Xlinker __debug_dylib -Xlinker /Users/zimengx/Code/MacOS_Utilities/Modelr/v3/build/Build/Intermediates.noindex/ModelrV3.build/Debug/ModelrV3.build/ModelrV3-DebugDylibPath-normal-arm64.txt -Xlinker -sectcreate -Xlinker __TEXT -Xlinker __debug_instlnm -Xlinker /Users/zimengx/Code/MacOS_Utilities/Modelr/v3/build/Build/Intermediates.noindex/ModelrV3.build/Debug/ModelrV3.build/ModelrV3-DebugDylibInstallName-normal-arm64.txt -Xlinker -filelist -Xlinker /Users/zimengx/Code/MacOS_Utilities/Modelr/v3/build/Build/Intermediates.noindex/ModelrV3.build/Debug/ModelrV3.build/ModelrV3-ExecutorLinkFileList-normal-arm64.txt /Users/zimengx/Code/MacOS_Utilities/Modelr/v3/build/Build/Products/Debug/ModelrV3.app/Contents/MacOS/ModelrV3.debug.dylib -Xlinker -no_adhoc_codesign -o /Users/zimengx/Code/MacOS_Utilities/Modelr/v3/build/Build/Products/Debug/ModelrV3.app/Contents/MacOS/ModelrV3

ExtractAppIntentsMetadata (in target 'ModelrV3' from project 'ModelrV3')
    cd /Users/zimengx/Code/MacOS_Utilities/Modelr/v3
    /Applications/Xcode-26.2.0.app/Contents/Developer/Toolchains/XcodeDefault.xctoolchain/usr/bin/appintentsmetadataprocessor --toolchain-dir /Applications/Xcode-26.2.0.app/Contents/Developer/Toolchains/XcodeDefault.xctoolchain --module-name ModelrV3 --sdk-root /Applications/Xcode-26.2.0.app/Contents/Developer/Platforms/MacOSX.platform/Developer/SDKs/MacOSX26.2.sdk --xcode-version 17C52 --platform-family macOS --deployment-target 14.0 --bundle-identifier com.antigravity.ModelrV3 --output /Users/zimengx/Code/MacOS_Utilities/Modelr/v3/build/Build/Products/Debug/ModelrV3.app/Contents/Resources --target-triple arm64-apple-macos14.0 --binary-file /Users/zimengx/Code/MacOS_Utilities/Modelr/v3/build/Build/Products/Debug/ModelrV3.app/Contents/MacOS/ModelrV3 --dependency-file /Users/zimengx/Code/MacOS_Utilities/Modelr/v3/build/Build/Intermediates.noindex/ModelrV3.build/Debug/ModelrV3.build/Objects-normal/arm64/ModelrV3_dependency_info.dat --stringsdata-file /Users/zimengx/Code/MacOS_Utilities/Modelr/v3/build/Build/Intermediates.noindex/ModelrV3.build/Debug/ModelrV3.build/Objects-normal/arm64/ExtractedAppShortcutsMetadata.stringsdata --source-file-list /Users/zimengx/Code/MacOS_Utilities/Modelr/v3/build/Build/Intermediates.noindex/ModelrV3.build/Debug/ModelrV3.build/Objects-normal/arm64/ModelrV3.SwiftFileList --metadata-file-list /Users/zimengx/Code/MacOS_Utilities/Modelr/v3/build/Build/Intermediates.noindex/ModelrV3.build/Debug/ModelrV3.build/ModelrV3.DependencyMetadataFileList --static-metadata-file-list /Users/zimengx/Code/MacOS_Utilities/Modelr/v3/build/Build/Intermediates.noindex/ModelrV3.build/Debug/ModelrV3.build/ModelrV3.DependencyStaticMetadataFileList --swift-const-vals-list /Users/zimengx/Code/MacOS_Utilities/Modelr/v3/build/Build/Intermediates.noindex/ModelrV3.build/Debug/ModelrV3.build/Objects-normal/arm64/ModelrV3.SwiftConstValuesFileList --compile-time-extraction --deployment-aware-processing --validate-assistant-intents --no-app-shortcuts-localization
2026-01-04 19:43:36.087 appintentsmetadataprocessor[4173:10511260] Starting appintentsmetadataprocessor export
2026-01-04 19:43:36.088 appintentsmetadataprocessor[4173:10511260] warning: Metadata extraction skipped. No AppIntents.framework dependency found.

CopySwiftLibs /Users/zimengx/Code/MacOS_Utilities/Modelr/v3/build/Build/Products/Debug/ModelrV3.app (in target 'ModelrV3' from project 'ModelrV3')
    cd /Users/zimengx/Code/MacOS_Utilities/Modelr/v3
    builtin-swiftStdLibTool --copy --verbose --sign - --scan-executable /Users/zimengx/Code/MacOS_Utilities/Modelr/v3/build/Build/Products/Debug/ModelrV3.app/Contents/MacOS/ModelrV3.debug.dylib --scan-folder /Users/zimengx/Code/MacOS_Utilities/Modelr/v3/build/Build/Products/Debug/ModelrV3.app/Contents/Frameworks --scan-folder /Users/zimengx/Code/MacOS_Utilities/Modelr/v3/build/Build/Products/Debug/ModelrV3.app/Contents/PlugIns --scan-folder /Users/zimengx/Code/MacOS_Utilities/Modelr/v3/build/Build/Products/Debug/ModelrV3.app/Contents/Library/SystemExtensions --scan-folder /Users/zimengx/Code/MacOS_Utilities/Modelr/v3/build/Build/Products/Debug/ModelrV3.app/Contents/Extensions --platform macosx --toolchain /Applications/Xcode-26.2.0.app/Contents/Developer/Toolchains/XcodeDefault.xctoolchain --destination /Users/zimengx/Code/MacOS_Utilities/Modelr/v3/build/Build/Products/Debug/ModelrV3.app/Contents/Frameworks --strip-bitcode --strip-bitcode-tool /Applications/Xcode-26.2.0.app/Contents/Developer/Toolchains/XcodeDefault.xctoolchain/usr/bin/bitcode_strip --emit-dependency-info /Users/zimengx/Code/MacOS_Utilities/Modelr/v3/build/Build/Intermediates.noindex/ModelrV3.build/Debug/ModelrV3.build/SwiftStdLibToolInputDependencies.dep --filter-for-swift-os --back-deploy-swift-span

ProcessInfoPlistFile /Users/zimengx/Code/MacOS_Utilities/Modelr/v3/build/Build/Products/Debug/ModelrV3.app/Contents/Info.plist /Users/zimengx/Code/MacOS_Utilities/Modelr/v3/build/Build/Intermediates.noindex/ModelrV3.build/Debug/ModelrV3.build/empty-ModelrV3.plist (in target 'ModelrV3' from project 'ModelrV3')
    cd /Users/zimengx/Code/MacOS_Utilities/Modelr/v3
    builtin-infoPlistUtility /Users/zimengx/Code/MacOS_Utilities/Modelr/v3/build/Build/Intermediates.noindex/ModelrV3.build/Debug/ModelrV3.build/empty-ModelrV3.plist -producttype com.apple.product-type.application -genpkginfo /Users/zimengx/Code/MacOS_Utilities/Modelr/v3/build/Build/Products/Debug/ModelrV3.app/Contents/PkgInfo -expandbuildsettings -platform macosx -o /Users/zimengx/Code/MacOS_Utilities/Modelr/v3/build/Build/Products/Debug/ModelrV3.app/Contents/Info.plist

CodeSign /Users/zimengx/Code/MacOS_Utilities/Modelr/v3/build/Build/Products/Debug/ModelrV3.app/Contents/MacOS/ModelrV3.debug.dylib (in target 'ModelrV3' from project 'ModelrV3')
    cd /Users/zimengx/Code/MacOS_Utilities/Modelr/v3
    
    Signing Identity:     "Sign to Run Locally"
    
    /usr/bin/codesign --force --sign - --timestamp\=none --generate-entitlement-der /Users/zimengx/Code/MacOS_Utilities/Modelr/v3/build/Build/Products/Debug/ModelrV3.app/Contents/MacOS/ModelrV3.debug.dylib

CodeSign /Users/zimengx/Code/MacOS_Utilities/Modelr/v3/build/Build/Products/Debug/ModelrV3.app/Contents/MacOS/__preview.dylib (in target 'ModelrV3' from project 'ModelrV3')
    cd /Users/zimengx/Code/MacOS_Utilities/Modelr/v3
    
    Signing Identity:     "Sign to Run Locally"
    
    /usr/bin/codesign --force --sign - --timestamp\=none --generate-entitlement-der /Users/zimengx/Code/MacOS_Utilities/Modelr/v3/build/Build/Products/Debug/ModelrV3.app/Contents/MacOS/__preview.dylib
/Users/zimengx/Code/MacOS_Utilities/Modelr/v3/build/Build/Products/Debug/ModelrV3.app/Contents/MacOS/__preview.dylib: replacing existing signature

CodeSign /Users/zimengx/Code/MacOS_Utilities/Modelr/v3/build/Build/Products/Debug/ModelrV3.app (in target 'ModelrV3' from project 'ModelrV3')
    cd /Users/zimengx/Code/MacOS_Utilities/Modelr/v3
    
    Signing Identity:     "Sign to Run Locally"
    
    /usr/bin/codesign --force --sign - --entitlements /Users/zimengx/Code/MacOS_Utilities/Modelr/v3/build/Build/Intermediates.noindex/ModelrV3.build/Debug/ModelrV3.build/ModelrV3.app.xcent --timestamp\=none --generate-entitlement-der /Users/zimengx/Code/MacOS_Utilities/Modelr/v3/build/Build/Products/Debug/ModelrV3.app

Validate /Users/zimengx/Code/MacOS_Utilities/Modelr/v3/build/Build/Products/Debug/ModelrV3.app (in target 'ModelrV3' from project 'ModelrV3')
    cd /Users/zimengx/Code/MacOS_Utilities/Modelr/v3
    builtin-validationUtility /Users/zimengx/Code/MacOS_Utilities/Modelr/v3/build/Build/Products/Debug/ModelrV3.app -no-validate-extension -infoplist-subpath Contents/Info.plist

RegisterWithLaunchServices /Users/zimengx/Code/MacOS_Utilities/Modelr/v3/build/Build/Products/Debug/ModelrV3.app (in target 'ModelrV3' from project 'ModelrV3')
    cd /Users/zimengx/Code/MacOS_Utilities/Modelr/v3
    /System/Library/Frameworks/CoreServices.framework/Versions/Current/Frameworks/LaunchServices.framework/Versions/Current/Support/lsregister -f -R -trusted /Users/zimengx/Code/MacOS_Utilities/Modelr/v3/build/Build/Products/Debug/ModelrV3.app

note: Disabling hardened runtime with ad-hoc codesigning. (in target 'ModelrV3' from project 'ModelrV3')
** BUILD SUCCEEDED **

